OpenROAD b16bda7e82721d10566ff7e2b68f1ff0be9f9e38 
Features included (+) or not (-): +Charts +GPU +GUI +Python
This program is licensed under the BSD-3 license. See the LICENSE file for details.
Components of this program may be licensed under more restrictive licenses which must be honored.
define_corners Typical
read_liberty -corner Typical /home/ceyda/pdks/sky130A/libs.ref/sky130_fd_sc_hd/lib/sky130_fd_sc_hd__tt_025C_1v80.lib
Using 1e-12 for capacitance...
Using 1e+03 for resistance...
Using 1e-09 for time...
Using 1e+00 for voltage...
Using 1e-03 for current...
Using 1e-09 for power...
Using 1e-06 for distance...
[INFO]: Reading ODB at '/openlane/designs/project6/runs/RUN_2025.06.17_11.57.59/tmp/16-TopCPU.odb'…
Reading design constraints file at '/openlane/scripts/base.sdc'…
[INFO]: Setting output delay to: 2.0
[INFO]: Setting input delay to: 2.0
[INFO]: Setting load to: 0.033442
[INFO]: Setting clock uncertainty to: 0.25
[INFO]: Setting clock transition to: 0.15
[INFO]: Setting timing derate to: 5.0 %
[INFO]: Setting signal min routing layer to: met1 and clock min routing layer to met3. 
[INFO]: Setting signal max routing layer to: met5 and clock max routing layer to met5. 
-congestion_iterations 50 -verbose -congestion_report_file /openlane/designs/project6/runs/RUN_2025.06.17_11.57.59/tmp/routing/groute-congestion.rpt -allow_congestion
[INFO GRT-0020] Min routing layer: met1
[INFO GRT-0021] Max routing layer: met5
[INFO GRT-0022] Global adjustment: 30%
[INFO GRT-0023] Grid origin: (0, 0)
[INFO GRT-0043] No OR_DEFAULT vias defined.
[INFO GRT-0088] Layer li1     Track-Pitch = 0.4600  line-2-Via Pitch: 0.3400
[INFO GRT-0088] Layer met1    Track-Pitch = 0.3400  line-2-Via Pitch: 0.3400
[INFO GRT-0088] Layer met2    Track-Pitch = 0.4600  line-2-Via Pitch: 0.3500
[INFO GRT-0088] Layer met3    Track-Pitch = 0.6800  line-2-Via Pitch: 0.6150
[INFO GRT-0088] Layer met4    Track-Pitch = 0.9200  line-2-Via Pitch: 1.0400
[INFO GRT-0088] Layer met5    Track-Pitch = 3.4000  line-2-Via Pitch: 3.1100
[INFO GRT-0019] Found 87 clock nets.
[INFO GRT-0001] Minimum degree: 2
[INFO GRT-0002] Maximum degree: 18
[INFO GRT-0003] Macros: 0
[INFO GRT-0043] No OR_DEFAULT vias defined.
[INFO GRT-0004] Blockages: 6737

[INFO GRT-0053] Routing resources analysis:
          Routing      Original      Derated      Resource
Layer     Direction    Resources     Resources    Reduction (%)
---------------------------------------------------------------
li1        Vertical            0             0          0.00%
met1       Horizontal      55632         27068          51.34%
met2       Vertical        42710         27564          35.46%
met3       Horizontal      27816         18820          32.34%
met4       Vertical        17227          8720          49.38%
met5       Horizontal       5546          2184          60.62%
---------------------------------------------------------------

[INFO GRT-0101] Running extra iterations to remove overflow.
[INFO GRT-0103] Extra Run for hard benchmark.
[INFO GRT-0197] Via related to pin nodes: 20882
[INFO GRT-0198] Via related Steiner nodes: 1419
[INFO GRT-0199] Via filling finished.
[INFO GRT-0111] Final number of vias: 52413
[INFO GRT-0112] Final usage 3D: 291909
[WARNING GRT-0115] Global routing finished with overflow.

[INFO GRT-0096] Final congestion report:
Layer         Resource        Demand        Usage (%)    Max H / Max V / Total Overflow
---------------------------------------------------------------------------------------
li1                  0         16450            0.00%             2 / 20 / 16450
met1             27068         35940          132.78%            13 /  3 / 10244
met2             27564         45473          164.97%             1 / 19 / 18938
met3             18820         21505          114.27%             9 /  2 / 5031
met4              8720         13012          149.22%             1 / 10 / 5264
met5              2184          2290          104.85%             3 /  1 / 516
---------------------------------------------------------------------------------------
Total            84356        134670          159.64%            29 / 55 / 56443

[INFO GRT-0018] Total wirelength: 1143309 um
[INFO GRT-0014] Routed nets: 2952
[INFO GRT-0006] Repairing antennas, iteration 1.
[INFO GRT-0043] No OR_DEFAULT vias defined.
[INFO GRT-0012] Found 669 antenna violations.
[INFO GRT-0015] Inserted 984 diodes.
[INFO GRT-0054] Using detailed placer to place 10 diodes.
[INFO GRT-0009] rerouting 2468 nets.
[INFO GRT-0001] Minimum degree: 2
[INFO GRT-0002] Maximum degree: 18
[INFO GRT-0006] Repairing antennas, iteration 2.
[INFO GRT-0043] No OR_DEFAULT vias defined.
[INFO GRT-0012] Found 194 antenna violations.
[INFO GRT-0015] Inserted 296 diodes.
[INFO GRT-0054] Using detailed placer to place 2 diodes.
[INFO GRT-0009] rerouting 1288 nets.
[INFO GRT-0001] Minimum degree: 2
[INFO GRT-0002] Maximum degree: 19
[INFO GRT-0006] Repairing antennas, iteration 3.
[INFO GRT-0043] No OR_DEFAULT vias defined.
[INFO GRT-0012] Found 75 antenna violations.
[INFO GRT-0015] Inserted 103 diodes.
[INFO GRT-0009] rerouting 300 nets.
[INFO GRT-0001] Minimum degree: 2
[INFO GRT-0002] Maximum degree: 20
[INFO GRT-0006] Repairing antennas, iteration 4.
[INFO GRT-0043] No OR_DEFAULT vias defined.
[INFO GRT-0012] Found 22 antenna violations.
[INFO GRT-0015] Inserted 31 diodes.
[INFO GRT-0009] rerouting 62 nets.
[INFO GRT-0001] Minimum degree: 3
[INFO GRT-0002] Maximum degree: 20
[INFO GRT-0006] Repairing antennas, iteration 5.
[INFO GRT-0043] No OR_DEFAULT vias defined.
[INFO GRT-0012] Found 12 antenna violations.
[INFO GRT-0015] Inserted 14 diodes.
[INFO GRT-0009] rerouting 23 nets.
[INFO GRT-0001] Minimum degree: 2
[INFO GRT-0002] Maximum degree: 21
[INFO GRT-0006] Repairing antennas, iteration 6.
[INFO GRT-0043] No OR_DEFAULT vias defined.
[INFO GRT-0012] Found 11 antenna violations.
[INFO GRT-0015] Inserted 13 diodes.
[INFO GRT-0009] rerouting 18 nets.
[INFO GRT-0001] Minimum degree: 6
[INFO GRT-0002] Maximum degree: 21
[INFO GRT-0006] Repairing antennas, iteration 7.
[INFO GRT-0043] No OR_DEFAULT vias defined.
[INFO GRT-0012] Found 9 antenna violations.
[INFO GRT-0015] Inserted 10 diodes.
[INFO GRT-0009] rerouting 15 nets.
[INFO GRT-0001] Minimum degree: 8
[INFO GRT-0002] Maximum degree: 22
[INFO GRT-0006] Repairing antennas, iteration 8.
[INFO GRT-0043] No OR_DEFAULT vias defined.
[INFO GRT-0012] Found 7 antenna violations.
[INFO GRT-0015] Inserted 11 diodes.
[INFO GRT-0009] rerouting 16 nets.
[INFO GRT-0001] Minimum degree: 3
[INFO GRT-0002] Maximum degree: 22
[INFO GRT-0006] Repairing antennas, iteration 9.
[INFO GRT-0043] No OR_DEFAULT vias defined.
[INFO GRT-0012] Found 3 antenna violations.
[INFO GRT-0015] Inserted 3 diodes.
[INFO GRT-0009] rerouting 4 nets.
[INFO GRT-0001] Minimum degree: 12
[INFO GRT-0002] Maximum degree: 23
[INFO GRT-0006] Repairing antennas, iteration 10.
[INFO GRT-0043] No OR_DEFAULT vias defined.
[INFO GRT-0012] Found 2 antenna violations.
[INFO GRT-0015] Inserted 12 diodes.
[INFO GRT-0009] rerouting 21 nets.
[INFO GRT-0001] Minimum degree: 2
[INFO GRT-0002] Maximum degree: 22
[INFO GRT-0006] Repairing antennas, iteration 11.
[INFO GRT-0043] No OR_DEFAULT vias defined.
[INFO GRT-0012] Found 2 antenna violations.
[INFO GRT-0015] Inserted 2 diodes.
[INFO GRT-0009] rerouting 6 nets.
[INFO GRT-0001] Minimum degree: 8
[INFO GRT-0002] Maximum degree: 23
[INFO GRT-0006] Repairing antennas, iteration 12.
[INFO GRT-0043] No OR_DEFAULT vias defined.
[INFO GRT-0012] Found 0 antenna violations.
Placement Analysis
---------------------------------
total displacement          0.0 u
average displacement        0.0 u
max displacement            0.0 u
original HPWL          835825.0 u
legalized HPWL         835825.0 u
delta HPWL                    0 %

[INFO DPL-0020] Mirrored 2142 instances
[INFO DPL-0021] HPWL before          835825.0 u
[INFO DPL-0022] HPWL after           832192.2 u
[INFO DPL-0023] HPWL delta               -0.4 %
[INFO]: Setting signal min routing layer to: met1 and clock min routing layer to met3. 
[INFO]: Setting signal max routing layer to: met5 and clock max routing layer to met5. 
-congestion_iterations 50 -verbose -congestion_report_file /openlane/designs/project6/runs/RUN_2025.06.17_11.57.59/tmp/routing/groute-congestion.rpt -allow_congestion
[INFO GRT-0020] Min routing layer: met1
[INFO GRT-0021] Max routing layer: met5
[INFO GRT-0022] Global adjustment: 30%
[INFO GRT-0023] Grid origin: (0, 0)
[INFO GRT-0043] No OR_DEFAULT vias defined.
[INFO GRT-0088] Layer li1     Track-Pitch = 0.4600  line-2-Via Pitch: 0.3400
[INFO GRT-0088] Layer met1    Track-Pitch = 0.3400  line-2-Via Pitch: 0.3400
[INFO GRT-0088] Layer met2    Track-Pitch = 0.4600  line-2-Via Pitch: 0.3500
[INFO GRT-0088] Layer met3    Track-Pitch = 0.6800  line-2-Via Pitch: 0.6150
[INFO GRT-0088] Layer met4    Track-Pitch = 0.9200  line-2-Via Pitch: 1.0400
[INFO GRT-0088] Layer met5    Track-Pitch = 3.4000  line-2-Via Pitch: 3.1100
[INFO GRT-0019] Found 87 clock nets.
[INFO GRT-0001] Minimum degree: 2
[INFO GRT-0002] Maximum degree: 23
[INFO GRT-0003] Macros: 0
[INFO GRT-0043] No OR_DEFAULT vias defined.
[INFO GRT-0004] Blockages: 6737

[INFO GRT-0053] Routing resources analysis:
          Routing      Original      Derated      Resource
Layer     Direction    Resources     Resources    Reduction (%)
---------------------------------------------------------------
li1        Vertical            0             0          0.00%
met1       Horizontal      55632         27070          51.34%
met2       Vertical        42710         27564          35.46%
met3       Horizontal      27816         18818          32.35%
met4       Vertical        17227          8720          49.38%
met5       Horizontal       5546          2184          60.62%
---------------------------------------------------------------

[INFO GRT-0101] Running extra iterations to remove overflow.
[INFO GRT-0103] Extra Run for hard benchmark.
[INFO GRT-0197] Via related to pin nodes: 22176
[INFO GRT-0198] Via related Steiner nodes: 1558
[INFO GRT-0199] Via filling finished.
[INFO GRT-0111] Final number of vias: 54389
[INFO GRT-0112] Final usage 3D: 298182
[WARNING GRT-0115] Global routing finished with overflow.

[INFO GRT-0096] Final congestion report:
Layer         Resource        Demand        Usage (%)    Max H / Max V / Total Overflow
---------------------------------------------------------------------------------------
li1                  0         17128            0.00%             2 / 20 / 17128
met1             27070         36231          133.84%            12 /  2 / 10570
met2             27564         44884          162.84%             1 / 21 / 18393
met3             18818         21409          113.77%             9 /  2 / 4835
met4              8720         12992          148.99%             1 /  9 / 5203
met5              2184          2371          108.56%             3 /  1 / 590
---------------------------------------------------------------------------------------
Total            84356        135015          160.05%            28 / 55 / 56719

[INFO GRT-0018] Total wirelength: 1154376 um
[INFO GRT-0014] Routed nets: 2952
Setting global connections for newly added cells…
Writing OpenROAD database to '/openlane/designs/project6/runs/RUN_2025.06.17_11.57.59/tmp/routing/18-global.odb'…
Writing layout to '/openlane/designs/project6/runs/RUN_2025.06.17_11.57.59/tmp/routing/18-global.def'…
Writing routing guides to '/openlane/designs/project6/runs/RUN_2025.06.17_11.57.59/tmp/routing/18-global.guide'…
