OpenROAD b16bda7e82721d10566ff7e2b68f1ff0be9f9e38 
Features included (+) or not (-): +Charts +GPU +GUI +Python
This program is licensed under the BSD-3 license. See the LICENSE file for details.
Components of this program may be licensed under more restrictive licenses which must be honored.
define_corners Typical
read_liberty -corner Typical /home/ceyda/pdks/sky130A/libs.ref/sky130_fd_sc_hd/lib/sky130_fd_sc_hd__tt_025C_1v80.lib
Using 1e-12 for capacitance...
Using 1e+03 for resistance...
Using 1e-09 for time...
Using 1e+00 for voltage...
Using 1e-03 for current...
Using 1e-09 for power...
Using 1e-06 for distance...
[INFO]: Reading ODB at '/openlane/designs/project6/runs/RUN_2025.06.17_11.57.59/tmp/routing/21-fill.odb'…
Reading design constraints file at '/openlane/scripts/base.sdc'…
[INFO]: Setting output delay to: 2.0
[INFO]: Setting input delay to: 2.0
[INFO]: Setting load to: 0.033442
[INFO]: Setting clock uncertainty to: 0.25
[INFO]: Setting clock transition to: 0.15
[INFO]: Setting timing derate to: 5.0 %
[INFO ORD-0030] Using 2 thread(s).
[INFO DRT-0149] Reading tech and libs.
[WARNING DRT-0349] LEF58_ENCLOSURE with no CUTCLASS is not supported. Skipping for layer mcon
[WARNING DRT-0349] LEF58_ENCLOSURE with no CUTCLASS is not supported. Skipping for layer mcon
[WARNING DRT-0349] LEF58_ENCLOSURE with no CUTCLASS is not supported. Skipping for layer via
[WARNING DRT-0349] LEF58_ENCLOSURE with no CUTCLASS is not supported. Skipping for layer via
[WARNING DRT-0349] LEF58_ENCLOSURE with no CUTCLASS is not supported. Skipping for layer via2
[WARNING DRT-0349] LEF58_ENCLOSURE with no CUTCLASS is not supported. Skipping for layer via2
[WARNING DRT-0349] LEF58_ENCLOSURE with no CUTCLASS is not supported. Skipping for layer via3
[WARNING DRT-0349] LEF58_ENCLOSURE with no CUTCLASS is not supported. Skipping for layer via3
[WARNING DRT-0349] LEF58_ENCLOSURE with no CUTCLASS is not supported. Skipping for layer via4
[WARNING DRT-0349] LEF58_ENCLOSURE with no CUTCLASS is not supported. Skipping for layer via4

Units:                1000
Number of layers:     13
Number of macros:     441
Number of vias:       29
Number of viarulegen: 25

[INFO DRT-0150] Reading design.

Design:                   TopCPU
Die area:                 ( 0 0 ) ( 300000 450000 )
Number of track patterns: 12
Number of DEF vias:       0
Number of components:     16447
Number of terminals:      12
Number of snets:          2
Number of nets:           2952

[INFO DRT-0167] List of default vias:
  Layer via
    default via: M1M2_PR
  Layer via2
    default via: M2M3_PR
  Layer via3
    default via: M3M4_PR
  Layer via4
    default via: M4M5_PR
[INFO DRT-0162] Library cell analysis.
[INFO DRT-0163] Instance analysis.
[INFO DRT-0164] Number of unique instances = 436.
[INFO DRT-0168] Init region query.
[INFO DRT-0024]   Complete FR_MASTERSLICE.
[INFO DRT-0024]   Complete Fr_VIA.
[INFO DRT-0024]   Complete li1.
[INFO DRT-0024]   Complete mcon.
[INFO DRT-0024]   Complete met1.
[INFO DRT-0024]   Complete via.
[INFO DRT-0024]   Complete met2.
[INFO DRT-0024]   Complete via2.
[INFO DRT-0024]   Complete met3.
[INFO DRT-0024]   Complete via3.
[INFO DRT-0024]   Complete met4.
[INFO DRT-0024]   Complete via4.
[INFO DRT-0024]   Complete met5.
[INFO DRT-0033] FR_MASTERSLICE shape region query size = 0.
[INFO DRT-0033] FR_VIA shape region query size = 0.
[INFO DRT-0033] li1 shape region query size = 161394.
[INFO DRT-0033] mcon shape region query size = 82344.
[INFO DRT-0033] met1 shape region query size = 38959.
[INFO DRT-0033] via shape region query size = 9480.
[INFO DRT-0033] met2 shape region query size = 5688.
[INFO DRT-0033] via2 shape region query size = 7584.
[INFO DRT-0033] met3 shape region query size = 5698.
[INFO DRT-0033] via3 shape region query size = 7584.
[INFO DRT-0033] met4 shape region query size = 2352.
[INFO DRT-0033] via4 shape region query size = 408.
[INFO DRT-0033] met5 shape region query size = 476.
[INFO DRT-0165] Start pin access.
[INFO DRT-0076]   Complete 1000 pins.
[INFO DRT-0078]   Complete 1560 pins.
[INFO DRT-0079]   Complete 100 unique inst patterns.
[INFO DRT-0079]   Complete 200 unique inst patterns.
[INFO DRT-0079]   Complete 300 unique inst patterns.
[INFO DRT-0079]   Complete 400 unique inst patterns.
[INFO DRT-0081]   Complete 418 unique inst patterns.
[INFO DRT-0084]   Complete 3895 groups.
#scanned instances     = 16447
#unique  instances     = 436
#stdCellGenAp          = 12094
#stdCellValidPlanarAp  = 82
#stdCellValidViaAp     = 8913
#stdCellPinNoAp        = 0
#stdCellPinCnt         = 9176
#instTermValidViaApCnt = 0
#macroGenAp            = 0
#macroValidPlanarAp    = 0
#macroValidViaAp       = 0
#macroNoAp             = 0
[INFO DRT-0166] Complete pin access.
[INFO DRT-0267] cpu time = 00:01:11, elapsed time = 00:00:34, memory = 170.76 (MB), peak = 170.76 (MB)

Number of guides:     77558

[INFO DRT-0169] Post process guides.
[INFO DRT-0176] GCELLGRID X 0 DO 43 STEP 6900 ;
[INFO DRT-0177] GCELLGRID Y 0 DO 65 STEP 6900 ;
[INFO DRT-0028]   Complete FR_MASTERSLICE.
[INFO DRT-0028]   Complete Fr_VIA.
[INFO DRT-0028]   Complete li1.
[INFO DRT-0028]   Complete mcon.
[INFO DRT-0028]   Complete met1.
[INFO DRT-0028]   Complete via.
[INFO DRT-0028]   Complete met2.
[INFO DRT-0028]   Complete via2.
[INFO DRT-0028]   Complete met3.
[INFO DRT-0028]   Complete via3.
[INFO DRT-0028]   Complete met4.
[INFO DRT-0028]   Complete via4.
[INFO DRT-0028]   Complete met5.
[INFO DRT-1000] Pin _4875_/RESET_B not in any guide. Attempting to patch guides to cover (at least part of) the pin.
[WARNING DRT-0225] _0427_ 1 pin not visited, fall back to feedthrough mode.
[WARNING DRT-0225] _0476_ 4 pin not visited, fall back to feedthrough mode.
[WARNING DRT-0225] _0491_ 1 pin not visited, fall back to feedthrough mode.
[WARNING DRT-0225] _0503_ 2 pin not visited, fall back to feedthrough mode.
[WARNING DRT-0225] _0577_ 2 pin not visited, fall back to feedthrough mode.
[WARNING DRT-0225] _0614_ 1 pin not visited, fall back to feedthrough mode.
[WARNING DRT-0225] _0820_ 1 pin not visited, fall back to feedthrough mode.
[WARNING DRT-0225] _0921_ 1 pin not visited, fall back to feedthrough mode.
[WARNING DRT-0225] _0985_ 2 pin not visited, fall back to feedthrough mode.
[WARNING DRT-0225] _0994_ 3 pin not visited, fall back to feedthrough mode.
[WARNING DRT-0225] _1091_ 1 pin not visited, fall back to feedthrough mode.
[WARNING DRT-0225] _1172_ 3 pin not visited, fall back to feedthrough mode.
[WARNING DRT-0225] _1185_ 2 pin not visited, fall back to feedthrough mode.
[WARNING DRT-0225] _1248_ 1 pin not visited, fall back to feedthrough mode.
[WARNING DRT-0225] _1271_ 1 pin not visited, fall back to feedthrough mode.
[WARNING DRT-0225] _1364_ 1 pin not visited, fall back to feedthrough mode.
[WARNING DRT-0225] _1396_ 3 pin not visited, fall back to feedthrough mode.
[WARNING DRT-0225] _1406_ 1 pin not visited, fall back to feedthrough mode.
[WARNING DRT-0225] _1419_ 1 pin not visited, fall back to feedthrough mode.
[WARNING DRT-0225] _1462_ 1 pin not visited, fall back to feedthrough mode.
[WARNING DRT-0225] _1485_ 1 pin not visited, fall back to feedthrough mode.
[WARNING DRT-0225] _1559_ 2 pin not visited, fall back to feedthrough mode.
[WARNING DRT-0225] _1621_ 1 pin not visited, fall back to feedthrough mode.
[WARNING DRT-0225] _1679_ 3 pin not visited, fall back to feedthrough mode.
[WARNING DRT-0225] _1691_ 2 pin not visited, fall back to feedthrough mode.
[WARNING DRT-0225] _1704_ 2 pin not visited, fall back to feedthrough mode.
[WARNING DRT-0225] _1719_ 1 pin not visited, fall back to feedthrough mode.
[WARNING DRT-0225] _1904_ 1 pin not visited, fall back to feedthrough mode.
[WARNING DRT-0225] _2145_ 2 pin not visited, fall back to feedthrough mode.
[WARNING DRT-0225] _2208_ 1 pin not visited, fall back to feedthrough mode.
[WARNING DRT-0225] cpu_inst.rf.registers\[0\]\[1\] 1 pin not visited, fall back to feedthrough mode.
[WARNING DRT-0225] cpu_inst.rf.registers\[0\]\[4\] 1 pin not visited, fall back to feedthrough mode.
[WARNING DRT-0225] cpu_inst.rf.registers\[16\]\[10\] 2 pin not visited, fall back to feedthrough mode.
[WARNING DRT-0225] cpu_inst.rf.registers\[17\]\[27\] 1 pin not visited, fall back to feedthrough mode.
[WARNING DRT-0225] cpu_inst.rf.registers\[17\]\[5\] 2 pin not visited, fall back to feedthrough mode.
[WARNING DRT-0225] cpu_inst.rf.registers\[17\]\[9\] 1 pin not visited, fall back to feedthrough mode.
[WARNING DRT-0225] cpu_inst.rf.registers\[18\]\[18\] 1 pin not visited, fall back to feedthrough mode.
[WARNING DRT-0225] cpu_inst.rf.registers\[18\]\[1\] 2 pin not visited, fall back to feedthrough mode.
[WARNING DRT-0225] cpu_inst.rf.registers\[18\]\[29\] 1 pin not visited, fall back to feedthrough mode.
[WARNING DRT-0225] cpu_inst.rf.registers\[24\]\[27\] 2 pin not visited, fall back to feedthrough mode.
[WARNING DRT-0225] cpu_inst.rf.registers\[24\]\[3\] 6 pin not visited, fall back to feedthrough mode.
[WARNING DRT-0225] cpu_inst.rf.registers\[24\]\[4\] 2 pin not visited, fall back to feedthrough mode.
[WARNING DRT-0225] cpu_inst.rf.registers\[29\]\[15\] 1 pin not visited, fall back to feedthrough mode.
[WARNING DRT-0225] cpu_inst.rf.registers\[31\]\[26\] 3 pin not visited, fall back to feedthrough mode.
[WARNING DRT-0225] cpu_inst.rf.registers\[31\]\[29\] 1 pin not visited, fall back to feedthrough mode.
[WARNING DRT-0225] cpu_inst.rf.registers\[3\]\[13\] 1 pin not visited, fall back to feedthrough mode.
[WARNING DRT-0225] cpu_inst.rf.registers\[4\]\[26\] 2 pin not visited, fall back to feedthrough mode.
[WARNING DRT-0225] cpu_inst.rf.registers\[6\]\[22\] 3 pin not visited, fall back to feedthrough mode.
[WARNING DRT-0225] net1 3 pin not visited, fall back to feedthrough mode.
[WARNING DRT-0225] net102 1 pin not visited, fall back to feedthrough mode.
[WARNING DRT-0225] net187 4 pin not visited, fall back to feedthrough mode.
[INFO DRT-0178] Init guide query.
[INFO DRT-0035]   Complete FR_MASTERSLICE (guide).
[INFO DRT-0035]   Complete Fr_VIA (guide).
[INFO DRT-0035]   Complete li1 (guide).
[INFO DRT-0035]   Complete mcon (guide).
[INFO DRT-0035]   Complete met1 (guide).
[INFO DRT-0035]   Complete via (guide).
[INFO DRT-0035]   Complete met2 (guide).
[INFO DRT-0035]   Complete via2 (guide).
[INFO DRT-0035]   Complete met3 (guide).
[INFO DRT-0035]   Complete via3 (guide).
[INFO DRT-0035]   Complete met4 (guide).
[INFO DRT-0035]   Complete via4 (guide).
[INFO DRT-0035]   Complete met5 (guide).
[INFO DRT-0036] FR_MASTERSLICE guide region query size = 0.
[INFO DRT-0036] FR_VIA guide region query size = 0.
[INFO DRT-0036] li1 guide region query size = 11794.
[INFO DRT-0036] mcon guide region query size = 0.
[INFO DRT-0036] met1 guide region query size = 16158.
[INFO DRT-0036] via guide region query size = 0.
[INFO DRT-0036] met2 guide region query size = 13362.
[INFO DRT-0036] via2 guide region query size = 0.
[INFO DRT-0036] met3 guide region query size = 5869.
[INFO DRT-0036] via3 guide region query size = 0.
[INFO DRT-0036] met4 guide region query size = 2184.
[INFO DRT-0036] via4 guide region query size = 0.
[INFO DRT-0036] met5 guide region query size = 313.
[INFO DRT-0179] Init gr pin query.
[INFO DRT-0245] skipped writing guide updates to database.
[INFO DRT-0185] Post process initialize RPin region query.
[INFO DRT-0181] Start track assignment.
[INFO DRT-0184] Done with 27340 vertical wires in 1 frboxes and 22340 horizontal wires in 2 frboxes.
[INFO DRT-0186] Done with 18584 vertical wires in 1 frboxes and 14482 horizontal wires in 2 frboxes.
[INFO DRT-0182] Complete track assignment.
[INFO DRT-0267] cpu time = 00:00:14, elapsed time = 00:00:13, memory = 281.22 (MB), peak = 281.22 (MB)
[INFO DRT-0187] Start routing data preparation.
[INFO DRT-0267] cpu time = 00:00:00, elapsed time = 00:00:00, memory = 281.22 (MB), peak = 281.22 (MB)
[INFO DRT-0194] Start detail routing.
[INFO DRT-0195] Start 0th optimization iteration.
