OpenROAD b16bda7e82721d10566ff7e2b68f1ff0be9f9e38 
Features included (+) or not (-): +Charts +GPU +GUI +Python
This program is licensed under the BSD-3 license. See the LICENSE file for details.
Components of this program may be licensed under more restrictive licenses which must be honored.
define_corners Typical
read_liberty -corner Typical /home/ceyda/pdks/sky130A/libs.ref/sky130_fd_sc_hd/lib/sky130_fd_sc_hd__tt_025C_1v80.lib
Using 1e-12 for capacitance...
Using 1e+03 for resistance...
Using 1e-09 for time...
Using 1e+00 for voltage...
Using 1e-03 for current...
Using 1e-09 for power...
Using 1e-06 for distance...
[INFO]: Reading ODB at '/openlane/designs/zero_to_five/runs/RUN_2025.05.21_19.34.50/tmp/routing/21-fill.odb'…
Reading design constraints file at '/openlane/scripts/base.sdc'…
[INFO]: Setting output delay to: 2.0
[INFO]: Setting input delay to: 2.0
[INFO]: Setting load to: 0.033442
[INFO]: Setting clock uncertainty to: 0.25
[INFO]: Setting clock transition to: 0.15
[INFO]: Setting timing derate to: 5.0 %
[INFO ORD-0030] Using 2 thread(s).
[INFO DRT-0149] Reading tech and libs.
[WARNING DRT-0349] LEF58_ENCLOSURE with no CUTCLASS is not supported. Skipping for layer mcon
[WARNING DRT-0349] LEF58_ENCLOSURE with no CUTCLASS is not supported. Skipping for layer mcon
[WARNING DRT-0349] LEF58_ENCLOSURE with no CUTCLASS is not supported. Skipping for layer via
[WARNING DRT-0349] LEF58_ENCLOSURE with no CUTCLASS is not supported. Skipping for layer via
[WARNING DRT-0349] LEF58_ENCLOSURE with no CUTCLASS is not supported. Skipping for layer via2
[WARNING DRT-0349] LEF58_ENCLOSURE with no CUTCLASS is not supported. Skipping for layer via2
[WARNING DRT-0349] LEF58_ENCLOSURE with no CUTCLASS is not supported. Skipping for layer via3
[WARNING DRT-0349] LEF58_ENCLOSURE with no CUTCLASS is not supported. Skipping for layer via3
[WARNING DRT-0349] LEF58_ENCLOSURE with no CUTCLASS is not supported. Skipping for layer via4
[WARNING DRT-0349] LEF58_ENCLOSURE with no CUTCLASS is not supported. Skipping for layer via4

Units:                1000
Number of layers:     13
Number of macros:     441
Number of vias:       29
Number of viarulegen: 25

[INFO DRT-0150] Reading design.

Design:                   ZeroToFiveCounter
Die area:                 ( 0 0 ) ( 100000 150000 )
Number of track patterns: 12
Number of DEF vias:       0
Number of components:     1382
Number of terminals:      19
Number of snets:          2
Number of nets:           225

[INFO DRT-0167] List of default vias:
  Layer via
    default via: M1M2_PR
  Layer via2
    default via: M2M3_PR
  Layer via3
    default via: M3M4_PR
  Layer via4
    default via: M4M5_PR
[INFO DRT-0162] Library cell analysis.
[INFO DRT-0163] Instance analysis.
[INFO DRT-0164] Number of unique instances = 120.
[INFO DRT-0168] Init region query.
[INFO DRT-0024]   Complete FR_MASTERSLICE.
[INFO DRT-0024]   Complete Fr_VIA.
[INFO DRT-0024]   Complete li1.
[INFO DRT-0024]   Complete mcon.
[INFO DRT-0024]   Complete met1.
[INFO DRT-0024]   Complete via.
[INFO DRT-0024]   Complete met2.
[INFO DRT-0024]   Complete via2.
[INFO DRT-0024]   Complete met3.
[INFO DRT-0024]   Complete via3.
[INFO DRT-0024]   Complete met4.
[INFO DRT-0024]   Complete via4.
[INFO DRT-0024]   Complete met5.
[INFO DRT-0033] FR_MASTERSLICE shape region query size = 0.
[INFO DRT-0033] FR_VIA shape region query size = 0.
[INFO DRT-0033] li1 shape region query size = 14534.
[INFO DRT-0033] mcon shape region query size = 10104.
[INFO DRT-0033] met1 shape region query size = 3452.
[INFO DRT-0033] via shape region query size = 960.
[INFO DRT-0033] met2 shape region query size = 586.
[INFO DRT-0033] via2 shape region query size = 768.
[INFO DRT-0033] met3 shape region query size = 583.
[INFO DRT-0033] via3 shape region query size = 768.
[INFO DRT-0033] met4 shape region query size = 248.
[INFO DRT-0033] via4 shape region query size = 40.
[INFO DRT-0033] met5 shape region query size = 60.
[INFO DRT-0165] Start pin access.
[INFO DRT-0078]   Complete 344 pins.
[INFO DRT-0079]   Complete 100 unique inst patterns.
[INFO DRT-0081]   Complete 102 unique inst patterns.
[INFO DRT-0084]   Complete 207 groups.
#scanned instances     = 1382
#unique  instances     = 120
#stdCellGenAp          = 2840
#stdCellValidPlanarAp  = 44
#stdCellValidViaAp     = 2023
#stdCellPinNoAp        = 0
#stdCellPinCnt         = 702
#instTermValidViaApCnt = 0
#macroGenAp            = 0
#macroValidPlanarAp    = 0
#macroValidViaAp       = 0
#macroNoAp             = 0
[INFO DRT-0166] Complete pin access.
[INFO DRT-0267] cpu time = 00:00:16, elapsed time = 00:00:07, memory = 119.54 (MB), peak = 119.54 (MB)

Number of guides:     2475

[INFO DRT-0169] Post process guides.
[INFO DRT-0176] GCELLGRID X 0 DO 14 STEP 6900 ;
[INFO DRT-0177] GCELLGRID Y 0 DO 21 STEP 6900 ;
[INFO DRT-0028]   Complete FR_MASTERSLICE.
[INFO DRT-0028]   Complete Fr_VIA.
[INFO DRT-0028]   Complete li1.
[INFO DRT-0028]   Complete mcon.
[INFO DRT-0028]   Complete met1.
[INFO DRT-0028]   Complete via.
[INFO DRT-0028]   Complete met2.
[INFO DRT-0028]   Complete via2.
[INFO DRT-0028]   Complete met3.
[INFO DRT-0028]   Complete via3.
[INFO DRT-0028]   Complete met4.
[INFO DRT-0028]   Complete via4.
[INFO DRT-0028]   Complete met5.
[INFO DRT-0178] Init guide query.
[INFO DRT-0035]   Complete FR_MASTERSLICE (guide).
[INFO DRT-0035]   Complete Fr_VIA (guide).
[INFO DRT-0035]   Complete li1 (guide).
[INFO DRT-0035]   Complete mcon (guide).
[INFO DRT-0035]   Complete met1 (guide).
[INFO DRT-0035]   Complete via (guide).
[INFO DRT-0035]   Complete met2 (guide).
[INFO DRT-0035]   Complete via2 (guide).
[INFO DRT-0035]   Complete met3 (guide).
[INFO DRT-0035]   Complete via3 (guide).
[INFO DRT-0035]   Complete met4 (guide).
[INFO DRT-0035]   Complete via4 (guide).
[INFO DRT-0035]   Complete met5 (guide).
[INFO DRT-0036] FR_MASTERSLICE guide region query size = 0.
[INFO DRT-0036] FR_VIA guide region query size = 0.
[INFO DRT-0036] li1 guide region query size = 659.
[INFO DRT-0036] mcon guide region query size = 0.
[INFO DRT-0036] met1 guide region query size = 701.
[INFO DRT-0036] via guide region query size = 0.
[INFO DRT-0036] met2 guide region query size = 467.
[INFO DRT-0036] via2 guide region query size = 0.
[INFO DRT-0036] met3 guide region query size = 76.
[INFO DRT-0036] via3 guide region query size = 0.
[INFO DRT-0036] met4 guide region query size = 32.
[INFO DRT-0036] via4 guide region query size = 0.
[INFO DRT-0036] met5 guide region query size = 0.
[INFO DRT-0179] Init gr pin query.
[INFO DRT-0245] skipped writing guide updates to database.
[INFO DRT-0185] Post process initialize RPin region query.
[INFO DRT-0181] Start track assignment.
[INFO DRT-0184] Done with 1158 vertical wires in 1 frboxes and 777 horizontal wires in 1 frboxes.
[INFO DRT-0186] Done with 199 vertical wires in 1 frboxes and 220 horizontal wires in 1 frboxes.
[INFO DRT-0182] Complete track assignment.
[INFO DRT-0267] cpu time = 00:00:00, elapsed time = 00:00:00, memory = 125.48 (MB), peak = 125.48 (MB)
[INFO DRT-0187] Start routing data preparation.
[INFO DRT-0267] cpu time = 00:00:00, elapsed time = 00:00:00, memory = 125.48 (MB), peak = 125.48 (MB)
[INFO DRT-0194] Start detail routing.
[INFO DRT-0195] Start 0th optimization iteration.
    Completing 10% with 0 violations.
    elapsed time = 00:00:00, memory = 146.39 (MB).
    Completing 20% with 0 violations.
    elapsed time = 00:00:01, memory = 139.14 (MB).
    Completing 30% with 48 violations.
    elapsed time = 00:00:03, memory = 145.63 (MB).
    Completing 40% with 93 violations.
    elapsed time = 00:00:03, memory = 158.70 (MB).
    Completing 50% with 93 violations.
    elapsed time = 00:00:04, memory = 158.70 (MB).
    Completing 60% with 132 violations.
    elapsed time = 00:00:06, memory = 158.98 (MB).
[INFO DRT-0199]   Number of violations = 202.
Viol/Layer         li1   met1   met2   met3
Metal Spacing        1      8     25      0
Min Hole             0      1      0      0
Recheck              0     21     16      1
Short                0     87     42      0
[INFO DRT-0267] cpu time = 00:00:09, elapsed time = 00:00:06, memory = 504.79 (MB), peak = 504.79 (MB)
Total wire length = 22027 um.
Total wire length on LAYER li1 = 0 um.
Total wire length on LAYER met1 = 8473 um.
Total wire length on LAYER met2 = 10948 um.
Total wire length on LAYER met3 = 943 um.
Total wire length on LAYER met4 = 1662 um.
Total wire length on LAYER met5 = 0 um.
Total number of vias = 1897.
Up-via summary (total 1897):

-----------------------
 FR_MASTERSLICE       0
            li1     674
           met1    1069
           met2      93
           met3      61
           met4       0
-----------------------
                   1897


[INFO DRT-0195] Start 1st optimization iteration.
    Completing 10% with 202 violations.
    elapsed time = 00:00:00, memory = 504.79 (MB).
    Completing 20% with 202 violations.
    elapsed time = 00:00:00, memory = 504.79 (MB).
    Completing 30% with 202 violations.
    elapsed time = 00:00:00, memory = 504.79 (MB).
    Completing 40% with 196 violations.
    elapsed time = 00:00:00, memory = 504.79 (MB).
    Completing 50% with 196 violations.
    elapsed time = 00:00:00, memory = 504.79 (MB).
    Completing 60% with 196 violations.
    elapsed time = 00:00:01, memory = 504.79 (MB).
    Completing 70% with 184 violations.
    elapsed time = 00:00:01, memory = 507.11 (MB).
    Completing 80% with 184 violations.
    elapsed time = 00:00:02, memory = 510.91 (MB).
    Completing 90% with 103 violations.
    elapsed time = 00:00:02, memory = 510.91 (MB).
    Completing 100% with 56 violations.
    elapsed time = 00:00:04, memory = 510.91 (MB).
[INFO DRT-0199]   Number of violations = 56.
Viol/Layer        met1   met2
Metal Spacing        6     11
Short               33      6
[INFO DRT-0267] cpu time = 00:00:06, elapsed time = 00:00:05, memory = 513.98 (MB), peak = 513.98 (MB)
Total wire length = 21948 um.
Total wire length on LAYER li1 = 0 um.
Total wire length on LAYER met1 = 8425 um.
Total wire length on LAYER met2 = 10863 um.
Total wire length on LAYER met3 = 945 um.
Total wire length on LAYER met4 = 1713 um.
Total wire length on LAYER met5 = 0 um.
Total number of vias = 1920.
Up-via summary (total 1920):

-----------------------
 FR_MASTERSLICE       0
            li1     674
           met1    1079
           met2     102
           met3      65
           met4       0
-----------------------
                   1920


[INFO DRT-0195] Start 2nd optimization iteration.
    Completing 10% with 56 violations.
    elapsed time = 00:00:00, memory = 513.98 (MB).
    Completing 20% with 56 violations.
    elapsed time = 00:00:00, memory = 513.98 (MB).
    Completing 30% with 56 violations.
    elapsed time = 00:00:00, memory = 513.98 (MB).
    Completing 40% with 66 violations.
    elapsed time = 00:00:00, memory = 513.98 (MB).
    Completing 50% with 66 violations.
    elapsed time = 00:00:00, memory = 513.98 (MB).
    Completing 60% with 66 violations.
    elapsed time = 00:00:01, memory = 513.98 (MB).
    Completing 70% with 68 violations.
    elapsed time = 00:00:01, memory = 513.98 (MB).
    Completing 80% with 68 violations.
    elapsed time = 00:00:04, memory = 514.01 (MB).
    Completing 90% with 58 violations.
    elapsed time = 00:00:04, memory = 514.01 (MB).
    Completing 100% with 53 violations.
    elapsed time = 00:00:05, memory = 514.01 (MB).
[INFO DRT-0199]   Number of violations = 53.
Viol/Layer        met1   met2
Metal Spacing        7     11
Short               25     10
[INFO DRT-0267] cpu time = 00:00:07, elapsed time = 00:00:06, memory = 514.01 (MB), peak = 526.29 (MB)
Total wire length = 21928 um.
Total wire length on LAYER li1 = 0 um.
Total wire length on LAYER met1 = 8438 um.
Total wire length on LAYER met2 = 10831 um.
Total wire length on LAYER met3 = 930 um.
Total wire length on LAYER met4 = 1727 um.
Total wire length on LAYER met5 = 0 um.
Total number of vias = 1921.
Up-via summary (total 1921):

-----------------------
 FR_MASTERSLICE       0
            li1     674
           met1    1089
           met2      91
           met3      67
           met4       0
-----------------------
                   1921


[INFO DRT-0195] Start 3rd optimization iteration.
    Completing 10% with 53 violations.
    elapsed time = 00:00:00, memory = 517.10 (MB).
    Completing 20% with 53 violations.
    elapsed time = 00:00:00, memory = 517.10 (MB).
    Completing 30% with 47 violations.
    elapsed time = 00:00:00, memory = 518.90 (MB).
    Completing 40% with 35 violations.
    elapsed time = 00:00:00, memory = 518.90 (MB).
    Completing 50% with 35 violations.
    elapsed time = 00:00:02, memory = 518.90 (MB).
    Completing 60% with 28 violations.
    elapsed time = 00:00:05, memory = 518.90 (MB).
[INFO DRT-0199]   Number of violations = 6.
Viol/Layer        met1   met2
Short                1      5
[INFO DRT-0267] cpu time = 00:00:06, elapsed time = 00:00:05, memory = 518.90 (MB), peak = 526.29 (MB)
Total wire length = 21897 um.
Total wire length on LAYER li1 = 0 um.
Total wire length on LAYER met1 = 8239 um.
Total wire length on LAYER met2 = 10683 um.
Total wire length on LAYER met3 = 1105 um.
Total wire length on LAYER met4 = 1868 um.
Total wire length on LAYER met5 = 0 um.
Total number of vias = 1972.
Up-via summary (total 1972):

-----------------------
 FR_MASTERSLICE       0
            li1     674
           met1    1095
           met2     121
           met3      82
           met4       0
-----------------------
                   1972


[INFO DRT-0195] Start 4th optimization iteration.
    Completing 10% with 6 violations.
    elapsed time = 00:00:00, memory = 518.90 (MB).
    Completing 20% with 6 violations.
    elapsed time = 00:00:00, memory = 518.90 (MB).
    Completing 30% with 6 violations.
    elapsed time = 00:00:00, memory = 518.90 (MB).
    Completing 40% with 6 violations.
    elapsed time = 00:00:00, memory = 518.90 (MB).
    Completing 50% with 6 violations.
    elapsed time = 00:00:00, memory = 518.90 (MB).
    Completing 60% with 6 violations.
    elapsed time = 00:00:00, memory = 518.90 (MB).
    Completing 70% with 6 violations.
    elapsed time = 00:00:00, memory = 518.90 (MB).
    Completing 80% with 6 violations.
    elapsed time = 00:00:00, memory = 518.90 (MB).
    Completing 90% with 0 violations.
    elapsed time = 00:00:00, memory = 518.90 (MB).
    Completing 100% with 0 violations.
    elapsed time = 00:00:00, memory = 518.90 (MB).
[INFO DRT-0199]   Number of violations = 0.
[INFO DRT-0267] cpu time = 00:00:00, elapsed time = 00:00:00, memory = 518.90 (MB), peak = 526.29 (MB)
Total wire length = 21896 um.
Total wire length on LAYER li1 = 0 um.
Total wire length on LAYER met1 = 8220 um.
Total wire length on LAYER met2 = 10680 um.
Total wire length on LAYER met3 = 1125 um.
Total wire length on LAYER met4 = 1870 um.
Total wire length on LAYER met5 = 0 um.
Total number of vias = 1976.
Up-via summary (total 1976):

-----------------------
 FR_MASTERSLICE       0
            li1     674
           met1    1097
           met2     122
           met3      83
           met4       0
-----------------------
                   1976


[INFO DRT-0198] Complete detail routing.
Total wire length = 21896 um.
Total wire length on LAYER li1 = 0 um.
Total wire length on LAYER met1 = 8220 um.
Total wire length on LAYER met2 = 10680 um.
Total wire length on LAYER met3 = 1125 um.
Total wire length on LAYER met4 = 1870 um.
Total wire length on LAYER met5 = 0 um.
Total number of vias = 1976.
Up-via summary (total 1976):

-----------------------
 FR_MASTERSLICE       0
            li1     674
           met1    1097
           met2     122
           met3      83
           met4       0
-----------------------
                   1976


[INFO DRT-0267] cpu time = 00:00:30, elapsed time = 00:00:23, memory = 518.90 (MB), peak = 526.29 (MB)

[INFO DRT-0180] Post processing.
Setting global connections for newly added cells…
Writing OpenROAD database to '/openlane/designs/zero_to_five/runs/RUN_2025.05.21_19.34.50/results/routing/ZeroToFiveCounter.odb'…
Writing netlist to '/openlane/designs/zero_to_five/runs/RUN_2025.05.21_19.34.50/results/routing/ZeroToFiveCounter.nl.v'…
Writing powered netlist to '/openlane/designs/zero_to_five/runs/RUN_2025.05.21_19.34.50/results/routing/ZeroToFiveCounter.pnl.v'…
Writing layout to '/openlane/designs/zero_to_five/runs/RUN_2025.05.21_19.34.50/results/routing/ZeroToFiveCounter.def'…
