OpenROAD b16bda7e82721d10566ff7e2b68f1ff0be9f9e38 
Features included (+) or not (-): +Charts +GPU +GUI +Python
This program is licensed under the BSD-3 license. See the LICENSE file for details.
Components of this program may be licensed under more restrictive licenses which must be honored.
Top-level design name: ZeroToFiveCounter
Block boundaries: 0 0 100000 150000
Horizontal Tracks Origin: 340, Count: 220, Step: 680
Vertical Tracks Origin: 230, Count: 217, Step: 460
Placement details for the #N side
Virtual pin count:  0
Actual pin count:  2
Total pin count:  2
Tracks count:  217
Tracks per pin:  108
Used tracks count:  109
Unused track count:  108
Starting track index:  54
Placement Map:
[230, 690, 1150, 1610, 2070, 2530, 2990, 3450, 3910, 4370, 4830, 5290, 5750, 6210, 6670, 7130, 7590, 8050, 8510, 8970, 9430, 9890, 10350, 10810, 11270, 11730, 12190, 12650, 13110, 13570, 14030, 14490, 14950, 15410, 15870, 16330, 16790, 17250, 17710, 18170, 18630, 19090, 19550, 20010, 20470, 20930, 21390, 21850, 22310, 22770, 23230, 23690, 24150, 24610, [91m25070[0m, 25530, 25990, 26450, 26910, 27370, 27830, 28290, 28750, 29210, 29670, 30130, 30590, 31050, 31510, 31970, 32430, 32890, 33350, 33810, 34270, 34730, 35190, 35650, 36110, 36570, 37030, 37490, 37950, 38410, 38870, 39330, 39790, 40250, 40710, 41170, 41630, 42090, 42550, 43010, 43470, 43930, 44390, 44850, 45310, 45770, 46230, 46690, 47150, 47610, 48070, 48530, 48990, 49450, 49910, 50370, 50830, 51290, 51750, 52210, 52670, 53130, 53590, 54050, 54510, 54970, 55430, 55890, 56350, 56810, 57270, 57730, 58190, 58650, 59110, 59570, 60030, 60490, 60950, 61410, 61870, 62330, 62790, 63250, 63710, 64170, 64630, 65090, 65550, 66010, 66470, 66930, 67390, 67850, 68310, 68770, 69230, 69690, 70150, 70610, 71070, 71530, 71990, 72450, 72910, 73370, 73830, 74290, [91m74750[0m, 75210, 75670, 76130, 76590, 77050, 77510, 77970, 78430, 78890, 79350, 79810, 80270, 80730, 81190, 81650, 82110, 82570, 83030, 83490, 83950, 84410, 84870, 85330, 85790, 86250, 86710, 87170, 87630, 88090, 88550, 89010, 89470, 89930, 90390, 90850, 91310, 91770, 92230, 92690, 93150, 93610, 94070, 94530, 94990, 95450, 95910, 96370, 96830, 97290, 97750, 98210, 98670, 99130, 99590, ]
Indices of used tracks: [54, 162]
---
Placement details for the #E side
Virtual pin count:  0
Actual pin count:  7
Total pin count:  7
Tracks count:  110
Tracks per pin:  15
Used tracks count:  91
Unused track count:  19
Starting track index:  9
Placement Map:
[340, 1700, 3060, 4420, 5780, 7140, 8500, 9860, 11220, [91m12580[0m, 13940, 15300, 16660, 18020, 19380, 20740, 22100, 23460, 24820, 26180, 27540, 28900, 30260, 31620, [91m32980[0m, 34340, 35700, 37060, 38420, 39780, 41140, 42500, 43860, 45220, 46580, 47940, 49300, 50660, 52020, [91m53380[0m, 54740, 56100, 57460, 58820, 60180, 61540, 62900, 64260, 65620, 66980, 68340, 69700, 71060, 72420, [91m73780[0m, 75140, 76500, 77860, 79220, 80580, 81940, 83300, 84660, 86020, 87380, 88740, 90100, 91460, 92820, [91m94180[0m, 95540, 96900, 98260, 99620, 100980, 102340, 103700, 105060, 106420, 107780, 109140, 110500, 111860, 113220, [91m114580[0m, 115940, 117300, 118660, 120020, 121380, 122740, 124100, 125460, 126820, 128180, 129540, 130900, 132260, 133620, [91m134980[0m, 136340, 137700, 139060, 140420, 141780, 143140, 144500, 145860, 147220, 148580, ]
Indices of used tracks: [9, 24, 39, 54, 69, 84, 99]
---
Placement details for the #S side
Virtual pin count:  0
Actual pin count:  8
Total pin count:  8
Tracks count:  217
Tracks per pin:  27
Used tracks count:  190
Unused track count:  27
Starting track index:  13
Placement Map:
[230, 690, 1150, 1610, 2070, 2530, 2990, 3450, 3910, 4370, 4830, 5290, 5750, [91m6210[0m, 6670, 7130, 7590, 8050, 8510, 8970, 9430, 9890, 10350, 10810, 11270, 11730, 12190, 12650, 13110, 13570, 14030, 14490, 14950, 15410, 15870, 16330, 16790, 17250, 17710, 18170, [91m18630[0m, 19090, 19550, 20010, 20470, 20930, 21390, 21850, 22310, 22770, 23230, 23690, 24150, 24610, 25070, 25530, 25990, 26450, 26910, 27370, 27830, 28290, 28750, 29210, 29670, 30130, 30590, [91m31050[0m, 31510, 31970, 32430, 32890, 33350, 33810, 34270, 34730, 35190, 35650, 36110, 36570, 37030, 37490, 37950, 38410, 38870, 39330, 39790, 40250, 40710, 41170, 41630, 42090, 42550, 43010, [91m43470[0m, 43930, 44390, 44850, 45310, 45770, 46230, 46690, 47150, 47610, 48070, 48530, 48990, 49450, 49910, 50370, 50830, 51290, 51750, 52210, 52670, 53130, 53590, 54050, 54510, 54970, 55430, [91m55890[0m, 56350, 56810, 57270, 57730, 58190, 58650, 59110, 59570, 60030, 60490, 60950, 61410, 61870, 62330, 62790, 63250, 63710, 64170, 64630, 65090, 65550, 66010, 66470, 66930, 67390, 67850, [91m68310[0m, 68770, 69230, 69690, 70150, 70610, 71070, 71530, 71990, 72450, 72910, 73370, 73830, 74290, 74750, 75210, 75670, 76130, 76590, 77050, 77510, 77970, 78430, 78890, 79350, 79810, 80270, [91m80730[0m, 81190, 81650, 82110, 82570, 83030, 83490, 83950, 84410, 84870, 85330, 85790, 86250, 86710, 87170, 87630, 88090, 88550, 89010, 89470, 89930, 90390, 90850, 91310, 91770, 92230, 92690, [91m93150[0m, 93610, 94070, 94530, 94990, 95450, 95910, 96370, 96830, 97290, 97750, 98210, 98670, 99130, 99590, ]
Indices of used tracks: [13, 40, 67, 94, 121, 148, 175, 202]
---
