Wed May 21 19:34:50 +0000 2025 - Executing "{openroad -exit -no_init -python /openlane/scripts/odbpy/lefutil.py get_metal_layers -o /openlane/designs/zero_to_five/runs/RUN_2025.05.21_19.34.50/tmp/layers.list /home/ceyda/pdks/sky130A/libs.ref/sky130_fd_sc_hd/techlef/sky130_fd_sc_hd__nom.tlef}"

Wed May 21 19:34:52 +0000 2025 - Executing "{/openlane/scripts/mergeLef.py -o /openlane/designs/zero_to_five/runs/RUN_2025.05.21_19.34.50/tmp/merged.nom.lef -i /home/ceyda/pdks/sky130A/libs.ref/sky130_fd_sc_hd/techlef/sky130_fd_sc_hd__nom.tlef {/home/ceyda/pdks/sky130A/libs.ref/sky130_fd_sc_hd/lef/sky130_fd_sc_hd.lef /home/ceyda/pdks/sky130A/libs.ref/sky130_fd_sc_hd/lef/sky130_ef_sc_hd.lef} |& tee /dev/null}"

Wed May 21 19:34:52 +0000 2025 - Executing "{/openlane/scripts/mergeLef.py -o /openlane/designs/zero_to_five/runs/RUN_2025.05.21_19.34.50/tmp/merged.min.lef -i /home/ceyda/pdks/sky130A/libs.ref/sky130_fd_sc_hd/techlef/sky130_fd_sc_hd__min.tlef {/home/ceyda/pdks/sky130A/libs.ref/sky130_fd_sc_hd/lef/sky130_fd_sc_hd.lef /home/ceyda/pdks/sky130A/libs.ref/sky130_fd_sc_hd/lef/sky130_ef_sc_hd.lef} |& tee /dev/null}"

Wed May 21 19:34:52 +0000 2025 - Executing "{/openlane/scripts/mergeLef.py -o /openlane/designs/zero_to_five/runs/RUN_2025.05.21_19.34.50/tmp/merged.max.lef -i /home/ceyda/pdks/sky130A/libs.ref/sky130_fd_sc_hd/techlef/sky130_fd_sc_hd__max.tlef {/home/ceyda/pdks/sky130A/libs.ref/sky130_fd_sc_hd/lef/sky130_fd_sc_hd.lef /home/ceyda/pdks/sky130A/libs.ref/sky130_fd_sc_hd/lef/sky130_ef_sc_hd.lef} |& tee /dev/null}"

Wed May 21 19:34:52 +0000 2025 - Executing "{python3 /openlane/scripts/mergeLib.py --output /openlane/designs/zero_to_five/runs/RUN_2025.05.21_19.34.50/tmp/synthesis/merged.lib --name sky130A_merged /home/ceyda/pdks/sky130A/libs.ref/sky130_fd_sc_hd/lib/sky130_fd_sc_hd__tt_025C_1v80.lib}"

Wed May 21 19:34:52 +0000 2025 - Executing "{python3 /openlane/scripts/libtrim.py --cell-file /openlane/designs/zero_to_five/runs/RUN_2025.05.21_19.34.50/tmp/synthesis/trimmed.lib.exclude.list --output /openlane/designs/zero_to_five/runs/RUN_2025.05.21_19.34.50/tmp/synthesis/trimmed.lib /openlane/designs/zero_to_five/runs/RUN_2025.05.21_19.34.50/tmp/synthesis/merged.lib}"

Wed May 21 19:34:53 +0000 2025 - Executing "{python3 /openlane/scripts/libtrim.py --cell-file /openlane/designs/zero_to_five/runs/RUN_2025.05.21_19.34.50/tmp/cts/cts.lib.exclude.list --output /openlane/designs/zero_to_five/runs/RUN_2025.05.21_19.34.50/tmp/cts/cts.lib /home/ceyda/pdks/sky130A/libs.ref/sky130_fd_sc_hd/lib/sky130_fd_sc_hd__tt_025C_1v80.lib}"

Wed May 21 19:34:53 +0000 2025 - Executing "{python3 /openlane/scripts/libtrim.py --cell-file /openlane/designs/zero_to_five/runs/RUN_2025.05.21_19.34.50/tmp/cts/cts-fastest.lib.exclude.list --output /openlane/designs/zero_to_five/runs/RUN_2025.05.21_19.34.50/tmp/cts/cts-fastest.lib /home/ceyda/pdks/sky130A/libs.ref/sky130_fd_sc_hd/lib/sky130_fd_sc_hd__ff_n40C_1v95.lib}"

Wed May 21 19:34:54 +0000 2025 - Executing "{python3 /openlane/scripts/libtrim.py --cell-file /openlane/designs/zero_to_five/runs/RUN_2025.05.21_19.34.50/tmp/cts/cts-slowest.lib.exclude.list --output /openlane/designs/zero_to_five/runs/RUN_2025.05.21_19.34.50/tmp/cts/cts-slowest.lib /home/ceyda/pdks/sky130A/libs.ref/sky130_fd_sc_hd/lib/sky130_fd_sc_hd__ss_100C_1v60.lib}"

Wed May 21 19:34:54 +0000 2025 - Executing "{python3 /openlane/scripts/new_tracks.py -i /home/ceyda/pdks/sky130A/libs.tech/openlane/sky130_fd_sc_hd/tracks.info -o /openlane/designs/zero_to_five/runs/RUN_2025.05.21_19.34.50/tmp/routing/config.tracks}"

Wed May 21 19:34:54 +0000 2025 - Executing "{echo {OpenLane 7ed142f113392ec373761b0908b9899dfaf9d47b} > /openlane/designs/zero_to_five/runs/RUN_2025.05.21_19.34.50/OPENLANE_COMMIT}"

Wed May 21 19:34:54 +0000 2025 - Executing "{yosys -c /openlane/scripts/yosys/blackbox.tcl}"

Wed May 21 19:34:54 +0000 2025 - Executing "{verilator -Wall --lint-only --Wno-DECLFILENAME --top-module ZeroToFiveCounter /openlane/designs/zero_to_five/runs/RUN_2025.05.21_19.34.50/tmp/synthesis/blackbox/sky130_fd_sc_hd__blackbox.v /openlane/designs/zero_to_five/src/zero_to_five.v -Wno-fatal --relative-includes |& tee /openlane/designs/zero_to_five/runs/RUN_2025.05.21_19.34.50/logs/synthesis/linter.log /dev/null}"

Wed May 21 19:34:55 +0000 2025 - Executing "{sed -E {s/^([[:space:]]+)pg_pin(.*)/\1pin\2\n\1    direction : "inout";/g} /home/ceyda/pdks/sky130A/libs.ref/sky130_fd_sc_hd/lib/sky130_fd_sc_hd__tt_025C_1v80.lib > /openlane/designs/zero_to_five/runs/RUN_2025.05.21_19.34.50/tmp/synthesis/1-sky130_fd_sc_hd__tt_025C_1v80.no_pg.lib}"

Wed May 21 19:34:55 +0000 2025 - Executing "{sed -E {s/^([[:space:]]+)pg_pin(.*)/\1pin\2\n\1    direction : "inout";/g} /openlane/designs/zero_to_five/runs/RUN_2025.05.21_19.34.50/tmp/synthesis/trimmed.lib > /openlane/designs/zero_to_five/runs/RUN_2025.05.21_19.34.50/tmp/synthesis/1-trimmed.no_pg.lib}"

Wed May 21 19:34:55 +0000 2025 - Executing "yosys -c /openlane/scripts/yosys/synth.tcl |& tee /dev/null /openlane/designs/zero_to_five/runs/RUN_2025.05.21_19.34.50/logs/synthesis/1-synthesis.log"

Wed May 21 19:34:55 +0000 2025 - Executing "{yosys -c /openlane/scripts/yosys/synth.tcl |& tee /dev/null /openlane/designs/zero_to_five/runs/RUN_2025.05.21_19.34.50/logs/synthesis/1-synthesis.log}"

Wed May 21 19:34:57 +0000 2025 - Executing "{sed -i.bak -e {s/\(set ::env(CURRENT_NETLIST)\).*/\1 \/openlane\/designs\/zero_to_five\/runs\/RUN_2025.05.21_19.34.50\/results\/synthesis\/ZeroToFiveCounter.v/} /openlane/designs/zero_to_five/runs/RUN_2025.05.21_19.34.50/config.tcl}"

Wed May 21 19:34:57 +0000 2025 - Executing "{sed -i.bak /defparam/d /openlane/designs/zero_to_five/runs/RUN_2025.05.21_19.34.50/results/synthesis/ZeroToFiveCounter.v}"

Wed May 21 19:34:57 +0000 2025 - Executing "sta -exit -no_init /openlane/scripts/openroad/sta/multi_corner.tcl |& tee /dev/null /openlane/designs/zero_to_five/runs/RUN_2025.05.21_19.34.50/logs/synthesis/2-sta.log"

Wed May 21 19:34:57 +0000 2025 - Executing "{sta -exit -no_init /openlane/scripts/openroad/sta/multi_corner.tcl |& tee /dev/null /openlane/designs/zero_to_five/runs/RUN_2025.05.21_19.34.50/logs/synthesis/2-sta.log}"

Wed May 21 19:34:58 +0000 2025 - Executing "openroad -exit /openlane/scripts/openroad/floorplan.tcl |& tee /dev/null /openlane/designs/zero_to_five/runs/RUN_2025.05.21_19.34.50/logs/floorplan/3-initial_fp.log"

Wed May 21 19:34:58 +0000 2025 - Executing "{openroad -exit /openlane/scripts/openroad/floorplan.tcl |& tee /dev/null /openlane/designs/zero_to_five/runs/RUN_2025.05.21_19.34.50/logs/floorplan/3-initial_fp.log}"

Wed May 21 19:34:59 +0000 2025 - Executing "{openroad -exit -no_init -python /openlane/scripts/odbpy/defutil.py extract_core_dims --output-data /openlane/designs/zero_to_five/runs/RUN_2025.05.21_19.34.50/tmp/dimensions.txt --input-lef /openlane/designs/zero_to_five/runs/RUN_2025.05.21_19.34.50/tmp/merged.nom.lef /openlane/designs/zero_to_five/runs/RUN_2025.05.21_19.34.50/tmp/floorplan/3-initial_fp.def}"

Wed May 21 19:35:00 +0000 2025 - Executing "{openroad -exit -no_init -python /openlane/scripts/odbpy/io_place.py --config /openlane/designs/zero_to_five/pin_order.cfg --hor-layer met3 --ver-layer met2 --ver-width-mult 2 --hor-width-mult 2 --hor-extension 0 --ver-extension 0 --length 4 --unmatched-error --input-lef /openlane/designs/zero_to_five/runs/RUN_2025.05.21_19.34.50/tmp/merged.nom.lef --output-def /openlane/designs/zero_to_five/runs/RUN_2025.05.21_19.34.50/tmp/floorplan/4-io.def --output /openlane/designs/zero_to_five/runs/RUN_2025.05.21_19.34.50/tmp/floorplan/4-io.odb /openlane/designs/zero_to_five/runs/RUN_2025.05.21_19.34.50/tmp/floorplan/3-initial_fp.odb |& tee /dev/null /openlane/designs/zero_to_five/runs/RUN_2025.05.21_19.34.50/logs/floorplan/4-place_io.log}"

Wed May 21 19:35:01 +0000 2025 - Executing "openroad -exit /openlane/scripts/openroad/tapcell.tcl |& tee /dev/null /openlane/designs/zero_to_five/runs/RUN_2025.05.21_19.34.50/logs/floorplan/5-tap.log"

Wed May 21 19:35:01 +0000 2025 - Executing "{openroad -exit /openlane/scripts/openroad/tapcell.tcl |& tee /dev/null /openlane/designs/zero_to_five/runs/RUN_2025.05.21_19.34.50/logs/floorplan/5-tap.log}"

Wed May 21 19:35:02 +0000 2025 - Executing "openroad -exit /openlane/scripts/openroad/pdn.tcl |& tee /dev/null /openlane/designs/zero_to_five/runs/RUN_2025.05.21_19.34.50/logs/floorplan/6-pdn.log"

Wed May 21 19:35:02 +0000 2025 - Executing "{openroad -exit /openlane/scripts/openroad/pdn.tcl |& tee /dev/null /openlane/designs/zero_to_five/runs/RUN_2025.05.21_19.34.50/logs/floorplan/6-pdn.log}"

Wed May 21 19:35:03 +0000 2025 - Executing "{openroad -exit -no_init -python /openlane/scripts/odbpy/random_place.py --input-lef /openlane/designs/zero_to_five/runs/RUN_2025.05.21_19.34.50/tmp/merged.nom.lef --output-def /openlane/designs/zero_to_five/runs/RUN_2025.05.21_19.34.50/tmp/placement/7-global.def --output /openlane/designs/zero_to_five/runs/RUN_2025.05.21_19.34.50/tmp/placement/7-global.odb /openlane/designs/zero_to_five/runs/RUN_2025.05.21_19.34.50/results/floorplan/ZeroToFiveCounter.odb |& tee /dev/null /openlane/designs/zero_to_five/runs/RUN_2025.05.21_19.34.50/logs/placement/7-global.log}"

Wed May 21 19:35:04 +0000 2025 - Executing "openroad -exit /openlane/scripts/openroad/resizer.tcl |& tee /dev/null /openlane/designs/zero_to_five/runs/RUN_2025.05.21_19.34.50/logs/placement/8-resizer.log"

Wed May 21 19:35:04 +0000 2025 - Executing "{openroad -exit /openlane/scripts/openroad/resizer.tcl |& tee /dev/null /openlane/designs/zero_to_five/runs/RUN_2025.05.21_19.34.50/logs/placement/8-resizer.log}"

Wed May 21 19:35:06 +0000 2025 - Executing "{sed -i.bak -e {s/\(set ::env(CURRENT_NETLIST)\).*/\1 \/openlane\/designs\/zero_to_five\/runs\/RUN_2025.05.21_19.34.50\/tmp\/placement\/8-resizer.nl.v/} /openlane/designs/zero_to_five/runs/RUN_2025.05.21_19.34.50/config.tcl}"

Wed May 21 19:35:06 +0000 2025 - Executing "openroad -exit /openlane/scripts/openroad/dpl.tcl |& tee /dev/null /openlane/designs/zero_to_five/runs/RUN_2025.05.21_19.34.50/logs/placement/9-detailed.log"

Wed May 21 19:35:06 +0000 2025 - Executing "{openroad -exit /openlane/scripts/openroad/dpl.tcl |& tee /dev/null /openlane/designs/zero_to_five/runs/RUN_2025.05.21_19.34.50/logs/placement/9-detailed.log}"

Wed May 21 19:35:07 +0000 2025 - Executing "{sed -i.bak -e {s/\(set ::env(CURRENT_NETLIST)\).*/\1 \/openlane\/designs\/zero_to_five\/runs\/RUN_2025.05.21_19.34.50\/results\/placement\/ZeroToFiveCounter.nl.v/} /openlane/designs/zero_to_five/runs/RUN_2025.05.21_19.34.50/config.tcl}"

Wed May 21 19:35:07 +0000 2025 - Executing "openroad -exit /openlane/scripts/openroad/sta/multi_corner.tcl |& tee /dev/null /openlane/designs/zero_to_five/runs/RUN_2025.05.21_19.34.50/logs/placement/10-dpl_sta.log"

Wed May 21 19:35:07 +0000 2025 - Executing "{openroad -exit /openlane/scripts/openroad/sta/multi_corner.tcl |& tee /dev/null /openlane/designs/zero_to_five/runs/RUN_2025.05.21_19.34.50/logs/placement/10-dpl_sta.log}"

Wed May 21 19:35:08 +0000 2025 - Executing "openroad -exit /openlane/scripts/openroad/cts.tcl |& tee /dev/null /openlane/designs/zero_to_five/runs/RUN_2025.05.21_19.34.50/logs/cts/11-cts.log"

Wed May 21 19:35:08 +0000 2025 - Executing "{openroad -exit /openlane/scripts/openroad/cts.tcl |& tee /dev/null /openlane/designs/zero_to_five/runs/RUN_2025.05.21_19.34.50/logs/cts/11-cts.log}"

Wed May 21 19:35:17 +0000 2025 - Executing "openroad -exit /openlane/scripts/openroad/sta/multi_corner.tcl |& tee /dev/null /openlane/designs/zero_to_five/runs/RUN_2025.05.21_19.34.50/logs/cts/12-cts_sta.log"

Wed May 21 19:35:17 +0000 2025 - Executing "{openroad -exit /openlane/scripts/openroad/sta/multi_corner.tcl |& tee /dev/null /openlane/designs/zero_to_five/runs/RUN_2025.05.21_19.34.50/logs/cts/12-cts_sta.log}"

Wed May 21 19:35:18 +0000 2025 - Executing "openroad -exit /openlane/scripts/openroad/resizer_timing.tcl |& tee /dev/null /openlane/designs/zero_to_five/runs/RUN_2025.05.21_19.34.50/logs/cts/13-resizer.log"

Wed May 21 19:35:18 +0000 2025 - Executing "{openroad -exit /openlane/scripts/openroad/resizer_timing.tcl |& tee /dev/null /openlane/designs/zero_to_five/runs/RUN_2025.05.21_19.34.50/logs/cts/13-resizer.log}"

Wed May 21 19:35:20 +0000 2025 - Executing "{sed -i.bak -e {s/\(set ::env(CURRENT_NETLIST)\).*/\1 \/openlane\/designs\/zero_to_five\/runs\/RUN_2025.05.21_19.34.50\/tmp\/cts\/13-ZeroToFiveCounter.resized.nl.v/} /openlane/designs/zero_to_five/runs/RUN_2025.05.21_19.34.50/config.tcl}"

Wed May 21 19:35:20 +0000 2025 - Executing "openroad -exit /openlane/scripts/openroad/resizer_routing_design.tcl |& tee /dev/null /openlane/designs/zero_to_five/runs/RUN_2025.05.21_19.34.50/logs/routing/14-resizer_design.log"

Wed May 21 19:35:21 +0000 2025 - Executing "{openroad -exit /openlane/scripts/openroad/resizer_routing_design.tcl |& tee /dev/null /openlane/designs/zero_to_five/runs/RUN_2025.05.21_19.34.50/logs/routing/14-resizer_design.log}"

Wed May 21 19:35:23 +0000 2025 - Executing "{sed -i.bak -e {s/\(set ::env(CURRENT_NETLIST)\).*/\1 \/openlane\/designs\/zero_to_five\/runs\/RUN_2025.05.21_19.34.50\/tmp\/14-ZeroToFiveCounter.nl.v/} /openlane/designs/zero_to_five/runs/RUN_2025.05.21_19.34.50/config.tcl}"

Wed May 21 19:35:23 +0000 2025 - Executing "openroad -exit /openlane/scripts/openroad/sta/multi_corner.tcl |& tee /dev/null /openlane/designs/zero_to_five/runs/RUN_2025.05.21_19.34.50/logs/routing/15-rsz_design_sta.log"

Wed May 21 19:35:23 +0000 2025 - Executing "{openroad -exit /openlane/scripts/openroad/sta/multi_corner.tcl |& tee /dev/null /openlane/designs/zero_to_five/runs/RUN_2025.05.21_19.34.50/logs/routing/15-rsz_design_sta.log}"

Wed May 21 19:35:24 +0000 2025 - Executing "openroad -exit /openlane/scripts/openroad/resizer_routing_timing.tcl |& tee /dev/null /openlane/designs/zero_to_five/runs/RUN_2025.05.21_19.34.50/logs/routing/16-resizer_timing.log"

Wed May 21 19:35:24 +0000 2025 - Executing "{openroad -exit /openlane/scripts/openroad/resizer_routing_timing.tcl |& tee /dev/null /openlane/designs/zero_to_five/runs/RUN_2025.05.21_19.34.50/logs/routing/16-resizer_timing.log}"

Wed May 21 19:35:26 +0000 2025 - Executing "{sed -i.bak -e {s/\(set ::env(CURRENT_NETLIST)\).*/\1 \/openlane\/designs\/zero_to_five\/runs\/RUN_2025.05.21_19.34.50\/tmp\/16-ZeroToFiveCounter.nl.v/} /openlane/designs/zero_to_five/runs/RUN_2025.05.21_19.34.50/config.tcl}"

Wed May 21 19:35:27 +0000 2025 - Executing "openroad -exit /openlane/scripts/openroad/sta/multi_corner.tcl |& tee /dev/null /openlane/designs/zero_to_five/runs/RUN_2025.05.21_19.34.50/logs/routing/17-rsz_timing_sta.log"

Wed May 21 19:35:27 +0000 2025 - Executing "{openroad -exit /openlane/scripts/openroad/sta/multi_corner.tcl |& tee /dev/null /openlane/designs/zero_to_five/runs/RUN_2025.05.21_19.34.50/logs/routing/17-rsz_timing_sta.log}"

Wed May 21 19:35:28 +0000 2025 - Executing "openroad -exit /openlane/scripts/openroad/repair_antennas.tcl |& tee /dev/null /openlane/designs/zero_to_five/runs/RUN_2025.05.21_19.34.50/logs/routing/18-global.log"

Wed May 21 19:35:28 +0000 2025 - Executing "{openroad -exit /openlane/scripts/openroad/repair_antennas.tcl |& tee /dev/null /openlane/designs/zero_to_five/runs/RUN_2025.05.21_19.34.50/logs/routing/18-global.log}"

Wed May 21 19:35:29 +0000 2025 - Executing "openroad -exit /openlane/scripts/openroad/write_views.tcl |& tee /dev/null /openlane/designs/zero_to_five/runs/RUN_2025.05.21_19.34.50/logs/routing/18-global_write_netlist.log"

Wed May 21 19:35:29 +0000 2025 - Executing "{openroad -exit /openlane/scripts/openroad/write_views.tcl |& tee /dev/null /openlane/designs/zero_to_five/runs/RUN_2025.05.21_19.34.50/logs/routing/18-global_write_netlist.log}"

Wed May 21 19:35:29 +0000 2025 - Executing "{sed -i.bak -e {s/\(set ::env(CURRENT_NETLIST)\).*/\1 \/openlane\/designs\/zero_to_five\/runs\/RUN_2025.05.21_19.34.50\/tmp\/routing\/global.nl.v/} /openlane/designs/zero_to_five/runs/RUN_2025.05.21_19.34.50/config.tcl}"

Wed May 21 19:35:30 +0000 2025 - Executing "openroad -exit /openlane/scripts/openroad/sta/multi_corner.tcl |& tee /dev/null /openlane/designs/zero_to_five/runs/RUN_2025.05.21_19.34.50/logs/routing/20-grt_sta.log"

Wed May 21 19:35:30 +0000 2025 - Executing "{openroad -exit /openlane/scripts/openroad/sta/multi_corner.tcl |& tee /dev/null /openlane/designs/zero_to_five/runs/RUN_2025.05.21_19.34.50/logs/routing/20-grt_sta.log}"

Wed May 21 19:35:31 +0000 2025 - Executing "openroad -exit /openlane/scripts/openroad/fill.tcl |& tee /dev/null /openlane/designs/zero_to_five/runs/RUN_2025.05.21_19.34.50/logs/routing/21-fill.log"

Wed May 21 19:35:31 +0000 2025 - Executing "{openroad -exit /openlane/scripts/openroad/fill.tcl |& tee /dev/null /openlane/designs/zero_to_five/runs/RUN_2025.05.21_19.34.50/logs/routing/21-fill.log}"

Wed May 21 19:35:31 +0000 2025 - Executing "{sed -i.bak -e {s/\(set ::env(CURRENT_NETLIST)\).*/\1 \/openlane\/designs\/zero_to_five\/runs\/RUN_2025.05.21_19.34.50\/tmp\/routing\/21-fill.nl.v/} /openlane/designs/zero_to_five/runs/RUN_2025.05.21_19.34.50/config.tcl}"

Wed May 21 19:35:31 +0000 2025 - Executing "openroad -exit -metrics /openlane/designs/zero_to_five/runs/RUN_2025.05.21_19.34.50/reports/routing/22-drt_metrics.json /openlane/scripts/openroad/droute.tcl |& tee /dev/null /openlane/designs/zero_to_five/runs/RUN_2025.05.21_19.34.50/logs/routing/22-detailed.log"

Wed May 21 19:35:31 +0000 2025 - Executing "{openroad -exit -metrics /openlane/designs/zero_to_five/runs/RUN_2025.05.21_19.34.50/reports/routing/22-drt_metrics.json /openlane/scripts/openroad/droute.tcl |& tee /dev/null /openlane/designs/zero_to_five/runs/RUN_2025.05.21_19.34.50/logs/routing/22-detailed.log}"

Wed May 21 19:36:04 +0000 2025 - Executing "{sed -i.bak -e {s/\(set ::env(CURRENT_NETLIST)\).*/\1 \/openlane\/designs\/zero_to_five\/runs\/RUN_2025.05.21_19.34.50\/results\/routing\/ZeroToFiveCounter.nl.v/} /openlane/designs/zero_to_five/runs/RUN_2025.05.21_19.34.50/config.tcl}"

Wed May 21 19:36:04 +0000 2025 - Executing "{python3 /openlane/scripts/drc_rosetta.py tr to_klayout -o /openlane/designs/zero_to_five/runs/RUN_2025.05.21_19.34.50/reports/routing/drt.klayout.xml --design-name ZeroToFiveCounter /openlane/designs/zero_to_five/runs/RUN_2025.05.21_19.34.50/reports/routing/drt.drc}"

Wed May 21 19:36:04 +0000 2025 - Executing "{openroad -exit -no_init -python /openlane/scripts/odbpy/wire_lengths.py --report-out /openlane/designs/zero_to_five/runs/RUN_2025.05.21_19.34.50/reports/routing/23-wire_lengths.csv --input-lef /openlane/designs/zero_to_five/runs/RUN_2025.05.21_19.34.50/tmp/merged.nom.lef --output-def /openlane/designs/zero_to_five/runs/RUN_2025.05.21_19.34.50/results/routing/ZeroToFiveCounter.def --output /openlane/designs/zero_to_five/runs/RUN_2025.05.21_19.34.50/results/routing/ZeroToFiveCounter.odb /openlane/designs/zero_to_five/runs/RUN_2025.05.21_19.34.50/results/routing/ZeroToFiveCounter.odb |& tee /dev/null /openlane/designs/zero_to_five/runs/RUN_2025.05.21_19.34.50/logs/routing/23-wire_lengths.log}"

Wed May 21 19:36:05 +0000 2025 - Executing "openroad -exit /openlane/scripts/openroad/rcx.tcl |& tee /dev/null /openlane/designs/zero_to_five/runs/RUN_2025.05.21_19.34.50/logs/signoff/24-parasitics_extraction.min.log"

Wed May 21 19:36:05 +0000 2025 - Executing "{openroad -exit /openlane/scripts/openroad/rcx.tcl |& tee /dev/null /openlane/designs/zero_to_five/runs/RUN_2025.05.21_19.34.50/logs/signoff/24-parasitics_extraction.min.log}"

Wed May 21 19:36:06 +0000 2025 - Executing "sta -exit -no_init /openlane/scripts/openroad/sta/multi_corner.tcl |& tee /dev/null /openlane/designs/zero_to_five/runs/RUN_2025.05.21_19.34.50/logs/signoff/25-rcx_mcsta.min.log"

Wed May 21 19:36:06 +0000 2025 - Executing "{sta -exit -no_init /openlane/scripts/openroad/sta/multi_corner.tcl |& tee /dev/null /openlane/designs/zero_to_five/runs/RUN_2025.05.21_19.34.50/logs/signoff/25-rcx_mcsta.min.log}"

Wed May 21 19:36:09 +0000 2025 - Executing "openroad -exit /openlane/scripts/openroad/rcx.tcl |& tee /dev/null /openlane/designs/zero_to_five/runs/RUN_2025.05.21_19.34.50/logs/signoff/26-parasitics_extraction.max.log"

Wed May 21 19:36:09 +0000 2025 - Executing "{openroad -exit /openlane/scripts/openroad/rcx.tcl |& tee /dev/null /openlane/designs/zero_to_five/runs/RUN_2025.05.21_19.34.50/logs/signoff/26-parasitics_extraction.max.log}"

Wed May 21 19:36:10 +0000 2025 - Executing "sta -exit -no_init /openlane/scripts/openroad/sta/multi_corner.tcl |& tee /dev/null /openlane/designs/zero_to_five/runs/RUN_2025.05.21_19.34.50/logs/signoff/27-rcx_mcsta.max.log"

Wed May 21 19:36:10 +0000 2025 - Executing "{sta -exit -no_init /openlane/scripts/openroad/sta/multi_corner.tcl |& tee /dev/null /openlane/designs/zero_to_five/runs/RUN_2025.05.21_19.34.50/logs/signoff/27-rcx_mcsta.max.log}"

Wed May 21 19:36:12 +0000 2025 - Executing "openroad -exit /openlane/scripts/openroad/rcx.tcl |& tee /dev/null /openlane/designs/zero_to_five/runs/RUN_2025.05.21_19.34.50/logs/signoff/28-parasitics_extraction.nom.log"

Wed May 21 19:36:12 +0000 2025 - Executing "{openroad -exit /openlane/scripts/openroad/rcx.tcl |& tee /dev/null /openlane/designs/zero_to_five/runs/RUN_2025.05.21_19.34.50/logs/signoff/28-parasitics_extraction.nom.log}"

Wed May 21 19:36:13 +0000 2025 - Executing "sta -exit -no_init /openlane/scripts/openroad/sta/multi_corner.tcl |& tee /dev/null /openlane/designs/zero_to_five/runs/RUN_2025.05.21_19.34.50/logs/signoff/29-rcx_mcsta.nom.log"

Wed May 21 19:36:13 +0000 2025 - Executing "{sta -exit -no_init /openlane/scripts/openroad/sta/multi_corner.tcl |& tee /dev/null /openlane/designs/zero_to_five/runs/RUN_2025.05.21_19.34.50/logs/signoff/29-rcx_mcsta.nom.log}"

Wed May 21 19:36:16 +0000 2025 - Executing "openroad -exit /openlane/scripts/openroad/irdrop.tcl |& tee /dev/null /openlane/designs/zero_to_five/runs/RUN_2025.05.21_19.34.50/logs/signoff/30-irdrop.log"

Wed May 21 19:36:16 +0000 2025 - Executing "{openroad -exit /openlane/scripts/openroad/irdrop.tcl |& tee /dev/null /openlane/designs/zero_to_five/runs/RUN_2025.05.21_19.34.50/logs/signoff/30-irdrop.log}"

Wed May 21 19:36:18 +0000 2025 - Executing "magic -noconsole -dnull -rcfile /home/ceyda/pdks/sky130A/libs.tech/magic/sky130A.magicrc < /openlane/scripts/magic/wrapper.tcl |& tee /dev/null /openlane/designs/zero_to_five/runs/RUN_2025.05.21_19.34.50/logs/signoff/31-gdsii.log"

Wed May 21 19:36:18 +0000 2025 - Executing "{magic -noconsole -dnull -rcfile /home/ceyda/pdks/sky130A/libs.tech/magic/sky130A.magicrc < /openlane/scripts/magic/wrapper.tcl |& tee /dev/null /openlane/designs/zero_to_five/runs/RUN_2025.05.21_19.34.50/logs/signoff/31-gdsii.log}"

Wed May 21 19:36:19 +0000 2025 - Executing "magic -noconsole -dnull -rcfile /home/ceyda/pdks/sky130A/libs.tech/magic/sky130A.magicrc < /openlane/scripts/magic/wrapper.tcl |& tee /dev/null /openlane/designs/zero_to_five/runs/RUN_2025.05.21_19.34.50/logs/signoff/31-gds_ptrs.log"

Wed May 21 19:36:19 +0000 2025 - Executing "{magic -noconsole -dnull -rcfile /home/ceyda/pdks/sky130A/libs.tech/magic/sky130A.magicrc < /openlane/scripts/magic/wrapper.tcl |& tee /dev/null /openlane/designs/zero_to_five/runs/RUN_2025.05.21_19.34.50/logs/signoff/31-gds_ptrs.log}"

Wed May 21 19:36:20 +0000 2025 - Executing "{sed -i.bak -n {/^<< properties >>/,/^<< end >>/p} /openlane/designs/zero_to_five/runs/RUN_2025.05.21_19.34.50/tmp/signoff/gds_ptrs.mag}"

Wed May 21 19:36:20 +0000 2025 - Executing "magic -noconsole -dnull -rcfile /home/ceyda/pdks/sky130A/libs.tech/magic/sky130A.magicrc < /openlane/scripts/magic/wrapper.tcl |& tee /dev/null /openlane/designs/zero_to_five/runs/RUN_2025.05.21_19.34.50/logs/signoff/31-lef.log"

Wed May 21 19:36:20 +0000 2025 - Executing "{magic -noconsole -dnull -rcfile /home/ceyda/pdks/sky130A/libs.tech/magic/sky130A.magicrc < /openlane/scripts/magic/wrapper.tcl |& tee /dev/null /openlane/designs/zero_to_five/runs/RUN_2025.05.21_19.34.50/logs/signoff/31-lef.log}"

Wed May 21 19:36:21 +0000 2025 - Executing "magic -noconsole -dnull -rcfile /home/ceyda/pdks/sky130A/libs.tech/magic/sky130A.magicrc < /openlane/scripts/magic/wrapper.tcl |& tee /dev/null /openlane/designs/zero_to_five/runs/RUN_2025.05.21_19.34.50/logs/signoff/31-maglef.log"

Wed May 21 19:36:21 +0000 2025 - Executing "{magic -noconsole -dnull -rcfile /home/ceyda/pdks/sky130A/libs.tech/magic/sky130A.magicrc < /openlane/scripts/magic/wrapper.tcl |& tee /dev/null /openlane/designs/zero_to_five/runs/RUN_2025.05.21_19.34.50/logs/signoff/31-maglef.log}"

Wed May 21 19:36:22 +0000 2025 - Executing "{python3 /openlane/scripts/klayout/stream_out.py --output /openlane/designs/zero_to_five/runs/RUN_2025.05.21_19.34.50/results/signoff/ZeroToFiveCounter.klayout.gds --lyt /home/ceyda/pdks/sky130A/libs.tech/klayout/tech/sky130A.lyt --lym /home/ceyda/pdks/sky130A/libs.tech/klayout/tech/sky130A.map --lyp /home/ceyda/pdks/sky130A/libs.tech/klayout/tech/sky130A.lyp --top ZeroToFiveCounter --with-gds-file /home/ceyda/pdks/sky130A/libs.ref/sky130_fd_sc_hd/gds/sky130_fd_sc_hd.gds --input-lef /openlane/designs/zero_to_five/runs/RUN_2025.05.21_19.34.50/tmp/merged.nom.lef /openlane/designs/zero_to_five/runs/RUN_2025.05.21_19.34.50/results/routing/ZeroToFiveCounter.def |& tee /dev/null /openlane/designs/zero_to_five/runs/RUN_2025.05.21_19.34.50/logs/signoff/32-gdsii-klayout.log}"

Wed May 21 19:36:24 +0000 2025 - Executing "{klayout -b -r /openlane/scripts/klayout/xor.drc -rd a=/openlane/designs/zero_to_five/runs/RUN_2025.05.21_19.34.50/results/signoff/ZeroToFiveCounter.gds -rd b=/openlane/designs/zero_to_five/runs/RUN_2025.05.21_19.34.50/results/signoff/ZeroToFiveCounter.klayout.gds -rd jobs=1 -rd rdb_out=/openlane/designs/zero_to_five/runs/RUN_2025.05.21_19.34.50/reports/signoff/33-xor.xml -rd ignore=81/14 -rd rpt_out=/openlane/designs/zero_to_five/runs/RUN_2025.05.21_19.34.50/reports/signoff/33-xor.rpt |& tee /dev/null /openlane/designs/zero_to_five/runs/RUN_2025.05.21_19.34.50/logs/signoff/33-xor.log}"

Wed May 21 19:36:28 +0000 2025 - Executing "magic -noconsole -dnull -rcfile /home/ceyda/pdks/sky130A/libs.tech/magic/sky130A.magicrc < /openlane/scripts/magic/wrapper.tcl |& tee /dev/null /openlane/designs/zero_to_five/runs/RUN_2025.05.21_19.34.50/logs/signoff/34-spice.log"

Wed May 21 19:36:28 +0000 2025 - Executing "{magic -noconsole -dnull -rcfile /home/ceyda/pdks/sky130A/libs.tech/magic/sky130A.magicrc < /openlane/scripts/magic/wrapper.tcl |& tee /dev/null /openlane/designs/zero_to_five/runs/RUN_2025.05.21_19.34.50/logs/signoff/34-spice.log}"

Wed May 21 19:36:31 +0000 2025 - Executing "{openroad -exit -no_init -python /openlane/scripts/odbpy/power_utils.py write_powered_def --output /openlane/designs/zero_to_five/runs/RUN_2025.05.21_19.34.50/tmp/signoff/34-ZeroToFiveCounter.p.def --input-lef /openlane/designs/zero_to_five/runs/RUN_2025.05.21_19.34.50/tmp/merged.nom.lef --power-port VPWR --ground-port VGND --powered-netlist {} /openlane/designs/zero_to_five/runs/RUN_2025.05.21_19.34.50/results/routing/ZeroToFiveCounter.def |& tee /dev/null /openlane/designs/zero_to_five/runs/RUN_2025.05.21_19.34.50/logs/signoff/35-write_powered_def.log}"

Wed May 21 19:36:33 +0000 2025 - Executing "openroad -exit /openlane/scripts/openroad/write_views.tcl |& tee /dev/null /openlane/designs/zero_to_five/runs/RUN_2025.05.21_19.34.50/logs/signoff/35-write_powered_verilog.log"

Wed May 21 19:36:33 +0000 2025 - Executing "{openroad -exit /openlane/scripts/openroad/write_views.tcl |& tee /dev/null /openlane/designs/zero_to_five/runs/RUN_2025.05.21_19.34.50/logs/signoff/35-write_powered_verilog.log}"

Wed May 21 19:36:34 +0000 2025 - Executing "{sed -i.bak -e {s/\(set ::env(CURRENT_NETLIST)\).*/\1 \/openlane\/designs\/zero_to_five\/runs\/RUN_2025.05.21_19.34.50\/tmp\/signoff\/34-ZeroToFiveCounter.nl.v/} /openlane/designs/zero_to_five/runs/RUN_2025.05.21_19.34.50/config.tcl}"

Wed May 21 19:36:34 +0000 2025 - Executing "{netgen -batch source /openlane/designs/zero_to_five/runs/RUN_2025.05.21_19.34.50/tmp/signoff/37-setup_file.lef.lvs |& tee /dev/null /openlane/designs/zero_to_five/runs/RUN_2025.05.21_19.34.50/logs/signoff/37-lvs.lef.log}"

Wed May 21 19:36:35 +0000 2025 - Executing "magic -noconsole -dnull -rcfile /home/ceyda/pdks/sky130A/libs.tech/magic/sky130A.magicrc < /openlane/scripts/magic/wrapper.tcl |& tee /dev/null /openlane/designs/zero_to_five/runs/RUN_2025.05.21_19.34.50/logs/signoff/38-drc.log"

Wed May 21 19:36:36 +0000 2025 - Executing "{magic -noconsole -dnull -rcfile /home/ceyda/pdks/sky130A/libs.tech/magic/sky130A.magicrc < /openlane/scripts/magic/wrapper.tcl |& tee /dev/null /openlane/designs/zero_to_five/runs/RUN_2025.05.21_19.34.50/logs/signoff/38-drc.log}"

Wed May 21 19:36:39 +0000 2025 - Executing "{python3 /openlane/scripts/drc_rosetta.py magic to_tcl -o /openlane/designs/zero_to_five/runs/RUN_2025.05.21_19.34.50/reports/signoff/drc.tcl /openlane/designs/zero_to_five/runs/RUN_2025.05.21_19.34.50/reports/signoff/drc.rpt}"

Wed May 21 19:36:40 +0000 2025 - Executing "{python3 /openlane/scripts/drc_rosetta.py magic to_tr -o /openlane/designs/zero_to_five/runs/RUN_2025.05.21_19.34.50/reports/signoff/drc.tr /openlane/designs/zero_to_five/runs/RUN_2025.05.21_19.34.50/reports/signoff/drc.rpt}"

Wed May 21 19:36:40 +0000 2025 - Executing "{python3 /openlane/scripts/drc_rosetta.py tr to_klayout -o /openlane/designs/zero_to_five/runs/RUN_2025.05.21_19.34.50/reports/signoff/drc.klayout.xml --design-name ZeroToFiveCounter /openlane/designs/zero_to_five/runs/RUN_2025.05.21_19.34.50/reports/signoff/drc.tr}"

Wed May 21 19:36:40 +0000 2025 - Executing "{python3 /openlane/scripts/drc_rosetta.py magic to_rdb -o /openlane/designs/zero_to_five/runs/RUN_2025.05.21_19.34.50/reports/signoff/drc.rdb /openlane/designs/zero_to_five/runs/RUN_2025.05.21_19.34.50/reports/signoff/drc.rpt}"

Wed May 21 19:36:40 +0000 2025 - Executing "{klayout -b -zz -r /home/ceyda/pdks/sky130A/libs.tech/klayout/drc/sky130A_mr.drc -rd topcell=ZeroToFiveCounter -rd input=/openlane/designs/zero_to_five/runs/RUN_2025.05.21_19.34.50/results/signoff/ZeroToFiveCounter.gds -rd report=/openlane/designs/zero_to_five/runs/RUN_2025.05.21_19.34.50/reports/signoff/violations.xml -rd feol=true -rd beol=true -rd floating_metal=false -rd seal=true -rd thread=1 |& tee /dev/null /openlane/designs/zero_to_five/runs/RUN_2025.05.21_19.34.50/logs/signoff/39-drc-klayout.log}"

Wed May 21 19:36:48 +0000 2025 - Executing "{python3 /openlane/scripts/klayout/xml_drc_report_to_json.py --xml-file /openlane/designs/zero_to_five/runs/RUN_2025.05.21_19.34.50/reports/signoff/violations.xml --json-file /openlane/designs/zero_to_five/runs/RUN_2025.05.21_19.34.50/reports/signoff/violations.json}"

Wed May 21 19:36:49 +0000 2025 - Executing "openroad -exit /openlane/scripts/openroad/antenna_check.tcl |& tee /dev/null /openlane/designs/zero_to_five/runs/RUN_2025.05.21_19.34.50/logs/signoff/40-arc.log"

Wed May 21 19:36:49 +0000 2025 - Executing "{openroad -exit /openlane/scripts/openroad/antenna_check.tcl |& tee /dev/null /openlane/designs/zero_to_five/runs/RUN_2025.05.21_19.34.50/logs/signoff/40-arc.log}"

Wed May 21 19:36:50 +0000 2025 - Executing "{python3 /openlane/scripts/extract_antenna_violators.py --output /openlane/designs/zero_to_five/runs/RUN_2025.05.21_19.34.50/reports/signoff/40-antenna_violators.rpt --plain-out /openlane/designs/zero_to_five/runs/RUN_2025.05.21_19.34.50/reports/signoff/40-antenna_violators_pins.txt /openlane/designs/zero_to_five/runs/RUN_2025.05.21_19.34.50/logs/signoff/40-arc.log}"

Wed May 21 19:36:50 +0000 2025 - Executing "{python3 /openlane/scripts/write_runtime.py --conclude --seconds --time-in 1747856210 {flow completed}}"

Wed May 21 19:36:51 +0000 2025 - Executing "{python3 /openlane/scripts/generate_reports.py -d /openlane/designs/zero_to_five --design_name ZeroToFiveCounter --tag RUN_2025.05.21_19.34.50 --output_file /openlane/designs/zero_to_five/runs/RUN_2025.05.21_19.34.50/reports/metrics.csv --man_report /openlane/designs/zero_to_five/runs/RUN_2025.05.21_19.34.50/reports/manufacturability.rpt --run_path /openlane/designs/zero_to_five/runs/RUN_2025.05.21_19.34.50}"

