Sun Jun 08 20:26:45 +0000 2025 - Executing "{openroad -exit -no_init -python /openlane/scripts/odbpy/lefutil.py get_metal_layers -o /openlane/designs/five/runs/RUN_2025.06.08_20.26.44/tmp/layers.list /home/ceyda/pdks/sky130A/libs.ref/sky130_fd_sc_hd/techlef/sky130_fd_sc_hd__nom.tlef}"

Sun Jun 08 20:26:45 +0000 2025 - Executing "{/openlane/scripts/mergeLef.py -o /openlane/designs/five/runs/RUN_2025.06.08_20.26.44/tmp/merged.nom.lef -i /home/ceyda/pdks/sky130A/libs.ref/sky130_fd_sc_hd/techlef/sky130_fd_sc_hd__nom.tlef {/home/ceyda/pdks/sky130A/libs.ref/sky130_fd_sc_hd/lef/sky130_fd_sc_hd.lef /home/ceyda/pdks/sky130A/libs.ref/sky130_fd_sc_hd/lef/sky130_ef_sc_hd.lef} |& tee /dev/null}"

Sun Jun 08 20:26:46 +0000 2025 - Executing "{/openlane/scripts/mergeLef.py -o /openlane/designs/five/runs/RUN_2025.06.08_20.26.44/tmp/merged.min.lef -i /home/ceyda/pdks/sky130A/libs.ref/sky130_fd_sc_hd/techlef/sky130_fd_sc_hd__min.tlef {/home/ceyda/pdks/sky130A/libs.ref/sky130_fd_sc_hd/lef/sky130_fd_sc_hd.lef /home/ceyda/pdks/sky130A/libs.ref/sky130_fd_sc_hd/lef/sky130_ef_sc_hd.lef} |& tee /dev/null}"

Sun Jun 08 20:26:46 +0000 2025 - Executing "{/openlane/scripts/mergeLef.py -o /openlane/designs/five/runs/RUN_2025.06.08_20.26.44/tmp/merged.max.lef -i /home/ceyda/pdks/sky130A/libs.ref/sky130_fd_sc_hd/techlef/sky130_fd_sc_hd__max.tlef {/home/ceyda/pdks/sky130A/libs.ref/sky130_fd_sc_hd/lef/sky130_fd_sc_hd.lef /home/ceyda/pdks/sky130A/libs.ref/sky130_fd_sc_hd/lef/sky130_ef_sc_hd.lef} |& tee /dev/null}"

Sun Jun 08 20:26:46 +0000 2025 - Executing "{python3 /openlane/scripts/mergeLib.py --output /openlane/designs/five/runs/RUN_2025.06.08_20.26.44/tmp/synthesis/merged.lib --name sky130A_merged /home/ceyda/pdks/sky130A/libs.ref/sky130_fd_sc_hd/lib/sky130_fd_sc_hd__tt_025C_1v80.lib}"

Sun Jun 08 20:26:46 +0000 2025 - Executing "{python3 /openlane/scripts/libtrim.py --cell-file /openlane/designs/five/runs/RUN_2025.06.08_20.26.44/tmp/synthesis/trimmed.lib.exclude.list --output /openlane/designs/five/runs/RUN_2025.06.08_20.26.44/tmp/synthesis/trimmed.lib /openlane/designs/five/runs/RUN_2025.06.08_20.26.44/tmp/synthesis/merged.lib}"

Sun Jun 08 20:26:47 +0000 2025 - Executing "{python3 /openlane/scripts/libtrim.py --cell-file /openlane/designs/five/runs/RUN_2025.06.08_20.26.44/tmp/cts/cts.lib.exclude.list --output /openlane/designs/five/runs/RUN_2025.06.08_20.26.44/tmp/cts/cts.lib /home/ceyda/pdks/sky130A/libs.ref/sky130_fd_sc_hd/lib/sky130_fd_sc_hd__tt_025C_1v80.lib}"

Sun Jun 08 20:26:47 +0000 2025 - Executing "{python3 /openlane/scripts/libtrim.py --cell-file /openlane/designs/five/runs/RUN_2025.06.08_20.26.44/tmp/cts/cts-fastest.lib.exclude.list --output /openlane/designs/five/runs/RUN_2025.06.08_20.26.44/tmp/cts/cts-fastest.lib /home/ceyda/pdks/sky130A/libs.ref/sky130_fd_sc_hd/lib/sky130_fd_sc_hd__ff_n40C_1v95.lib}"

Sun Jun 08 20:26:48 +0000 2025 - Executing "{python3 /openlane/scripts/libtrim.py --cell-file /openlane/designs/five/runs/RUN_2025.06.08_20.26.44/tmp/cts/cts-slowest.lib.exclude.list --output /openlane/designs/five/runs/RUN_2025.06.08_20.26.44/tmp/cts/cts-slowest.lib /home/ceyda/pdks/sky130A/libs.ref/sky130_fd_sc_hd/lib/sky130_fd_sc_hd__ss_100C_1v60.lib}"

Sun Jun 08 20:26:49 +0000 2025 - Executing "{python3 /openlane/scripts/new_tracks.py -i /home/ceyda/pdks/sky130A/libs.tech/openlane/sky130_fd_sc_hd/tracks.info -o /openlane/designs/five/runs/RUN_2025.06.08_20.26.44/tmp/routing/config.tracks}"

Sun Jun 08 20:26:49 +0000 2025 - Executing "{echo {OpenLane 7ed142f113392ec373761b0908b9899dfaf9d47b} > /openlane/designs/five/runs/RUN_2025.06.08_20.26.44/OPENLANE_COMMIT}"

Sun Jun 08 20:26:49 +0000 2025 - Executing "{yosys -c /openlane/scripts/yosys/blackbox.tcl}"

Sun Jun 08 20:26:50 +0000 2025 - Executing "{verilator -Wall --lint-only --Wno-DECLFILENAME --top-module five /openlane/designs/five/runs/RUN_2025.06.08_20.26.44/tmp/synthesis/blackbox/sky130_fd_sc_hd__blackbox.v /openlane/designs/five/src/alu.v /openlane/designs/five/src/instruction.v /openlane/designs/five/src/top_module.v /openlane/designs/five/src/register.v -Wno-fatal --relative-includes |& tee /openlane/designs/five/runs/RUN_2025.06.08_20.26.44/logs/synthesis/linter.log /dev/null}"

Sun Jun 08 20:26:50 +0000 2025 - Executing "{sed -E {s/^([[:space:]]+)pg_pin(.*)/\1pin\2\n\1    direction : "inout";/g} /home/ceyda/pdks/sky130A/libs.ref/sky130_fd_sc_hd/lib/sky130_fd_sc_hd__tt_025C_1v80.lib > /openlane/designs/five/runs/RUN_2025.06.08_20.26.44/tmp/synthesis/1-sky130_fd_sc_hd__tt_025C_1v80.no_pg.lib}"

Sun Jun 08 20:26:50 +0000 2025 - Executing "{sed -E {s/^([[:space:]]+)pg_pin(.*)/\1pin\2\n\1    direction : "inout";/g} /openlane/designs/five/runs/RUN_2025.06.08_20.26.44/tmp/synthesis/trimmed.lib > /openlane/designs/five/runs/RUN_2025.06.08_20.26.44/tmp/synthesis/1-trimmed.no_pg.lib}"

Sun Jun 08 20:26:50 +0000 2025 - Executing "yosys -c /openlane/scripts/yosys/synth.tcl |& tee /dev/null /openlane/designs/five/runs/RUN_2025.06.08_20.26.44/logs/synthesis/1-synthesis.log"

Sun Jun 08 20:26:50 +0000 2025 - Executing "{yosys -c /openlane/scripts/yosys/synth.tcl |& tee /dev/null /openlane/designs/five/runs/RUN_2025.06.08_20.26.44/logs/synthesis/1-synthesis.log}"

Sun Jun 08 20:26:52 +0000 2025 - Executing "{sed -i.bak -e {s/\(set ::env(CURRENT_NETLIST)\).*/\1 \/openlane\/designs\/five\/runs\/RUN_2025.06.08_20.26.44\/results\/synthesis\/five.v/} /openlane/designs/five/runs/RUN_2025.06.08_20.26.44/config.tcl}"

Sun Jun 08 20:26:52 +0000 2025 - Executing "{sed -i.bak /defparam/d /openlane/designs/five/runs/RUN_2025.06.08_20.26.44/results/synthesis/five.v}"

Sun Jun 08 20:26:53 +0000 2025 - Executing "sta -exit -no_init /openlane/scripts/openroad/sta/multi_corner.tcl |& tee /dev/null /openlane/designs/five/runs/RUN_2025.06.08_20.26.44/logs/synthesis/2-sta.log"

Sun Jun 08 20:26:53 +0000 2025 - Executing "{sta -exit -no_init /openlane/scripts/openroad/sta/multi_corner.tcl |& tee /dev/null /openlane/designs/five/runs/RUN_2025.06.08_20.26.44/logs/synthesis/2-sta.log}"

Sun Jun 08 20:26:54 +0000 2025 - Executing "openroad -exit /openlane/scripts/openroad/floorplan.tcl |& tee /dev/null /openlane/designs/five/runs/RUN_2025.06.08_20.26.44/logs/floorplan/3-initial_fp.log"

Sun Jun 08 20:26:54 +0000 2025 - Executing "{openroad -exit /openlane/scripts/openroad/floorplan.tcl |& tee /dev/null /openlane/designs/five/runs/RUN_2025.06.08_20.26.44/logs/floorplan/3-initial_fp.log}"

Sun Jun 08 20:26:56 +0000 2025 - Executing "{openroad -exit -no_init -python /openlane/scripts/odbpy/defutil.py extract_core_dims --output-data /openlane/designs/five/runs/RUN_2025.06.08_20.26.44/tmp/dimensions.txt --input-lef /openlane/designs/five/runs/RUN_2025.06.08_20.26.44/tmp/merged.nom.lef /openlane/designs/five/runs/RUN_2025.06.08_20.26.44/tmp/floorplan/3-initial_fp.def}"

Sun Jun 08 20:26:57 +0000 2025 - Executing "{openroad -exit -no_init -python /openlane/scripts/odbpy/io_place.py --config /openlane/designs/five/pin_order.cfg --hor-layer met3 --ver-layer met2 --ver-width-mult 2 --hor-width-mult 2 --hor-extension 0 --ver-extension 0 --length 4 --unmatched-error --input-lef /openlane/designs/five/runs/RUN_2025.06.08_20.26.44/tmp/merged.nom.lef --output-def /openlane/designs/five/runs/RUN_2025.06.08_20.26.44/tmp/floorplan/4-io.def --output /openlane/designs/five/runs/RUN_2025.06.08_20.26.44/tmp/floorplan/4-io.odb /openlane/designs/five/runs/RUN_2025.06.08_20.26.44/tmp/floorplan/3-initial_fp.odb |& tee /dev/null /openlane/designs/five/runs/RUN_2025.06.08_20.26.44/logs/floorplan/4-place_io.log}"

Sun Jun 08 20:26:58 +0000 2025 - Executing "openroad -exit /openlane/scripts/openroad/tapcell.tcl |& tee /dev/null /openlane/designs/five/runs/RUN_2025.06.08_20.26.44/logs/floorplan/5-tap.log"

Sun Jun 08 20:26:58 +0000 2025 - Executing "{openroad -exit /openlane/scripts/openroad/tapcell.tcl |& tee /dev/null /openlane/designs/five/runs/RUN_2025.06.08_20.26.44/logs/floorplan/5-tap.log}"

Sun Jun 08 20:27:00 +0000 2025 - Executing "openroad -exit /openlane/scripts/openroad/pdn.tcl |& tee /dev/null /openlane/designs/five/runs/RUN_2025.06.08_20.26.44/logs/floorplan/6-pdn.log"

Sun Jun 08 20:27:00 +0000 2025 - Executing "{openroad -exit /openlane/scripts/openroad/pdn.tcl |& tee /dev/null /openlane/designs/five/runs/RUN_2025.06.08_20.26.44/logs/floorplan/6-pdn.log}"

Sun Jun 08 20:27:02 +0000 2025 - Executing "{openroad -exit -no_init -python /openlane/scripts/odbpy/random_place.py --input-lef /openlane/designs/five/runs/RUN_2025.06.08_20.26.44/tmp/merged.nom.lef --output-def /openlane/designs/five/runs/RUN_2025.06.08_20.26.44/tmp/placement/7-global.def --output /openlane/designs/five/runs/RUN_2025.06.08_20.26.44/tmp/placement/7-global.odb /openlane/designs/five/runs/RUN_2025.06.08_20.26.44/results/floorplan/five.odb |& tee /dev/null /openlane/designs/five/runs/RUN_2025.06.08_20.26.44/logs/placement/7-global.log}"

Sun Jun 08 20:27:04 +0000 2025 - Executing "openroad -exit /openlane/scripts/openroad/resizer.tcl |& tee /dev/null /openlane/designs/five/runs/RUN_2025.06.08_20.26.44/logs/placement/8-resizer.log"

Sun Jun 08 20:27:04 +0000 2025 - Executing "{openroad -exit /openlane/scripts/openroad/resizer.tcl |& tee /dev/null /openlane/designs/five/runs/RUN_2025.06.08_20.26.44/logs/placement/8-resizer.log}"

Sun Jun 08 20:27:08 +0000 2025 - Executing "{sed -i.bak -e {s/\(set ::env(CURRENT_NETLIST)\).*/\1 \/openlane\/designs\/five\/runs\/RUN_2025.06.08_20.26.44\/tmp\/placement\/8-resizer.nl.v/} /openlane/designs/five/runs/RUN_2025.06.08_20.26.44/config.tcl}"

Sun Jun 08 20:27:08 +0000 2025 - Executing "openroad -exit /openlane/scripts/openroad/dpl.tcl |& tee /dev/null /openlane/designs/five/runs/RUN_2025.06.08_20.26.44/logs/placement/9-detailed.log"

Sun Jun 08 20:27:08 +0000 2025 - Executing "{openroad -exit /openlane/scripts/openroad/dpl.tcl |& tee /dev/null /openlane/designs/five/runs/RUN_2025.06.08_20.26.44/logs/placement/9-detailed.log}"

Sun Jun 08 20:27:09 +0000 2025 - Executing "{sed -i.bak -e {s/\(set ::env(CURRENT_NETLIST)\).*/\1 \/openlane\/designs\/five\/runs\/RUN_2025.06.08_20.26.44\/results\/placement\/five.nl.v/} /openlane/designs/five/runs/RUN_2025.06.08_20.26.44/config.tcl}"

Sun Jun 08 20:27:09 +0000 2025 - Executing "openroad -exit /openlane/scripts/openroad/sta/multi_corner.tcl |& tee /dev/null /openlane/designs/five/runs/RUN_2025.06.08_20.26.44/logs/placement/10-dpl_sta.log"

Sun Jun 08 20:27:09 +0000 2025 - Executing "{openroad -exit /openlane/scripts/openroad/sta/multi_corner.tcl |& tee /dev/null /openlane/designs/five/runs/RUN_2025.06.08_20.26.44/logs/placement/10-dpl_sta.log}"

Sun Jun 08 20:27:11 +0000 2025 - Executing "openroad -exit /openlane/scripts/openroad/cts.tcl |& tee /dev/null /openlane/designs/five/runs/RUN_2025.06.08_20.26.44/logs/cts/11-cts.log"

Sun Jun 08 20:27:11 +0000 2025 - Executing "{openroad -exit /openlane/scripts/openroad/cts.tcl |& tee /dev/null /openlane/designs/five/runs/RUN_2025.06.08_20.26.44/logs/cts/11-cts.log}"

Sun Jun 08 20:27:26 +0000 2025 - Executing "openroad -exit /openlane/scripts/openroad/sta/multi_corner.tcl |& tee /dev/null /openlane/designs/five/runs/RUN_2025.06.08_20.26.44/logs/cts/12-cts_sta.log"

Sun Jun 08 20:27:26 +0000 2025 - Executing "{openroad -exit /openlane/scripts/openroad/sta/multi_corner.tcl |& tee /dev/null /openlane/designs/five/runs/RUN_2025.06.08_20.26.44/logs/cts/12-cts_sta.log}"

Sun Jun 08 20:27:27 +0000 2025 - Executing "openroad -exit /openlane/scripts/openroad/resizer_timing.tcl |& tee /dev/null /openlane/designs/five/runs/RUN_2025.06.08_20.26.44/logs/cts/13-resizer.log"

Sun Jun 08 20:27:28 +0000 2025 - Executing "{openroad -exit /openlane/scripts/openroad/resizer_timing.tcl |& tee /dev/null /openlane/designs/five/runs/RUN_2025.06.08_20.26.44/logs/cts/13-resizer.log}"

Sun Jun 08 20:27:31 +0000 2025 - Executing "{sed -i.bak -e {s/\(set ::env(CURRENT_NETLIST)\).*/\1 \/openlane\/designs\/five\/runs\/RUN_2025.06.08_20.26.44\/tmp\/cts\/13-five.resized.nl.v/} /openlane/designs/five/runs/RUN_2025.06.08_20.26.44/config.tcl}"

Sun Jun 08 20:27:31 +0000 2025 - Executing "openroad -exit /openlane/scripts/openroad/resizer_routing_design.tcl |& tee /dev/null /openlane/designs/five/runs/RUN_2025.06.08_20.26.44/logs/routing/14-resizer_design.log"

Sun Jun 08 20:27:32 +0000 2025 - Executing "{openroad -exit /openlane/scripts/openroad/resizer_routing_design.tcl |& tee /dev/null /openlane/designs/five/runs/RUN_2025.06.08_20.26.44/logs/routing/14-resizer_design.log}"

Sun Jun 08 20:27:35 +0000 2025 - Executing "{sed -i.bak -e {s/\(set ::env(CURRENT_NETLIST)\).*/\1 \/openlane\/designs\/five\/runs\/RUN_2025.06.08_20.26.44\/tmp\/14-five.nl.v/} /openlane/designs/five/runs/RUN_2025.06.08_20.26.44/config.tcl}"

Sun Jun 08 20:27:36 +0000 2025 - Executing "openroad -exit /openlane/scripts/openroad/sta/multi_corner.tcl |& tee /dev/null /openlane/designs/five/runs/RUN_2025.06.08_20.26.44/logs/routing/15-rsz_design_sta.log"

Sun Jun 08 20:27:36 +0000 2025 - Executing "{openroad -exit /openlane/scripts/openroad/sta/multi_corner.tcl |& tee /dev/null /openlane/designs/five/runs/RUN_2025.06.08_20.26.44/logs/routing/15-rsz_design_sta.log}"

Sun Jun 08 20:27:38 +0000 2025 - Executing "openroad -exit /openlane/scripts/openroad/resizer_routing_timing.tcl |& tee /dev/null /openlane/designs/five/runs/RUN_2025.06.08_20.26.44/logs/routing/16-resizer_timing.log"

Sun Jun 08 20:27:38 +0000 2025 - Executing "{openroad -exit /openlane/scripts/openroad/resizer_routing_timing.tcl |& tee /dev/null /openlane/designs/five/runs/RUN_2025.06.08_20.26.44/logs/routing/16-resizer_timing.log}"

Sun Jun 08 20:27:41 +0000 2025 - Executing "{sed -i.bak -e {s/\(set ::env(CURRENT_NETLIST)\).*/\1 \/openlane\/designs\/five\/runs\/RUN_2025.06.08_20.26.44\/tmp\/16-five.nl.v/} /openlane/designs/five/runs/RUN_2025.06.08_20.26.44/config.tcl}"

Sun Jun 08 20:27:41 +0000 2025 - Executing "openroad -exit /openlane/scripts/openroad/sta/multi_corner.tcl |& tee /dev/null /openlane/designs/five/runs/RUN_2025.06.08_20.26.44/logs/routing/17-rsz_timing_sta.log"

Sun Jun 08 20:27:42 +0000 2025 - Executing "{openroad -exit /openlane/scripts/openroad/sta/multi_corner.tcl |& tee /dev/null /openlane/designs/five/runs/RUN_2025.06.08_20.26.44/logs/routing/17-rsz_timing_sta.log}"

Sun Jun 08 20:27:43 +0000 2025 - Executing "openroad -exit /openlane/scripts/openroad/repair_antennas.tcl |& tee /dev/null /openlane/designs/five/runs/RUN_2025.06.08_20.26.44/logs/routing/18-global.log"

Sun Jun 08 20:27:43 +0000 2025 - Executing "{openroad -exit /openlane/scripts/openroad/repair_antennas.tcl |& tee /dev/null /openlane/designs/five/runs/RUN_2025.06.08_20.26.44/logs/routing/18-global.log}"

Sun Jun 08 20:27:45 +0000 2025 - Executing "openroad -exit /openlane/scripts/openroad/write_views.tcl |& tee /dev/null /openlane/designs/five/runs/RUN_2025.06.08_20.26.44/logs/routing/18-global_write_netlist.log"

Sun Jun 08 20:27:45 +0000 2025 - Executing "{openroad -exit /openlane/scripts/openroad/write_views.tcl |& tee /dev/null /openlane/designs/five/runs/RUN_2025.06.08_20.26.44/logs/routing/18-global_write_netlist.log}"

Sun Jun 08 20:27:46 +0000 2025 - Executing "{sed -i.bak -e {s/\(set ::env(CURRENT_NETLIST)\).*/\1 \/openlane\/designs\/five\/runs\/RUN_2025.06.08_20.26.44\/tmp\/routing\/global.nl.v/} /openlane/designs/five/runs/RUN_2025.06.08_20.26.44/config.tcl}"

Sun Jun 08 20:27:46 +0000 2025 - Executing "openroad -exit /openlane/scripts/openroad/sta/multi_corner.tcl |& tee /dev/null /openlane/designs/five/runs/RUN_2025.06.08_20.26.44/logs/routing/20-grt_sta.log"

Sun Jun 08 20:27:46 +0000 2025 - Executing "{openroad -exit /openlane/scripts/openroad/sta/multi_corner.tcl |& tee /dev/null /openlane/designs/five/runs/RUN_2025.06.08_20.26.44/logs/routing/20-grt_sta.log}"

Sun Jun 08 20:27:48 +0000 2025 - Executing "openroad -exit /openlane/scripts/openroad/fill.tcl |& tee /dev/null /openlane/designs/five/runs/RUN_2025.06.08_20.26.44/logs/routing/21-fill.log"

Sun Jun 08 20:27:48 +0000 2025 - Executing "{openroad -exit /openlane/scripts/openroad/fill.tcl |& tee /dev/null /openlane/designs/five/runs/RUN_2025.06.08_20.26.44/logs/routing/21-fill.log}"

Sun Jun 08 20:27:49 +0000 2025 - Executing "{sed -i.bak -e {s/\(set ::env(CURRENT_NETLIST)\).*/\1 \/openlane\/designs\/five\/runs\/RUN_2025.06.08_20.26.44\/tmp\/routing\/21-fill.nl.v/} /openlane/designs/five/runs/RUN_2025.06.08_20.26.44/config.tcl}"

Sun Jun 08 20:27:49 +0000 2025 - Executing "openroad -exit -metrics /openlane/designs/five/runs/RUN_2025.06.08_20.26.44/reports/routing/22-drt_metrics.json /openlane/scripts/openroad/droute.tcl |& tee /dev/null /openlane/designs/five/runs/RUN_2025.06.08_20.26.44/logs/routing/22-detailed.log"

Sun Jun 08 20:27:49 +0000 2025 - Executing "{openroad -exit -metrics /openlane/designs/five/runs/RUN_2025.06.08_20.26.44/reports/routing/22-drt_metrics.json /openlane/scripts/openroad/droute.tcl |& tee /dev/null /openlane/designs/five/runs/RUN_2025.06.08_20.26.44/logs/routing/22-detailed.log}"

Sun Jun 08 20:27:55 +0000 2025 - Executing "{sed -i.bak -e {s/\(set ::env(CURRENT_NETLIST)\).*/\1 \/openlane\/designs\/five\/runs\/RUN_2025.06.08_20.26.44\/results\/routing\/five.nl.v/} /openlane/designs/five/runs/RUN_2025.06.08_20.26.44/config.tcl}"

Sun Jun 08 20:27:55 +0000 2025 - Executing "{python3 /openlane/scripts/drc_rosetta.py tr to_klayout -o /openlane/designs/five/runs/RUN_2025.06.08_20.26.44/reports/routing/drt.klayout.xml --design-name five /openlane/designs/five/runs/RUN_2025.06.08_20.26.44/reports/routing/drt.drc}"

Sun Jun 08 20:27:56 +0000 2025 - Executing "{openroad -exit -no_init -python /openlane/scripts/odbpy/wire_lengths.py --report-out /openlane/designs/five/runs/RUN_2025.06.08_20.26.44/reports/routing/23-wire_lengths.csv --input-lef /openlane/designs/five/runs/RUN_2025.06.08_20.26.44/tmp/merged.nom.lef --output-def /openlane/designs/five/runs/RUN_2025.06.08_20.26.44/results/routing/five.def --output /openlane/designs/five/runs/RUN_2025.06.08_20.26.44/results/routing/five.odb /openlane/designs/five/runs/RUN_2025.06.08_20.26.44/results/routing/five.odb |& tee /dev/null /openlane/designs/five/runs/RUN_2025.06.08_20.26.44/logs/routing/23-wire_lengths.log}"

Sun Jun 08 20:27:58 +0000 2025 - Executing "openroad -exit /openlane/scripts/openroad/rcx.tcl |& tee /dev/null /openlane/designs/five/runs/RUN_2025.06.08_20.26.44/logs/signoff/24-parasitics_extraction.min.log"

Sun Jun 08 20:27:58 +0000 2025 - Executing "{openroad -exit /openlane/scripts/openroad/rcx.tcl |& tee /dev/null /openlane/designs/five/runs/RUN_2025.06.08_20.26.44/logs/signoff/24-parasitics_extraction.min.log}"

Sun Jun 08 20:28:00 +0000 2025 - Executing "sta -exit -no_init /openlane/scripts/openroad/sta/multi_corner.tcl |& tee /dev/null /openlane/designs/five/runs/RUN_2025.06.08_20.26.44/logs/signoff/25-rcx_mcsta.min.log"

Sun Jun 08 20:28:00 +0000 2025 - Executing "{sta -exit -no_init /openlane/scripts/openroad/sta/multi_corner.tcl |& tee /dev/null /openlane/designs/five/runs/RUN_2025.06.08_20.26.44/logs/signoff/25-rcx_mcsta.min.log}"

Sun Jun 08 20:28:03 +0000 2025 - Executing "openroad -exit /openlane/scripts/openroad/rcx.tcl |& tee /dev/null /openlane/designs/five/runs/RUN_2025.06.08_20.26.44/logs/signoff/26-parasitics_extraction.max.log"

Sun Jun 08 20:28:03 +0000 2025 - Executing "{openroad -exit /openlane/scripts/openroad/rcx.tcl |& tee /dev/null /openlane/designs/five/runs/RUN_2025.06.08_20.26.44/logs/signoff/26-parasitics_extraction.max.log}"

Sun Jun 08 20:28:05 +0000 2025 - Executing "sta -exit -no_init /openlane/scripts/openroad/sta/multi_corner.tcl |& tee /dev/null /openlane/designs/five/runs/RUN_2025.06.08_20.26.44/logs/signoff/27-rcx_mcsta.max.log"

Sun Jun 08 20:28:05 +0000 2025 - Executing "{sta -exit -no_init /openlane/scripts/openroad/sta/multi_corner.tcl |& tee /dev/null /openlane/designs/five/runs/RUN_2025.06.08_20.26.44/logs/signoff/27-rcx_mcsta.max.log}"

Sun Jun 08 20:28:08 +0000 2025 - Executing "openroad -exit /openlane/scripts/openroad/rcx.tcl |& tee /dev/null /openlane/designs/five/runs/RUN_2025.06.08_20.26.44/logs/signoff/28-parasitics_extraction.nom.log"

Sun Jun 08 20:28:08 +0000 2025 - Executing "{openroad -exit /openlane/scripts/openroad/rcx.tcl |& tee /dev/null /openlane/designs/five/runs/RUN_2025.06.08_20.26.44/logs/signoff/28-parasitics_extraction.nom.log}"

Sun Jun 08 20:28:10 +0000 2025 - Executing "sta -exit -no_init /openlane/scripts/openroad/sta/multi_corner.tcl |& tee /dev/null /openlane/designs/five/runs/RUN_2025.06.08_20.26.44/logs/signoff/29-rcx_mcsta.nom.log"

Sun Jun 08 20:28:10 +0000 2025 - Executing "{sta -exit -no_init /openlane/scripts/openroad/sta/multi_corner.tcl |& tee /dev/null /openlane/designs/five/runs/RUN_2025.06.08_20.26.44/logs/signoff/29-rcx_mcsta.nom.log}"

Sun Jun 08 20:28:14 +0000 2025 - Executing "openroad -exit /openlane/scripts/openroad/irdrop.tcl |& tee /dev/null /openlane/designs/five/runs/RUN_2025.06.08_20.26.44/logs/signoff/30-irdrop.log"

Sun Jun 08 20:28:14 +0000 2025 - Executing "{openroad -exit /openlane/scripts/openroad/irdrop.tcl |& tee /dev/null /openlane/designs/five/runs/RUN_2025.06.08_20.26.44/logs/signoff/30-irdrop.log}"

Sun Jun 08 20:28:17 +0000 2025 - Executing "magic -noconsole -dnull -rcfile /home/ceyda/pdks/sky130A/libs.tech/magic/sky130A.magicrc < /openlane/scripts/magic/wrapper.tcl |& tee /dev/null /openlane/designs/five/runs/RUN_2025.06.08_20.26.44/logs/signoff/31-gdsii.log"

Sun Jun 08 20:28:17 +0000 2025 - Executing "{magic -noconsole -dnull -rcfile /home/ceyda/pdks/sky130A/libs.tech/magic/sky130A.magicrc < /openlane/scripts/magic/wrapper.tcl |& tee /dev/null /openlane/designs/five/runs/RUN_2025.06.08_20.26.44/logs/signoff/31-gdsii.log}"

Sun Jun 08 20:28:18 +0000 2025 - Executing "magic -noconsole -dnull -rcfile /home/ceyda/pdks/sky130A/libs.tech/magic/sky130A.magicrc < /openlane/scripts/magic/wrapper.tcl |& tee /dev/null /openlane/designs/five/runs/RUN_2025.06.08_20.26.44/logs/signoff/31-gds_ptrs.log"

Sun Jun 08 20:28:18 +0000 2025 - Executing "{magic -noconsole -dnull -rcfile /home/ceyda/pdks/sky130A/libs.tech/magic/sky130A.magicrc < /openlane/scripts/magic/wrapper.tcl |& tee /dev/null /openlane/designs/five/runs/RUN_2025.06.08_20.26.44/logs/signoff/31-gds_ptrs.log}"

Sun Jun 08 20:28:19 +0000 2025 - Executing "{sed -i.bak -n {/^<< properties >>/,/^<< end >>/p} /openlane/designs/five/runs/RUN_2025.06.08_20.26.44/tmp/signoff/gds_ptrs.mag}"

Sun Jun 08 20:28:20 +0000 2025 - Executing "magic -noconsole -dnull -rcfile /home/ceyda/pdks/sky130A/libs.tech/magic/sky130A.magicrc < /openlane/scripts/magic/wrapper.tcl |& tee /dev/null /openlane/designs/five/runs/RUN_2025.06.08_20.26.44/logs/signoff/31-lef.log"

Sun Jun 08 20:28:20 +0000 2025 - Executing "{magic -noconsole -dnull -rcfile /home/ceyda/pdks/sky130A/libs.tech/magic/sky130A.magicrc < /openlane/scripts/magic/wrapper.tcl |& tee /dev/null /openlane/designs/five/runs/RUN_2025.06.08_20.26.44/logs/signoff/31-lef.log}"

Sun Jun 08 20:28:21 +0000 2025 - Executing "magic -noconsole -dnull -rcfile /home/ceyda/pdks/sky130A/libs.tech/magic/sky130A.magicrc < /openlane/scripts/magic/wrapper.tcl |& tee /dev/null /openlane/designs/five/runs/RUN_2025.06.08_20.26.44/logs/signoff/31-maglef.log"

Sun Jun 08 20:28:21 +0000 2025 - Executing "{magic -noconsole -dnull -rcfile /home/ceyda/pdks/sky130A/libs.tech/magic/sky130A.magicrc < /openlane/scripts/magic/wrapper.tcl |& tee /dev/null /openlane/designs/five/runs/RUN_2025.06.08_20.26.44/logs/signoff/31-maglef.log}"

Sun Jun 08 20:28:22 +0000 2025 - Executing "{python3 /openlane/scripts/klayout/stream_out.py --output /openlane/designs/five/runs/RUN_2025.06.08_20.26.44/results/signoff/five.klayout.gds --lyt /home/ceyda/pdks/sky130A/libs.tech/klayout/tech/sky130A.lyt --lym /home/ceyda/pdks/sky130A/libs.tech/klayout/tech/sky130A.map --lyp /home/ceyda/pdks/sky130A/libs.tech/klayout/tech/sky130A.lyp --top five --with-gds-file /home/ceyda/pdks/sky130A/libs.ref/sky130_fd_sc_hd/gds/sky130_fd_sc_hd.gds --input-lef /openlane/designs/five/runs/RUN_2025.06.08_20.26.44/tmp/merged.nom.lef /openlane/designs/five/runs/RUN_2025.06.08_20.26.44/results/routing/five.def |& tee /dev/null /openlane/designs/five/runs/RUN_2025.06.08_20.26.44/logs/signoff/32-gdsii-klayout.log}"

Sun Jun 08 20:28:24 +0000 2025 - Executing "{klayout -b -r /openlane/scripts/klayout/xor.drc -rd a=/openlane/designs/five/runs/RUN_2025.06.08_20.26.44/results/signoff/five.gds -rd b=/openlane/designs/five/runs/RUN_2025.06.08_20.26.44/results/signoff/five.klayout.gds -rd jobs=1 -rd rdb_out=/openlane/designs/five/runs/RUN_2025.06.08_20.26.44/reports/signoff/33-xor.xml -rd ignore=81/14 -rd rpt_out=/openlane/designs/five/runs/RUN_2025.06.08_20.26.44/reports/signoff/33-xor.rpt |& tee /dev/null /openlane/designs/five/runs/RUN_2025.06.08_20.26.44/logs/signoff/33-xor.log}"

Sun Jun 08 20:28:30 +0000 2025 - Executing "magic -noconsole -dnull -rcfile /home/ceyda/pdks/sky130A/libs.tech/magic/sky130A.magicrc < /openlane/scripts/magic/wrapper.tcl |& tee /dev/null /openlane/designs/five/runs/RUN_2025.06.08_20.26.44/logs/signoff/34-spice.log"

Sun Jun 08 20:28:30 +0000 2025 - Executing "{magic -noconsole -dnull -rcfile /home/ceyda/pdks/sky130A/libs.tech/magic/sky130A.magicrc < /openlane/scripts/magic/wrapper.tcl |& tee /dev/null /openlane/designs/five/runs/RUN_2025.06.08_20.26.44/logs/signoff/34-spice.log}"

Sun Jun 08 20:28:35 +0000 2025 - Executing "{openroad -exit -no_init -python /openlane/scripts/odbpy/power_utils.py write_powered_def --output /openlane/designs/five/runs/RUN_2025.06.08_20.26.44/tmp/signoff/34-five.p.def --input-lef /openlane/designs/five/runs/RUN_2025.06.08_20.26.44/tmp/merged.nom.lef --power-port VPWR --ground-port VGND --powered-netlist {} /openlane/designs/five/runs/RUN_2025.06.08_20.26.44/results/routing/five.def |& tee /dev/null /openlane/designs/five/runs/RUN_2025.06.08_20.26.44/logs/signoff/35-write_powered_def.log}"

Sun Jun 08 20:28:36 +0000 2025 - Executing "openroad -exit /openlane/scripts/openroad/write_views.tcl |& tee /dev/null /openlane/designs/five/runs/RUN_2025.06.08_20.26.44/logs/signoff/35-write_powered_verilog.log"

Sun Jun 08 20:28:36 +0000 2025 - Executing "{openroad -exit /openlane/scripts/openroad/write_views.tcl |& tee /dev/null /openlane/designs/five/runs/RUN_2025.06.08_20.26.44/logs/signoff/35-write_powered_verilog.log}"

Sun Jun 08 20:28:37 +0000 2025 - Executing "{sed -i.bak -e {s/\(set ::env(CURRENT_NETLIST)\).*/\1 \/openlane\/designs\/five\/runs\/RUN_2025.06.08_20.26.44\/tmp\/signoff\/34-five.nl.v/} /openlane/designs/five/runs/RUN_2025.06.08_20.26.44/config.tcl}"

Sun Jun 08 20:28:38 +0000 2025 - Executing "{netgen -batch source /openlane/designs/five/runs/RUN_2025.06.08_20.26.44/tmp/signoff/37-setup_file.lef.lvs |& tee /dev/null /openlane/designs/five/runs/RUN_2025.06.08_20.26.44/logs/signoff/37-lvs.lef.log}"

Sun Jun 08 20:28:39 +0000 2025 - Executing "magic -noconsole -dnull -rcfile /home/ceyda/pdks/sky130A/libs.tech/magic/sky130A.magicrc < /openlane/scripts/magic/wrapper.tcl |& tee /dev/null /openlane/designs/five/runs/RUN_2025.06.08_20.26.44/logs/signoff/38-drc.log"

Sun Jun 08 20:28:39 +0000 2025 - Executing "{magic -noconsole -dnull -rcfile /home/ceyda/pdks/sky130A/libs.tech/magic/sky130A.magicrc < /openlane/scripts/magic/wrapper.tcl |& tee /dev/null /openlane/designs/five/runs/RUN_2025.06.08_20.26.44/logs/signoff/38-drc.log}"

Sun Jun 08 20:28:48 +0000 2025 - Executing "{python3 /openlane/scripts/drc_rosetta.py magic to_tcl -o /openlane/designs/five/runs/RUN_2025.06.08_20.26.44/reports/signoff/drc.tcl /openlane/designs/five/runs/RUN_2025.06.08_20.26.44/reports/signoff/drc.rpt}"

Sun Jun 08 20:28:48 +0000 2025 - Executing "{python3 /openlane/scripts/drc_rosetta.py magic to_tr -o /openlane/designs/five/runs/RUN_2025.06.08_20.26.44/reports/signoff/drc.tr /openlane/designs/five/runs/RUN_2025.06.08_20.26.44/reports/signoff/drc.rpt}"

Sun Jun 08 20:28:48 +0000 2025 - Executing "{python3 /openlane/scripts/drc_rosetta.py tr to_klayout -o /openlane/designs/five/runs/RUN_2025.06.08_20.26.44/reports/signoff/drc.klayout.xml --design-name five /openlane/designs/five/runs/RUN_2025.06.08_20.26.44/reports/signoff/drc.tr}"

Sun Jun 08 20:28:48 +0000 2025 - Executing "{python3 /openlane/scripts/drc_rosetta.py magic to_rdb -o /openlane/designs/five/runs/RUN_2025.06.08_20.26.44/reports/signoff/drc.rdb /openlane/designs/five/runs/RUN_2025.06.08_20.26.44/reports/signoff/drc.rpt}"

Sun Jun 08 20:28:49 +0000 2025 - Executing "{klayout -b -zz -r /home/ceyda/pdks/sky130A/libs.tech/klayout/drc/sky130A_mr.drc -rd topcell=five -rd input=/openlane/designs/five/runs/RUN_2025.06.08_20.26.44/results/signoff/five.gds -rd report=/openlane/designs/five/runs/RUN_2025.06.08_20.26.44/reports/signoff/violations.xml -rd feol=true -rd beol=true -rd floating_metal=false -rd seal=true -rd thread=1 |& tee /dev/null /openlane/designs/five/runs/RUN_2025.06.08_20.26.44/logs/signoff/39-drc-klayout.log}"

Sun Jun 08 20:29:08 +0000 2025 - Executing "{python3 /openlane/scripts/klayout/xml_drc_report_to_json.py --xml-file /openlane/designs/five/runs/RUN_2025.06.08_20.26.44/reports/signoff/violations.xml --json-file /openlane/designs/five/runs/RUN_2025.06.08_20.26.44/reports/signoff/violations.json}"

Sun Jun 08 20:29:09 +0000 2025 - Executing "openroad -exit /openlane/scripts/openroad/antenna_check.tcl |& tee /dev/null /openlane/designs/five/runs/RUN_2025.06.08_20.26.44/logs/signoff/40-arc.log"

Sun Jun 08 20:29:09 +0000 2025 - Executing "{openroad -exit /openlane/scripts/openroad/antenna_check.tcl |& tee /dev/null /openlane/designs/five/runs/RUN_2025.06.08_20.26.44/logs/signoff/40-arc.log}"

Sun Jun 08 20:29:10 +0000 2025 - Executing "{python3 /openlane/scripts/extract_antenna_violators.py --output /openlane/designs/five/runs/RUN_2025.06.08_20.26.44/reports/signoff/40-antenna_violators.rpt --plain-out /openlane/designs/five/runs/RUN_2025.06.08_20.26.44/reports/signoff/40-antenna_violators_pins.txt /openlane/designs/five/runs/RUN_2025.06.08_20.26.44/logs/signoff/40-arc.log}"

Sun Jun 08 20:29:10 +0000 2025 - Executing "{python3 /openlane/scripts/write_runtime.py --conclude --seconds --time-in 1749414550 {flow completed}}"

Sun Jun 08 20:29:11 +0000 2025 - Executing "{python3 /openlane/scripts/generate_reports.py -d /openlane/designs/five --design_name five --tag RUN_2025.06.08_20.26.44 --output_file /openlane/designs/five/runs/RUN_2025.06.08_20.26.44/reports/metrics.csv --man_report /openlane/designs/five/runs/RUN_2025.06.08_20.26.44/reports/manufacturability.rpt --run_path /openlane/designs/five/runs/RUN_2025.06.08_20.26.44}"

