
68. Printing statistics.

=== TopCPU ===

   Number of wires:               2666
   Number of wire bits:           2672
   Number of public wires:         457
   Number of public wire bits:     463
   Number of memories:               0
   Number of memory bits:            0
   Number of processes:              0
   Number of cells:               2669
     sky130_fd_sc_hd__a2111o_2       2
     sky130_fd_sc_hd__a211o_2       75
     sky130_fd_sc_hd__a211oi_2       3
     sky130_fd_sc_hd__a21bo_2        4
     sky130_fd_sc_hd__a21boi_2       6
     sky130_fd_sc_hd__a21o_2       100
     sky130_fd_sc_hd__a21oi_2       44
     sky130_fd_sc_hd__a221o_2        8
     sky130_fd_sc_hd__a22o_2         9
     sky130_fd_sc_hd__a22oi_2        6
     sky130_fd_sc_hd__a2bb2o_2      10
     sky130_fd_sc_hd__a311o_2        1
     sky130_fd_sc_hd__a311oi_2       1
     sky130_fd_sc_hd__a31o_2        53
     sky130_fd_sc_hd__a31oi_2        7
     sky130_fd_sc_hd__a32o_2         9
     sky130_fd_sc_hd__a41o_2         2
     sky130_fd_sc_hd__and2_2        51
     sky130_fd_sc_hd__and2b_2       15
     sky130_fd_sc_hd__and3_2        55
     sky130_fd_sc_hd__and3b_2        4
     sky130_fd_sc_hd__and4_2         6
     sky130_fd_sc_hd__and4b_2        2
     sky130_fd_sc_hd__buf_1        873
     sky130_fd_sc_hd__dfrtp_2        5
     sky130_fd_sc_hd__dfxtp_2      448
     sky130_fd_sc_hd__inv_2         28
     sky130_fd_sc_hd__mux2_2       327
     sky130_fd_sc_hd__mux4_2         5
     sky130_fd_sc_hd__nand2_2       46
     sky130_fd_sc_hd__nand3_2        7
     sky130_fd_sc_hd__nand3b_2       1
     sky130_fd_sc_hd__nor2_2        47
     sky130_fd_sc_hd__nor2b_2        1
     sky130_fd_sc_hd__nor3_2         3
     sky130_fd_sc_hd__nor4_2         2
     sky130_fd_sc_hd__nor4b_2        1
     sky130_fd_sc_hd__o2111a_2       1
     sky130_fd_sc_hd__o211a_2       96
     sky130_fd_sc_hd__o211ai_2       5
     sky130_fd_sc_hd__o21a_2        40
     sky130_fd_sc_hd__o21ai_2       26
     sky130_fd_sc_hd__o21ba_2        3
     sky130_fd_sc_hd__o21bai_2       3
     sky130_fd_sc_hd__o221a_2        7
     sky130_fd_sc_hd__o22a_2         5
     sky130_fd_sc_hd__o22ai_2        3
     sky130_fd_sc_hd__o2bb2a_2      10
     sky130_fd_sc_hd__o311a_2        4
     sky130_fd_sc_hd__o31a_2        14
     sky130_fd_sc_hd__o31ai_2        1
     sky130_fd_sc_hd__o32a_2         1
     sky130_fd_sc_hd__o41a_2         1
     sky130_fd_sc_hd__or2_2         73
     sky130_fd_sc_hd__or2b_2        10
     sky130_fd_sc_hd__or3_2         37
     sky130_fd_sc_hd__or3b_2         6
     sky130_fd_sc_hd__or4_2          4
     sky130_fd_sc_hd__or4b_2         3
     sky130_fd_sc_hd__xnor2_2       36
     sky130_fd_sc_hd__xor2_2        13

   Chip area for module '\TopCPU': 25795.990400

