Tue Jun 17 11:57:59 +0000 2025 - Executing "{openroad -exit -no_init -python /openlane/scripts/odbpy/lefutil.py get_metal_layers -o /openlane/designs/project6/runs/RUN_2025.06.17_11.57.59/tmp/layers.list /home/ceyda/pdks/sky130A/libs.ref/sky130_fd_sc_hd/techlef/sky130_fd_sc_hd__nom.tlef}"

Tue Jun 17 11:57:59 +0000 2025 - Executing "{/openlane/scripts/mergeLef.py -o /openlane/designs/project6/runs/RUN_2025.06.17_11.57.59/tmp/merged.nom.lef -i /home/ceyda/pdks/sky130A/libs.ref/sky130_fd_sc_hd/techlef/sky130_fd_sc_hd__nom.tlef {/home/ceyda/pdks/sky130A/libs.ref/sky130_fd_sc_hd/lef/sky130_fd_sc_hd.lef /home/ceyda/pdks/sky130A/libs.ref/sky130_fd_sc_hd/lef/sky130_ef_sc_hd.lef} |& tee /dev/null}"

Tue Jun 17 11:58:00 +0000 2025 - Executing "{/openlane/scripts/mergeLef.py -o /openlane/designs/project6/runs/RUN_2025.06.17_11.57.59/tmp/merged.min.lef -i /home/ceyda/pdks/sky130A/libs.ref/sky130_fd_sc_hd/techlef/sky130_fd_sc_hd__min.tlef {/home/ceyda/pdks/sky130A/libs.ref/sky130_fd_sc_hd/lef/sky130_fd_sc_hd.lef /home/ceyda/pdks/sky130A/libs.ref/sky130_fd_sc_hd/lef/sky130_ef_sc_hd.lef} |& tee /dev/null}"

Tue Jun 17 11:58:00 +0000 2025 - Executing "{/openlane/scripts/mergeLef.py -o /openlane/designs/project6/runs/RUN_2025.06.17_11.57.59/tmp/merged.max.lef -i /home/ceyda/pdks/sky130A/libs.ref/sky130_fd_sc_hd/techlef/sky130_fd_sc_hd__max.tlef {/home/ceyda/pdks/sky130A/libs.ref/sky130_fd_sc_hd/lef/sky130_fd_sc_hd.lef /home/ceyda/pdks/sky130A/libs.ref/sky130_fd_sc_hd/lef/sky130_ef_sc_hd.lef} |& tee /dev/null}"

Tue Jun 17 11:58:00 +0000 2025 - Executing "{python3 /openlane/scripts/mergeLib.py --output /openlane/designs/project6/runs/RUN_2025.06.17_11.57.59/tmp/synthesis/merged.lib --name sky130A_merged /home/ceyda/pdks/sky130A/libs.ref/sky130_fd_sc_hd/lib/sky130_fd_sc_hd__tt_025C_1v80.lib}"

Tue Jun 17 11:57:59 +0000 2025 - Executing "{python3 /openlane/scripts/libtrim.py --cell-file /openlane/designs/project6/runs/RUN_2025.06.17_11.57.59/tmp/synthesis/trimmed.lib.exclude.list --output /openlane/designs/project6/runs/RUN_2025.06.17_11.57.59/tmp/synthesis/trimmed.lib /openlane/designs/project6/runs/RUN_2025.06.17_11.57.59/tmp/synthesis/merged.lib}"

Tue Jun 17 11:57:59 +0000 2025 - Executing "{python3 /openlane/scripts/libtrim.py --cell-file /openlane/designs/project6/runs/RUN_2025.06.17_11.57.59/tmp/cts/cts.lib.exclude.list --output /openlane/designs/project6/runs/RUN_2025.06.17_11.57.59/tmp/cts/cts.lib /home/ceyda/pdks/sky130A/libs.ref/sky130_fd_sc_hd/lib/sky130_fd_sc_hd__tt_025C_1v80.lib}"

Tue Jun 17 11:58:00 +0000 2025 - Executing "{python3 /openlane/scripts/libtrim.py --cell-file /openlane/designs/project6/runs/RUN_2025.06.17_11.57.59/tmp/cts/cts-fastest.lib.exclude.list --output /openlane/designs/project6/runs/RUN_2025.06.17_11.57.59/tmp/cts/cts-fastest.lib /home/ceyda/pdks/sky130A/libs.ref/sky130_fd_sc_hd/lib/sky130_fd_sc_hd__ff_n40C_1v95.lib}"

Tue Jun 17 11:58:00 +0000 2025 - Executing "{python3 /openlane/scripts/libtrim.py --cell-file /openlane/designs/project6/runs/RUN_2025.06.17_11.57.59/tmp/cts/cts-slowest.lib.exclude.list --output /openlane/designs/project6/runs/RUN_2025.06.17_11.57.59/tmp/cts/cts-slowest.lib /home/ceyda/pdks/sky130A/libs.ref/sky130_fd_sc_hd/lib/sky130_fd_sc_hd__ss_100C_1v60.lib}"

Tue Jun 17 11:58:00 +0000 2025 - Executing "{python3 /openlane/scripts/new_tracks.py -i /home/ceyda/pdks/sky130A/libs.tech/openlane/sky130_fd_sc_hd/tracks.info -o /openlane/designs/project6/runs/RUN_2025.06.17_11.57.59/tmp/routing/config.tracks}"

Tue Jun 17 11:58:00 +0000 2025 - Executing "{echo {OpenLane 7ed142f113392ec373761b0908b9899dfaf9d47b} > /openlane/designs/project6/runs/RUN_2025.06.17_11.57.59/OPENLANE_COMMIT}"

Tue Jun 17 11:58:01 +0000 2025 - Executing "{yosys -c /openlane/scripts/yosys/blackbox.tcl}"

Tue Jun 17 11:58:01 +0000 2025 - Executing "{verilator -Wall --lint-only --Wno-DECLFILENAME --top-module TopCPU /openlane/designs/project6/runs/RUN_2025.06.17_11.57.59/tmp/synthesis/blackbox/sky130_fd_sc_hd__blackbox.v /openlane/designs/project6/src/ALU.v /openlane/designs/project6/src/TopCPU.v /openlane/designs/project6/src/CPU.v /openlane/designs/project6/src/RegisterFile.v /openlane/designs/project6/src/Decoder.v /openlane/designs/project6/src/SevenSeg.v -Wno-fatal --relative-includes |& tee /openlane/designs/project6/runs/RUN_2025.06.17_11.57.59/logs/synthesis/linter.log /dev/null}"

Tue Jun 17 11:58:01 +0000 2025 - Executing "{sed -E {s/^([[:space:]]+)pg_pin(.*)/\1pin\2\n\1    direction : "inout";/g} /home/ceyda/pdks/sky130A/libs.ref/sky130_fd_sc_hd/lib/sky130_fd_sc_hd__tt_025C_1v80.lib > /openlane/designs/project6/runs/RUN_2025.06.17_11.57.59/tmp/synthesis/1-sky130_fd_sc_hd__tt_025C_1v80.no_pg.lib}"

Tue Jun 17 11:58:01 +0000 2025 - Executing "{sed -E {s/^([[:space:]]+)pg_pin(.*)/\1pin\2\n\1    direction : "inout";/g} /openlane/designs/project6/runs/RUN_2025.06.17_11.57.59/tmp/synthesis/trimmed.lib > /openlane/designs/project6/runs/RUN_2025.06.17_11.57.59/tmp/synthesis/1-trimmed.no_pg.lib}"

Tue Jun 17 11:58:01 +0000 2025 - Executing "yosys -c /openlane/scripts/yosys/synth.tcl |& tee /dev/null /openlane/designs/project6/runs/RUN_2025.06.17_11.57.59/logs/synthesis/1-synthesis.log"

Tue Jun 17 11:58:01 +0000 2025 - Executing "{yosys -c /openlane/scripts/yosys/synth.tcl |& tee /dev/null /openlane/designs/project6/runs/RUN_2025.06.17_11.57.59/logs/synthesis/1-synthesis.log}"

Tue Jun 17 11:58:09 +0000 2025 - Executing "{sed -i.bak -e {s/\(set ::env(CURRENT_NETLIST)\).*/\1 \/openlane\/designs\/project6\/runs\/RUN_2025.06.17_11.57.59\/results\/synthesis\/TopCPU.v/} /openlane/designs/project6/runs/RUN_2025.06.17_11.57.59/config.tcl}"

Tue Jun 17 11:58:09 +0000 2025 - Executing "{sed -i.bak /defparam/d /openlane/designs/project6/runs/RUN_2025.06.17_11.57.59/results/synthesis/TopCPU.v}"

Tue Jun 17 11:58:09 +0000 2025 - Executing "sta -exit -no_init /openlane/scripts/openroad/sta/multi_corner.tcl |& tee /dev/null /openlane/designs/project6/runs/RUN_2025.06.17_11.57.59/logs/synthesis/2-sta.log"

Tue Jun 17 11:58:09 +0000 2025 - Executing "{sta -exit -no_init /openlane/scripts/openroad/sta/multi_corner.tcl |& tee /dev/null /openlane/designs/project6/runs/RUN_2025.06.17_11.57.59/logs/synthesis/2-sta.log}"

Tue Jun 17 11:58:10 +0000 2025 - Executing "openroad -exit /openlane/scripts/openroad/floorplan.tcl |& tee /dev/null /openlane/designs/project6/runs/RUN_2025.06.17_11.57.59/logs/floorplan/3-initial_fp.log"

Tue Jun 17 11:58:10 +0000 2025 - Executing "{openroad -exit /openlane/scripts/openroad/floorplan.tcl |& tee /dev/null /openlane/designs/project6/runs/RUN_2025.06.17_11.57.59/logs/floorplan/3-initial_fp.log}"

Tue Jun 17 11:58:11 +0000 2025 - Executing "{openroad -exit -no_init -python /openlane/scripts/odbpy/defutil.py extract_core_dims --output-data /openlane/designs/project6/runs/RUN_2025.06.17_11.57.59/tmp/dimensions.txt --input-lef /openlane/designs/project6/runs/RUN_2025.06.17_11.57.59/tmp/merged.nom.lef /openlane/designs/project6/runs/RUN_2025.06.17_11.57.59/tmp/floorplan/3-initial_fp.def}"

Tue Jun 17 11:58:11 +0000 2025 - Executing "{openroad -exit -no_init -python /openlane/scripts/odbpy/io_place.py --config /openlane/designs/project6/pin_order.cfg --hor-layer met3 --ver-layer met2 --ver-width-mult 2 --hor-width-mult 2 --hor-extension 0 --ver-extension 0 --length 4 --unmatched-error --input-lef /openlane/designs/project6/runs/RUN_2025.06.17_11.57.59/tmp/merged.nom.lef --output-def /openlane/designs/project6/runs/RUN_2025.06.17_11.57.59/tmp/floorplan/4-io.def --output /openlane/designs/project6/runs/RUN_2025.06.17_11.57.59/tmp/floorplan/4-io.odb /openlane/designs/project6/runs/RUN_2025.06.17_11.57.59/tmp/floorplan/3-initial_fp.odb |& tee /dev/null /openlane/designs/project6/runs/RUN_2025.06.17_11.57.59/logs/floorplan/4-place_io.log}"

Tue Jun 17 11:58:12 +0000 2025 - Executing "openroad -exit /openlane/scripts/openroad/tapcell.tcl |& tee /dev/null /openlane/designs/project6/runs/RUN_2025.06.17_11.57.59/logs/floorplan/5-tap.log"

Tue Jun 17 11:58:12 +0000 2025 - Executing "{openroad -exit /openlane/scripts/openroad/tapcell.tcl |& tee /dev/null /openlane/designs/project6/runs/RUN_2025.06.17_11.57.59/logs/floorplan/5-tap.log}"

Tue Jun 17 11:58:12 +0000 2025 - Executing "openroad -exit /openlane/scripts/openroad/pdn.tcl |& tee /dev/null /openlane/designs/project6/runs/RUN_2025.06.17_11.57.59/logs/floorplan/6-pdn.log"

Tue Jun 17 11:58:12 +0000 2025 - Executing "{openroad -exit /openlane/scripts/openroad/pdn.tcl |& tee /dev/null /openlane/designs/project6/runs/RUN_2025.06.17_11.57.59/logs/floorplan/6-pdn.log}"

Tue Jun 17 11:58:13 +0000 2025 - Executing "{openroad -exit -no_init -python /openlane/scripts/odbpy/random_place.py --input-lef /openlane/designs/project6/runs/RUN_2025.06.17_11.57.59/tmp/merged.nom.lef --output-def /openlane/designs/project6/runs/RUN_2025.06.17_11.57.59/tmp/placement/7-global.def --output /openlane/designs/project6/runs/RUN_2025.06.17_11.57.59/tmp/placement/7-global.odb /openlane/designs/project6/runs/RUN_2025.06.17_11.57.59/results/floorplan/TopCPU.odb |& tee /dev/null /openlane/designs/project6/runs/RUN_2025.06.17_11.57.59/logs/placement/7-global.log}"

Tue Jun 17 11:58:14 +0000 2025 - Executing "openroad -exit /openlane/scripts/openroad/resizer.tcl |& tee /dev/null /openlane/designs/project6/runs/RUN_2025.06.17_11.57.59/logs/placement/8-resizer.log"

Tue Jun 17 11:58:14 +0000 2025 - Executing "{openroad -exit /openlane/scripts/openroad/resizer.tcl |& tee /dev/null /openlane/designs/project6/runs/RUN_2025.06.17_11.57.59/logs/placement/8-resizer.log}"

Tue Jun 17 11:58:17 +0000 2025 - Executing "{sed -i.bak -e {s/\(set ::env(CURRENT_NETLIST)\).*/\1 \/openlane\/designs\/project6\/runs\/RUN_2025.06.17_11.57.59\/tmp\/placement\/8-resizer.nl.v/} /openlane/designs/project6/runs/RUN_2025.06.17_11.57.59/config.tcl}"

Tue Jun 17 11:58:17 +0000 2025 - Executing "openroad -exit /openlane/scripts/openroad/dpl.tcl |& tee /dev/null /openlane/designs/project6/runs/RUN_2025.06.17_11.57.59/logs/placement/9-detailed.log"

Tue Jun 17 11:58:17 +0000 2025 - Executing "{openroad -exit /openlane/scripts/openroad/dpl.tcl |& tee /dev/null /openlane/designs/project6/runs/RUN_2025.06.17_11.57.59/logs/placement/9-detailed.log}"

Tue Jun 17 11:58:17 +0000 2025 - Executing "{sed -i.bak -e {s/\(set ::env(CURRENT_NETLIST)\).*/\1 \/openlane\/designs\/project6\/runs\/RUN_2025.06.17_11.57.59\/results\/placement\/TopCPU.nl.v/} /openlane/designs/project6/runs/RUN_2025.06.17_11.57.59/config.tcl}"

Tue Jun 17 11:58:18 +0000 2025 - Executing "openroad -exit /openlane/scripts/openroad/sta/multi_corner.tcl |& tee /dev/null /openlane/designs/project6/runs/RUN_2025.06.17_11.57.59/logs/placement/10-dpl_sta.log"

Tue Jun 17 11:58:18 +0000 2025 - Executing "{openroad -exit /openlane/scripts/openroad/sta/multi_corner.tcl |& tee /dev/null /openlane/designs/project6/runs/RUN_2025.06.17_11.57.59/logs/placement/10-dpl_sta.log}"

Tue Jun 17 11:58:19 +0000 2025 - Executing "openroad -exit /openlane/scripts/openroad/cts.tcl |& tee /dev/null /openlane/designs/project6/runs/RUN_2025.06.17_11.57.59/logs/cts/11-cts.log"

Tue Jun 17 11:58:19 +0000 2025 - Executing "{openroad -exit /openlane/scripts/openroad/cts.tcl |& tee /dev/null /openlane/designs/project6/runs/RUN_2025.06.17_11.57.59/logs/cts/11-cts.log}"

Tue Jun 17 11:58:27 +0000 2025 - Executing "openroad -exit /openlane/scripts/openroad/sta/multi_corner.tcl |& tee /dev/null /openlane/designs/project6/runs/RUN_2025.06.17_11.57.59/logs/cts/12-cts_sta.log"

Tue Jun 17 11:58:27 +0000 2025 - Executing "{openroad -exit /openlane/scripts/openroad/sta/multi_corner.tcl |& tee /dev/null /openlane/designs/project6/runs/RUN_2025.06.17_11.57.59/logs/cts/12-cts_sta.log}"

Tue Jun 17 11:58:28 +0000 2025 - Executing "openroad -exit /openlane/scripts/openroad/resizer_timing.tcl |& tee /dev/null /openlane/designs/project6/runs/RUN_2025.06.17_11.57.59/logs/cts/13-resizer.log"

Tue Jun 17 11:58:28 +0000 2025 - Executing "{openroad -exit /openlane/scripts/openroad/resizer_timing.tcl |& tee /dev/null /openlane/designs/project6/runs/RUN_2025.06.17_11.57.59/logs/cts/13-resizer.log}"

Tue Jun 17 11:59:10 +0000 2025 - Executing "{sed -i.bak -e {s/\(set ::env(CURRENT_NETLIST)\).*/\1 \/openlane\/designs\/project6\/runs\/RUN_2025.06.17_11.57.59\/tmp\/cts\/13-TopCPU.resized.nl.v/} /openlane/designs/project6/runs/RUN_2025.06.17_11.57.59/config.tcl}"

Tue Jun 17 11:59:10 +0000 2025 - Executing "openroad -exit /openlane/scripts/openroad/resizer_routing_design.tcl |& tee /dev/null /openlane/designs/project6/runs/RUN_2025.06.17_11.57.59/logs/routing/14-resizer_design.log"

Tue Jun 17 11:59:10 +0000 2025 - Executing "{openroad -exit /openlane/scripts/openroad/resizer_routing_design.tcl |& tee /dev/null /openlane/designs/project6/runs/RUN_2025.06.17_11.57.59/logs/routing/14-resizer_design.log}"

Tue Jun 17 12:00:21 +0000 2025 - Executing "{sed -i.bak -e {s/\(set ::env(CURRENT_NETLIST)\).*/\1 \/openlane\/designs\/project6\/runs\/RUN_2025.06.17_11.57.59\/tmp\/14-TopCPU.nl.v/} /openlane/designs/project6/runs/RUN_2025.06.17_11.57.59/config.tcl}"

Tue Jun 17 12:00:21 +0000 2025 - Executing "openroad -exit /openlane/scripts/openroad/sta/multi_corner.tcl |& tee /dev/null /openlane/designs/project6/runs/RUN_2025.06.17_11.57.59/logs/routing/15-rsz_design_sta.log"

Tue Jun 17 12:00:21 +0000 2025 - Executing "{openroad -exit /openlane/scripts/openroad/sta/multi_corner.tcl |& tee /dev/null /openlane/designs/project6/runs/RUN_2025.06.17_11.57.59/logs/routing/15-rsz_design_sta.log}"

Tue Jun 17 12:00:23 +0000 2025 - Executing "openroad -exit /openlane/scripts/openroad/resizer_routing_timing.tcl |& tee /dev/null /openlane/designs/project6/runs/RUN_2025.06.17_11.57.59/logs/routing/16-resizer_timing.log"

Tue Jun 17 12:00:23 +0000 2025 - Executing "{openroad -exit /openlane/scripts/openroad/resizer_routing_timing.tcl |& tee /dev/null /openlane/designs/project6/runs/RUN_2025.06.17_11.57.59/logs/routing/16-resizer_timing.log}"

Tue Jun 17 12:01:46 +0000 2025 - Executing "{sed -i.bak -e {s/\(set ::env(CURRENT_NETLIST)\).*/\1 \/openlane\/designs\/project6\/runs\/RUN_2025.06.17_11.57.59\/tmp\/16-TopCPU.nl.v/} /openlane/designs/project6/runs/RUN_2025.06.17_11.57.59/config.tcl}"

Tue Jun 17 12:01:46 +0000 2025 - Executing "openroad -exit /openlane/scripts/openroad/sta/multi_corner.tcl |& tee /dev/null /openlane/designs/project6/runs/RUN_2025.06.17_11.57.59/logs/routing/17-rsz_timing_sta.log"

Tue Jun 17 12:01:46 +0000 2025 - Executing "{openroad -exit /openlane/scripts/openroad/sta/multi_corner.tcl |& tee /dev/null /openlane/designs/project6/runs/RUN_2025.06.17_11.57.59/logs/routing/17-rsz_timing_sta.log}"

Tue Jun 17 12:01:48 +0000 2025 - Executing "openroad -exit /openlane/scripts/openroad/repair_antennas.tcl |& tee /dev/null /openlane/designs/project6/runs/RUN_2025.06.17_11.57.59/logs/routing/18-global.log"

Tue Jun 17 12:01:48 +0000 2025 - Executing "{openroad -exit /openlane/scripts/openroad/repair_antennas.tcl |& tee /dev/null /openlane/designs/project6/runs/RUN_2025.06.17_11.57.59/logs/routing/18-global.log}"

Tue Jun 17 12:05:25 +0000 2025 - Executing "openroad -exit /openlane/scripts/openroad/write_views.tcl |& tee /dev/null /openlane/designs/project6/runs/RUN_2025.06.17_11.57.59/logs/routing/18-global_write_netlist.log"

Tue Jun 17 12:05:25 +0000 2025 - Executing "{openroad -exit /openlane/scripts/openroad/write_views.tcl |& tee /dev/null /openlane/designs/project6/runs/RUN_2025.06.17_11.57.59/logs/routing/18-global_write_netlist.log}"

Tue Jun 17 12:05:26 +0000 2025 - Executing "{sed -i.bak -e {s/\(set ::env(CURRENT_NETLIST)\).*/\1 \/openlane\/designs\/project6\/runs\/RUN_2025.06.17_11.57.59\/tmp\/routing\/global.nl.v/} /openlane/designs/project6/runs/RUN_2025.06.17_11.57.59/config.tcl}"

Tue Jun 17 12:05:26 +0000 2025 - Executing "openroad -exit /openlane/scripts/openroad/sta/multi_corner.tcl |& tee /dev/null /openlane/designs/project6/runs/RUN_2025.06.17_11.57.59/logs/routing/20-grt_sta.log"

Tue Jun 17 12:05:26 +0000 2025 - Executing "{openroad -exit /openlane/scripts/openroad/sta/multi_corner.tcl |& tee /dev/null /openlane/designs/project6/runs/RUN_2025.06.17_11.57.59/logs/routing/20-grt_sta.log}"

Tue Jun 17 12:05:29 +0000 2025 - Executing "openroad -exit /openlane/scripts/openroad/fill.tcl |& tee /dev/null /openlane/designs/project6/runs/RUN_2025.06.17_11.57.59/logs/routing/21-fill.log"

Tue Jun 17 12:05:29 +0000 2025 - Executing "{openroad -exit /openlane/scripts/openroad/fill.tcl |& tee /dev/null /openlane/designs/project6/runs/RUN_2025.06.17_11.57.59/logs/routing/21-fill.log}"

Tue Jun 17 12:05:30 +0000 2025 - Executing "{sed -i.bak -e {s/\(set ::env(CURRENT_NETLIST)\).*/\1 \/openlane\/designs\/project6\/runs\/RUN_2025.06.17_11.57.59\/tmp\/routing\/21-fill.nl.v/} /openlane/designs/project6/runs/RUN_2025.06.17_11.57.59/config.tcl}"

Tue Jun 17 12:05:30 +0000 2025 - Executing "openroad -exit -metrics /openlane/designs/project6/runs/RUN_2025.06.17_11.57.59/reports/routing/22-drt_metrics.json /openlane/scripts/openroad/droute.tcl |& tee /dev/null /openlane/designs/project6/runs/RUN_2025.06.17_11.57.59/logs/routing/22-detailed.log"

Tue Jun 17 12:05:30 +0000 2025 - Executing "{openroad -exit -metrics /openlane/designs/project6/runs/RUN_2025.06.17_11.57.59/reports/routing/22-drt_metrics.json /openlane/scripts/openroad/droute.tcl |& tee /dev/null /openlane/designs/project6/runs/RUN_2025.06.17_11.57.59/logs/routing/22-detailed.log}"

