
===========================================================================
 report_power
============================================================================
======================= Fastest Corner ===================================

Group                  Internal  Switching    Leakage      Total
                          Power      Power      Power      Power (Watts)
----------------------------------------------------------------
Sequential             1.50e-04   0.00e+00   3.08e-08   1.50e-04  38.1%
Combinational          3.18e-06   1.71e-05   1.04e-09   2.03e-05   5.1%
Clock                  1.34e-04   9.09e-05   1.63e-09   2.25e-04  56.8%
Macro                  0.00e+00   0.00e+00   0.00e+00   0.00e+00   0.0%
Pad                    0.00e+00   0.00e+00   0.00e+00   0.00e+00   0.0%
----------------------------------------------------------------
Total                  2.87e-04   1.08e-04   3.35e-08   3.95e-04 100.0%
                          72.7%      27.3%       0.0%

======================= Slowest Corner ===================================

Group                  Internal  Switching    Leakage      Total
                          Power      Power      Power      Power (Watts)
----------------------------------------------------------------
Sequential             9.90e-05   0.00e+00   6.24e-07   9.96e-05  36.9%
Combinational          2.19e-06   1.14e-05   7.84e-07   1.44e-05   5.3%
Clock                  9.63e-05   5.96e-05   1.26e-07   1.56e-04  57.8%
Macro                  0.00e+00   0.00e+00   0.00e+00   0.00e+00   0.0%
Pad                    0.00e+00   0.00e+00   0.00e+00   0.00e+00   0.0%
----------------------------------------------------------------
Total                  1.98e-04   7.10e-05   1.53e-06   2.70e-04 100.0%
                          73.1%      26.3%       0.6%

======================= Typical Corner ===================================

Group                  Internal  Switching    Leakage      Total
                          Power      Power      Power      Power (Watts)
----------------------------------------------------------------
Sequential             1.29e-04   0.00e+00   3.04e-08   1.29e-04  38.0%
Combinational          2.68e-06   1.46e-05   6.83e-10   1.73e-05   5.1%
Clock                  1.17e-04   7.64e-05   1.29e-09   1.94e-04  56.9%
Macro                  0.00e+00   0.00e+00   0.00e+00   0.00e+00   0.0%
Pad                    0.00e+00   0.00e+00   0.00e+00   0.00e+00   0.0%
----------------------------------------------------------------
Total                  2.49e-04   9.10e-05   3.24e-08   3.40e-04 100.0%
                          73.2%      26.8%       0.0%

