
===========================================================================
 report_power
============================================================================
======================= Fastest Corner ===================================

Group                  Internal  Switching    Leakage      Total
                          Power      Power      Power      Power (Watts)
----------------------------------------------------------------
Sequential             1.51e-04   0.00e+00   3.08e-08   1.51e-04  38.6%
Combinational          3.16e-06   1.60e-05   1.04e-09   1.92e-05   4.9%
Clock                  1.34e-04   8.64e-05   1.63e-09   2.20e-04  56.4%
Macro                  0.00e+00   0.00e+00   0.00e+00   0.00e+00   0.0%
Pad                    0.00e+00   0.00e+00   0.00e+00   0.00e+00   0.0%
----------------------------------------------------------------
Total                  2.87e-04   1.02e-04   3.35e-08   3.90e-04 100.0%
                          73.7%      26.3%       0.0%

======================= Slowest Corner ===================================

Group                  Internal  Switching    Leakage      Total
                          Power      Power      Power      Power (Watts)
----------------------------------------------------------------
Sequential             9.91e-05   0.00e+00   6.24e-07   9.97e-05  37.4%
Combinational          2.19e-06   1.07e-05   7.84e-07   1.37e-05   5.1%
Clock                  9.63e-05   5.66e-05   1.26e-07   1.53e-04  57.4%
Macro                  0.00e+00   0.00e+00   0.00e+00   0.00e+00   0.0%
Pad                    0.00e+00   0.00e+00   0.00e+00   0.00e+00   0.0%
----------------------------------------------------------------
Total                  1.97e-04   6.72e-05   1.53e-06   2.66e-04 100.0%
                          74.2%      25.3%       0.6%

======================= Typical Corner ===================================

Group                  Internal  Switching    Leakage      Total
                          Power      Power      Power      Power (Watts)
----------------------------------------------------------------
Sequential             1.29e-04   0.00e+00   3.04e-08   1.29e-04  38.6%
Combinational          2.69e-06   1.37e-05   6.83e-10   1.64e-05   4.9%
Clock                  1.17e-04   7.25e-05   1.29e-09   1.90e-04  56.6%
Macro                  0.00e+00   0.00e+00   0.00e+00   0.00e+00   0.0%
Pad                    0.00e+00   0.00e+00   0.00e+00   0.00e+00   0.0%
----------------------------------------------------------------
Total                  2.49e-04   8.62e-05   3.24e-08   3.35e-04 100.0%
                          74.3%      25.7%       0.0%

