
===========================================================================
report_checks -unconstrained
===========================================================================
======================= Fastest Corner ===================================

Startpoint: rst (input port clocked by clk)
Endpoint: _340_ (recovery check against rising-edge clock clk)
Path Group: asynchronous
Path Type: max
Corner: Fastest

Fanout     Cap    Slew   Delay    Time   Description
-----------------------------------------------------------------------------
                          0.00    0.00   clock clk (rise edge)
                          0.00    0.00   clock network delay (propagated)
                          2.00    2.00 v input external delay
     1    0.00    0.00    0.00    2.00 v rst (in)
                                         rst (net)
                  0.00    0.00    2.00 v input1/A (sky130_fd_sc_hd__clkbuf_4)
     5    0.07    0.10    0.16    2.16 v input1/X (sky130_fd_sc_hd__clkbuf_4)
                                         net1 (net)
                  0.10    0.01    2.17 v _306_/A (sky130_fd_sc_hd__clkbuf_8)
    10    0.08    0.07    0.17    2.34 v _306_/X (sky130_fd_sc_hd__clkbuf_8)
                                         _160_ (net)
                  0.08    0.01    2.35 v _307_/A (sky130_fd_sc_hd__inv_2)
     1    0.04    0.12    0.13    2.48 ^ _307_/Y (sky130_fd_sc_hd__inv_2)
                                         _038_ (net)
                  0.12    0.00    2.48 ^ _340_/RESET_B (sky130_fd_sc_hd__dfrtp_4)
                                  2.48   data arrival time

                         10.00   10.00   clock clk (rise edge)
                          0.00   10.00   clock source latency
     1    0.02    0.09    0.06   10.06 ^ clk (in)
                                         clk (net)
                  0.09    0.00   10.06 ^ clkbuf_0_clk/A (sky130_fd_sc_hd__clkbuf_16)
     4    0.05    0.05    0.11   10.17 ^ clkbuf_0_clk/X (sky130_fd_sc_hd__clkbuf_16)
                                         clknet_0_clk (net)
                  0.05    0.00   10.17 ^ clkbuf_2_0__f_clk/A (sky130_fd_sc_hd__clkbuf_16)
     9    0.05    0.05    0.10   10.27 ^ clkbuf_2_0__f_clk/X (sky130_fd_sc_hd__clkbuf_16)
                                         clknet_2_0__leaf_clk (net)
                  0.05    0.00   10.27 ^ _340_/CLK (sky130_fd_sc_hd__dfrtp_4)
                         -0.25   10.02   clock uncertainty
                          0.00   10.02   clock reconvergence pessimism
                          0.10   10.13   library recovery time
                                 10.13   data required time
-----------------------------------------------------------------------------
                                 10.13   data required time
                                 -2.48   data arrival time
-----------------------------------------------------------------------------
                                  7.65   slack (MET)


Startpoint: _361_ (rising edge-triggered flip-flop clocked by clk)
Endpoint: seg[0] (output port clocked by clk)
Path Group: clk
Path Type: max
Corner: Fastest

Fanout     Cap    Slew   Delay    Time   Description
-----------------------------------------------------------------------------
                          0.00    0.00   clock clk (rise edge)
                          0.00    0.00   clock source latency
     1    0.02    0.09    0.06    0.06 ^ clk (in)
                                         clk (net)
                  0.09    0.00    0.06 ^ clkbuf_0_clk/A (sky130_fd_sc_hd__clkbuf_16)
     4    0.05    0.05    0.12    0.19 ^ clkbuf_0_clk/X (sky130_fd_sc_hd__clkbuf_16)
                                         clknet_0_clk (net)
                  0.05    0.00    0.19 ^ clkbuf_2_0__f_clk/A (sky130_fd_sc_hd__clkbuf_16)
     9    0.05    0.05    0.11    0.30 ^ clkbuf_2_0__f_clk/X (sky130_fd_sc_hd__clkbuf_16)
                                         clknet_2_0__leaf_clk (net)
                  0.05    0.00    0.30 ^ _361_/CLK (sky130_fd_sc_hd__dfrtp_4)
     6    0.05    0.09    0.37    0.67 v _361_/Q (sky130_fd_sc_hd__dfrtp_4)
                                         decoder.digit[3] (net)
                  0.09    0.00    0.67 v _165_/A (sky130_fd_sc_hd__nor2_2)
     2    0.03    0.26    0.25    0.92 ^ _165_/Y (sky130_fd_sc_hd__nor2_2)
                                         _066_ (net)
                  0.26    0.00    0.92 ^ _166_/B (sky130_fd_sc_hd__nand2_2)
     3    0.04    0.13    0.15    1.08 v _166_/Y (sky130_fd_sc_hd__nand2_2)
                                         _067_ (net)
                  0.14    0.00    1.08 v _167_/B (sky130_fd_sc_hd__nor2_2)
     3    0.03    0.27    0.26    1.34 ^ _167_/Y (sky130_fd_sc_hd__nor2_2)
                                         _068_ (net)
                  0.27    0.00    1.34 ^ _287_/B1 (sky130_fd_sc_hd__a2111o_1)
     2    0.02    0.15    0.17    1.51 ^ _287_/X (sky130_fd_sc_hd__a2111o_1)
                                         net5 (net)
                  0.15    0.00    1.52 ^ _370_/A (sky130_fd_sc_hd__buf_1)
     1    0.02    0.16    0.16    1.67 ^ _370_/X (sky130_fd_sc_hd__buf_1)
                                         net2 (net)
                  0.16    0.00    1.68 ^ output2/A (sky130_fd_sc_hd__buf_2)
     1    0.03    0.13    0.17    1.85 ^ output2/X (sky130_fd_sc_hd__buf_2)
                                         seg[0] (net)
                  0.13    0.00    1.85 ^ seg[0] (out)
                                  1.85   data arrival time

                         10.00   10.00   clock clk (rise edge)
                          0.00   10.00   clock network delay (propagated)
                         -0.25    9.75   clock uncertainty
                          0.00    9.75   clock reconvergence pessimism
                         -2.00    7.75   output external delay
                                  7.75   data required time
-----------------------------------------------------------------------------
                                  7.75   data required time
                                 -1.85   data arrival time
-----------------------------------------------------------------------------
                                  5.90   slack (MET)



======================= Slowest Corner ===================================

Startpoint: rst (input port clocked by clk)
Endpoint: _340_ (recovery check against rising-edge clock clk)
Path Group: asynchronous
Path Type: max
Corner: Slowest

Fanout     Cap    Slew   Delay    Time   Description
-----------------------------------------------------------------------------
                          0.00    0.00   clock clk (rise edge)
                          0.00    0.00   clock network delay (propagated)
                          2.00    2.00 v input external delay
     1    0.00    0.02    0.01    2.01 v rst (in)
                                         rst (net)
                  0.02    0.00    2.01 v input1/A (sky130_fd_sc_hd__clkbuf_4)
     5    0.07    0.26    0.42    2.43 v input1/X (sky130_fd_sc_hd__clkbuf_4)
                                         net1 (net)
                  0.26    0.01    2.43 v _306_/A (sky130_fd_sc_hd__clkbuf_8)
    10    0.08    0.17    0.46    2.89 v _306_/X (sky130_fd_sc_hd__clkbuf_8)
                                         _160_ (net)
                  0.17    0.01    2.90 v _307_/A (sky130_fd_sc_hd__inv_2)
     1    0.04    0.26    0.29    3.19 ^ _307_/Y (sky130_fd_sc_hd__inv_2)
                                         _038_ (net)
                  0.26    0.00    3.20 ^ _340_/RESET_B (sky130_fd_sc_hd__dfrtp_4)
                                  3.20   data arrival time

                         10.00   10.00   clock clk (rise edge)
                          0.00   10.00   clock source latency
     1    0.02    0.18    0.12   10.12 ^ clk (in)
                                         clk (net)
                  0.18    0.00   10.12 ^ clkbuf_0_clk/A (sky130_fd_sc_hd__clkbuf_16)
     4    0.05    0.11    0.30   10.42 ^ clkbuf_0_clk/X (sky130_fd_sc_hd__clkbuf_16)
                                         clknet_0_clk (net)
                  0.11    0.00   10.42 ^ clkbuf_2_0__f_clk/A (sky130_fd_sc_hd__clkbuf_16)
     9    0.04    0.10    0.26   10.68 ^ clkbuf_2_0__f_clk/X (sky130_fd_sc_hd__clkbuf_16)
                                         clknet_2_0__leaf_clk (net)
                  0.10    0.00   10.68 ^ _340_/CLK (sky130_fd_sc_hd__dfrtp_4)
                         -0.25   10.43   clock uncertainty
                          0.00   10.43   clock reconvergence pessimism
                          0.36   10.79   library recovery time
                                 10.79   data required time
-----------------------------------------------------------------------------
                                 10.79   data required time
                                 -3.20   data arrival time
-----------------------------------------------------------------------------
                                  7.60   slack (MET)


Startpoint: _342_ (rising edge-triggered flip-flop clocked by clk)
Endpoint: _339_ (rising edge-triggered flip-flop clocked by clk)
Path Group: clk
Path Type: max
Corner: Slowest

Fanout     Cap    Slew   Delay    Time   Description
-----------------------------------------------------------------------------
                          0.00    0.00   clock clk (rise edge)
                          0.00    0.00   clock source latency
     1    0.02    0.18    0.13    0.13 ^ clk (in)
                                         clk (net)
                  0.18    0.00    0.13 ^ clkbuf_0_clk/A (sky130_fd_sc_hd__clkbuf_16)
     4    0.05    0.11    0.33    0.46 ^ clkbuf_0_clk/X (sky130_fd_sc_hd__clkbuf_16)
                                         clknet_0_clk (net)
                  0.11    0.00    0.46 ^ clkbuf_2_1__f_clk/A (sky130_fd_sc_hd__clkbuf_16)
    11    0.04    0.09    0.27    0.74 ^ clkbuf_2_1__f_clk/X (sky130_fd_sc_hd__clkbuf_16)
                                         clknet_2_1__leaf_clk (net)
                  0.09    0.00    0.74 ^ _342_/CLK (sky130_fd_sc_hd__dfrtp_2)
     5    0.03    0.20    1.01    1.75 v _342_/Q (sky130_fd_sc_hd__dfrtp_2)
                                         one_second_counter[12] (net)
                  0.20    0.00    1.75 v _180_/C (sky130_fd_sc_hd__and4_1)
     2    0.02    0.23    0.63    2.38 v _180_/X (sky130_fd_sc_hd__and4_1)
                                         _078_ (net)
                  0.23    0.00    2.38 v _181_/D (sky130_fd_sc_hd__or4_2)
     1    0.02    0.35    1.66    4.05 v _181_/X (sky130_fd_sc_hd__or4_2)
                                         _079_ (net)
                  0.35    0.00    4.05 v _184_/A3 (sky130_fd_sc_hd__o31a_1)
     1    0.03    0.26    0.79    4.83 v _184_/X (sky130_fd_sc_hd__o31a_1)
                                         _082_ (net)
                  0.26    0.00    4.84 v _186_/A2 (sky130_fd_sc_hd__o211ai_2)
     2    0.02    0.47    0.54    5.38 ^ _186_/Y (sky130_fd_sc_hd__o211ai_2)
                                         _084_ (net)
                  0.47    0.00    5.38 ^ _187_/A2 (sky130_fd_sc_hd__a21bo_2)
     9    0.06    0.46    0.74    6.12 ^ _187_/X (sky130_fd_sc_hd__a21bo_2)
                                         _085_ (net)
                  0.46    0.00    6.13 ^ _188_/A (sky130_fd_sc_hd__inv_2)
     2    0.03    0.17    0.30    6.43 v _188_/Y (sky130_fd_sc_hd__inv_2)
                                         _086_ (net)
                  0.17    0.00    6.43 v _189_/A (sky130_fd_sc_hd__buf_4)
    10    0.08    0.19    0.44    6.87 v _189_/X (sky130_fd_sc_hd__buf_4)
                                         _027_ (net)
                  0.19    0.00    6.87 v _222_/A (sky130_fd_sc_hd__nor3_1)
     1    0.02    0.96    0.94    7.81 ^ _222_/Y (sky130_fd_sc_hd__nor3_1)
                                         _026_ (net)
                  0.96    0.00    7.82 ^ _339_/D (sky130_fd_sc_hd__dfrtp_2)
                                  7.82   data arrival time

                         10.00   10.00   clock clk (rise edge)
                          0.00   10.00   clock source latency
     1    0.02    0.18    0.12   10.12 ^ clk (in)
                                         clk (net)
                  0.18    0.00   10.12 ^ clkbuf_0_clk/A (sky130_fd_sc_hd__clkbuf_16)
     4    0.05    0.11    0.30   10.42 ^ clkbuf_0_clk/X (sky130_fd_sc_hd__clkbuf_16)
                                         clknet_0_clk (net)
                  0.11    0.00   10.42 ^ clkbuf_2_0__f_clk/A (sky130_fd_sc_hd__clkbuf_16)
     9    0.04    0.10    0.26   10.68 ^ clkbuf_2_0__f_clk/X (sky130_fd_sc_hd__clkbuf_16)
                                         clknet_2_0__leaf_clk (net)
                  0.10    0.00   10.68 ^ _339_/CLK (sky130_fd_sc_hd__dfrtp_2)
                         -0.25   10.43   clock uncertainty
                          0.04   10.47   clock reconvergence pessimism
                         -0.36   10.12   library setup time
                                 10.12   data required time
-----------------------------------------------------------------------------
                                 10.12   data required time
                                 -7.82   data arrival time
-----------------------------------------------------------------------------
                                  2.30   slack (MET)



======================= Typical Corner ===================================

Startpoint: rst (input port clocked by clk)
Endpoint: _340_ (recovery check against rising-edge clock clk)
Path Group: asynchronous
Path Type: max
Corner: Typical

Fanout     Cap    Slew   Delay    Time   Description
-----------------------------------------------------------------------------
                          0.00    0.00   clock clk (rise edge)
                          0.00    0.00   clock network delay (propagated)
                          2.00    2.00 v input external delay
     1    0.00    0.01    0.00    2.00 v rst (in)
                                         rst (net)
                  0.01    0.00    2.00 v input1/A (sky130_fd_sc_hd__clkbuf_4)
     5    0.07    0.15    0.23    2.24 v input1/X (sky130_fd_sc_hd__clkbuf_4)
                                         net1 (net)
                  0.15    0.01    2.24 v _306_/A (sky130_fd_sc_hd__clkbuf_8)
    10    0.08    0.10    0.25    2.50 v _306_/X (sky130_fd_sc_hd__clkbuf_8)
                                         _160_ (net)
                  0.10    0.01    2.51 v _307_/A (sky130_fd_sc_hd__inv_2)
     1    0.04    0.16    0.18    2.68 ^ _307_/Y (sky130_fd_sc_hd__inv_2)
                                         _038_ (net)
                  0.16    0.00    2.69 ^ _340_/RESET_B (sky130_fd_sc_hd__dfrtp_4)
                                  2.69   data arrival time

                         10.00   10.00   clock clk (rise edge)
                          0.00   10.00   clock source latency
     1    0.02    0.12    0.08   10.08 ^ clk (in)
                                         clk (net)
                  0.12    0.00   10.08 ^ clkbuf_0_clk/A (sky130_fd_sc_hd__clkbuf_16)
     4    0.05    0.07    0.17   10.24 ^ clkbuf_0_clk/X (sky130_fd_sc_hd__clkbuf_16)
                                         clknet_0_clk (net)
                  0.07    0.00   10.25 ^ clkbuf_2_0__f_clk/A (sky130_fd_sc_hd__clkbuf_16)
     9    0.04    0.06    0.15   10.39 ^ clkbuf_2_0__f_clk/X (sky130_fd_sc_hd__clkbuf_16)
                                         clknet_2_0__leaf_clk (net)
                  0.06    0.00   10.39 ^ _340_/CLK (sky130_fd_sc_hd__dfrtp_4)
                         -0.25   10.14   clock uncertainty
                          0.00   10.14   clock reconvergence pessimism
                          0.18   10.33   library recovery time
                                 10.33   data required time
-----------------------------------------------------------------------------
                                 10.33   data required time
                                 -2.69   data arrival time
-----------------------------------------------------------------------------
                                  7.64   slack (MET)


Startpoint: _361_ (rising edge-triggered flip-flop clocked by clk)
Endpoint: seg[0] (output port clocked by clk)
Path Group: clk
Path Type: max
Corner: Typical

Fanout     Cap    Slew   Delay    Time   Description
-----------------------------------------------------------------------------
                          0.00    0.00   clock clk (rise edge)
                          0.00    0.00   clock source latency
     1    0.02    0.12    0.08    0.08 ^ clk (in)
                                         clk (net)
                  0.12    0.00    0.08 ^ clkbuf_0_clk/A (sky130_fd_sc_hd__clkbuf_16)
     4    0.05    0.07    0.18    0.27 ^ clkbuf_0_clk/X (sky130_fd_sc_hd__clkbuf_16)
                                         clknet_0_clk (net)
                  0.07    0.00    0.27 ^ clkbuf_2_0__f_clk/A (sky130_fd_sc_hd__clkbuf_16)
     9    0.04    0.06    0.16    0.43 ^ clkbuf_2_0__f_clk/X (sky130_fd_sc_hd__clkbuf_16)
                                         clknet_2_0__leaf_clk (net)
                  0.06    0.00    0.43 ^ _361_/CLK (sky130_fd_sc_hd__dfrtp_4)
     6    0.05    0.12    0.58    1.01 v _361_/Q (sky130_fd_sc_hd__dfrtp_4)
                                         decoder.digit[3] (net)
                  0.12    0.00    1.02 v _165_/A (sky130_fd_sc_hd__nor2_2)
     2    0.03    0.36    0.36    1.38 ^ _165_/Y (sky130_fd_sc_hd__nor2_2)
                                         _066_ (net)
                  0.36    0.00    1.38 ^ _166_/B (sky130_fd_sc_hd__nand2_2)
     3    0.04    0.20    0.25    1.63 v _166_/Y (sky130_fd_sc_hd__nand2_2)
                                         _067_ (net)
                  0.20    0.00    1.64 v _167_/B (sky130_fd_sc_hd__nor2_2)
     3    0.03    0.37    0.37    2.01 ^ _167_/Y (sky130_fd_sc_hd__nor2_2)
                                         _068_ (net)
                  0.37    0.00    2.02 ^ _287_/B1 (sky130_fd_sc_hd__a2111o_1)
     2    0.02    0.20    0.30    2.31 ^ _287_/X (sky130_fd_sc_hd__a2111o_1)
                                         net5 (net)
                  0.20    0.00    2.31 ^ _370_/A (sky130_fd_sc_hd__buf_1)
     1    0.02    0.22    0.25    2.56 ^ _370_/X (sky130_fd_sc_hd__buf_1)
                                         net2 (net)
                  0.22    0.00    2.56 ^ output2/A (sky130_fd_sc_hd__buf_2)
     1    0.03    0.17    0.27    2.83 ^ output2/X (sky130_fd_sc_hd__buf_2)
                                         seg[0] (net)
                  0.17    0.00    2.83 ^ seg[0] (out)
                                  2.83   data arrival time

                         10.00   10.00   clock clk (rise edge)
                          0.00   10.00   clock network delay (propagated)
                         -0.25    9.75   clock uncertainty
                          0.00    9.75   clock reconvergence pessimism
                         -2.00    7.75   output external delay
                                  7.75   data required time
-----------------------------------------------------------------------------
                                  7.75   data required time
                                 -2.83   data arrival time
-----------------------------------------------------------------------------
                                  4.92   slack (MET)




===========================================================================
report_checks --slack_max -0.01
============================================================================
======================= Fastest Corner ===================================

No paths found.

======================= Slowest Corner ===================================

No paths found.

======================= Typical Corner ===================================

No paths found.


===========================================================================
 report_check_types -max_slew -max_cap -max_fanout -violators
============================================================================
======================= Fastest Corner ===================================

max fanout

Pin                                   Limit Fanout  Slack
---------------------------------------------------------
clkbuf_2_1__f_clk/X                      10     11        (VIOLATED)


max slew violations count Fastest: 0
max fanout violations count Fastest: 1
max cap violations count Fastest: 0
======================= Slowest Corner ===================================

max slew

Pin                                    Limit    Slew   Slack
------------------------------------------------------------
_215_/Y                                 0.75    1.04   -0.29 (VIOLATED)
_337_/D                                 0.75    1.04   -0.29 (VIOLATED)
_339_/D                                 0.75    0.96   -0.21 (VIOLATED)
_222_/Y                                 0.75    0.96   -0.21 (VIOLATED)
_335_/D                                 0.75    0.87   -0.12 (VIOLATED)
_209_/Y                                 0.75    0.87   -0.12 (VIOLATED)

max fanout

Pin                                   Limit Fanout  Slack
---------------------------------------------------------
clkbuf_2_1__f_clk/X                      10     11        (VIOLATED)


max slew violations count Slowest: 6
max fanout violations count Slowest: 1
max cap violations count Slowest: 0
======================= Typical Corner ===================================

max fanout

Pin                                   Limit Fanout  Slack
---------------------------------------------------------
clkbuf_2_1__f_clk/X                      10     11        (VIOLATED)


max slew violations count Typical: 0
max fanout violations count Typical: 1
max cap violations count Typical: 0

===========================================================================
report_parasitic_annotation -report_unannotated
============================================================================
Found 11 unannotated drivers.
 ZeroToFiveCounter_10/LO
 ZeroToFiveCounter_11/LO
 ZeroToFiveCounter_12/LO
 ZeroToFiveCounter_13/LO
 ZeroToFiveCounter_14/LO
 ZeroToFiveCounter_15/LO
 ZeroToFiveCounter_16/LO
 ZeroToFiveCounter_9/HI
 clkload0/Y
 clkload1/Y
 clkload2/Y
Found 0 partially unannotated drivers.

===========================================================================
max slew violation count 6
max fanout violation count 1
max cap violation count 0
============================================================================

===========================================================================
check_setup -verbose -unconstrained_endpoints -multiple_clock -no_clock -no_input_delay -loops -generated_clocks
===========================================================================
Warning: There are 8 unconstrained endpoints.
  an[0]
  an[1]
  an[2]
  an[3]
  an[4]
  an[5]
  an[6]
  an[7]
