
===========================================================================
report_checks -unconstrained
===========================================================================
======================= Typical Corner ===================================

Startpoint: rst (input port clocked by clk)
Endpoint: _330_ (recovery check against rising-edge clock clk)
Path Group: asynchronous
Path Type: max

Fanout     Cap    Slew   Delay    Time   Description
-----------------------------------------------------------------------------
                  0.15    0.00    0.00   clock clk (rise edge)
                          0.00    0.00   clock network delay (ideal)
                          2.00    2.00 v input external delay
     5    0.01    0.03    0.02    2.02 v rst (in)
                                         rst (net)
                  0.03    0.00    2.02 v _295_/A (sky130_fd_sc_hd__buf_1)
    10    0.04    0.25    0.27    2.29 v _295_/X (sky130_fd_sc_hd__buf_1)
                                         _159_ (net)
                  0.25    0.00    2.29 v _296_/A (sky130_fd_sc_hd__inv_2)
     1    0.00    0.06    0.10    2.39 ^ _296_/Y (sky130_fd_sc_hd__inv_2)
                                         _028_ (net)
                  0.06    0.00    2.39 ^ _330_/RESET_B (sky130_fd_sc_hd__dfrtp_2)
                                  2.39   data arrival time

                  0.15   10.00   10.00   clock clk (rise edge)
                          0.00   10.00   clock network delay (ideal)
                         -0.25    9.75   clock uncertainty
                          0.00    9.75   clock reconvergence pessimism
                                  9.75 ^ _330_/CLK (sky130_fd_sc_hd__dfrtp_2)
                          0.25   10.00   library recovery time
                                 10.00   data required time
-----------------------------------------------------------------------------
                                 10.00   data required time
                                 -2.39   data arrival time
-----------------------------------------------------------------------------
                                  7.60   slack (MET)


Startpoint: _361_ (rising edge-triggered flip-flop clocked by clk)
Endpoint: seg[0] (output port clocked by clk)
Path Group: clk
Path Type: max

Fanout     Cap    Slew   Delay    Time   Description
-----------------------------------------------------------------------------
                  0.15    0.00    0.00   clock clk (rise edge)
                          0.00    0.00   clock network delay (ideal)
                  0.15    0.00    0.00 ^ _361_/CLK (sky130_fd_sc_hd__dfrtp_2)
     6    0.02    0.13    0.47    0.47 ^ _361_/Q (sky130_fd_sc_hd__dfrtp_2)
                                         decoder.digit[3] (net)
                  0.13    0.00    0.47 ^ _285_/A (sky130_fd_sc_hd__nor2_2)
     4    0.01    0.06    0.09    0.56 v _285_/Y (sky130_fd_sc_hd__nor2_2)
                                         _155_ (net)
                  0.06    0.00    0.56 v _286_/C (sky130_fd_sc_hd__and3b_2)
     2    0.00    0.04    0.22    0.78 v _286_/X (sky130_fd_sc_hd__and3b_2)
                                         _156_ (net)
                  0.04    0.00    0.78 v _287_/C1 (sky130_fd_sc_hd__a2111o_2)
     2    0.04    0.15    0.54    1.32 v _287_/X (sky130_fd_sc_hd__a2111o_2)
                                         seg[3] (net)
                  0.15    0.00    1.32 v _370_/A (sky130_fd_sc_hd__buf_2)
     1    0.03    0.09    0.24    1.55 v _370_/X (sky130_fd_sc_hd__buf_2)
                                         seg[0] (net)
                  0.09    0.00    1.55 v seg[0] (out)
                                  1.55   data arrival time

                  0.15   10.00   10.00   clock clk (rise edge)
                          0.00   10.00   clock network delay (ideal)
                         -0.25    9.75   clock uncertainty
                          0.00    9.75   clock reconvergence pessimism
                         -2.00    7.75   output external delay
                                  7.75   data required time
-----------------------------------------------------------------------------
                                  7.75   data required time
                                 -1.55   data arrival time
-----------------------------------------------------------------------------
                                  6.20   slack (MET)




===========================================================================
report_checks --slack_max -0.01
============================================================================
======================= Typical Corner ===================================

No paths found.


===========================================================================
 report_check_types -max_slew -max_cap -max_fanout -violators
============================================================================
======================= Typical Corner ===================================


max slew violations count Typical: 0
max fanout violations count Typical: 0
max cap violations count Typical: 0

===========================================================================
report_parasitic_annotation -report_unannotated
============================================================================
Found 219 unannotated drivers.
 clk
 rst
 _162_/X
 _163_/Y
 _164_/Y
 _165_/Y
 _166_/Y
 _167_/Y
 _168_/X
 _169_/X
 _170_/X
 _171_/Y
 _172_/Y
 _173_/Y
 _174_/Y
 _175_/Y
 _176_/X
 _177_/X
 _178_/X
 _179_/X
 _180_/X
 _181_/X
 _182_/X
 _183_/X
 _184_/X
 _185_/X
 _186_/Y
 _187_/X
 _188_/Y
 _189_/X
 _190_/Y
 _191_/Y
 _192_/X
 _193_/X
 _194_/X
 _195_/Y
 _196_/X
 _197_/X
 _198_/X
 _199_/X
 _200_/X
 _201_/X
 _202_/X
 _203_/Y
 _204_/X
 _205_/X
 _206_/X
 _207_/Y
 _208_/X
 _209_/Y
 _210_/X
 _211_/Y
 _212_/X
 _213_/X
 _214_/Y
 _215_/Y
 _216_/X
 _217_/Y
 _218_/X
 _219_/X
 _220_/Y
 _221_/X
 _222_/Y
 _223_/X
 _224_/Y
 _225_/X
 _226_/X
 _227_/Y
 _228_/X
 _229_/Y
 _230_/X
 _231_/Y
 _232_/X
 _233_/X
 _234_/X
 _235_/Y
 _236_/X
 _237_/X
 _238_/Y
 _239_/Y
 _240_/X
 _241_/X
 _242_/X
 _243_/Y
 _244_/X
 _245_/X
 _246_/Y
 _247_/X
 _248_/Y
 _249_/X
 _250_/X
 _251_/X
 _252_/Y
 _253_/Y
 _254_/X
 _255_/X
 _256_/X
 _257_/X
 _258_/X
 _259_/Y
 _260_/X
 _261_/X
 _262_/X
 _263_/Y
 _264_/X
 _265_/X
 _266_/Y
 _267_/X
 _268_/Y
 _269_/X
 _270_/Y
 _271_/X
 _272_/X
 _273_/Y
 _274_/X
 _275_/Y
 _276_/Y
 _277_/X
 _278_/Y
 _279_/X
 _280_/Y
 _281_/X
 _282_/X
 _283_/X
 _284_/X
 _285_/Y
 _286_/X
 _287_/X
 _288_/Y
 _289_/Y
 _290_/X
 _291_/X
 _292_/X
 _293_/X
 _294_/Y
 _295_/X
 _296_/Y
 _297_/Y
 _298_/Y
 _299_/Y
 _300_/Y
 _301_/Y
 _302_/Y
 _303_/Y
 _304_/Y
 _305_/Y
 _306_/X
 _307_/Y
 _308_/Y
 _309_/Y
 _310_/Y
 _311_/Y
 _312_/Y
 _313_/Y
 _314_/Y
 _315_/Y
 _316_/Y
 _317_/X
 _318_/Y
 _319_/Y
 _320_/Y
 _321_/Y
 _322_/Y
 _323_/Y
 _324_/Y
 _325_/Y
 _326_/Y
 _327_/Y
 _328_/Y
 _329_/Y
 _330_/Q
 _331_/Q
 _332_/Q
 _333_/Q
 _334_/Q
 _335_/Q
 _336_/Q
 _337_/Q
 _338_/Q
 _339_/Q
 _340_/Q
 _341_/Q
 _342_/Q
 _343_/Q
 _344_/Q
 _345_/Q
 _346_/Q
 _347_/Q
 _348_/Q
 _349_/Q
 _350_/Q
 _351_/Q
 _352_/Q
 _353_/Q
 _354_/Q
 _355_/Q
 _356_/Q
 _357_/Q
 _358_/Q
 _359_/Q
 _360_/Q
 _361_/Q
 _362_/HI
 _362_/LO
 _363_/HI
 _363_/LO
 _364_/HI
 _364_/LO
 _365_/HI
 _365_/LO
 _366_/HI
 _366_/LO
 _367_/HI
 _367_/LO
 _368_/HI
 _368_/LO
 _369_/HI
 _369_/LO
 _370_/X
Found 0 partially unannotated drivers.

===========================================================================
max slew violation count 0
max fanout violation count 0
max cap violation count 0
============================================================================

===========================================================================
check_setup -verbose -unconstrained_endpoints -multiple_clock -no_clock -no_input_delay -loops -generated_clocks
===========================================================================
Warning: There are 8 unconstrained endpoints.
  an[0]
  an[1]
  an[2]
  an[3]
  an[4]
  an[5]
  an[6]
  an[7]
