
===========================================================================
 report_power
============================================================================
======================= Fastest Corner ===================================

Group                  Internal  Switching    Leakage      Total
                          Power      Power      Power      Power (Watts)
----------------------------------------------------------------
Sequential             1.51e-04   0.00e+00   3.08e-08   1.51e-04  39.2%
Combinational          3.14e-06   1.50e-05   1.04e-09   1.81e-05   4.7%
Clock                  1.34e-04   8.21e-05   1.63e-09   2.16e-04  56.1%
Macro                  0.00e+00   0.00e+00   0.00e+00   0.00e+00   0.0%
Pad                    0.00e+00   0.00e+00   0.00e+00   0.00e+00   0.0%
----------------------------------------------------------------
Total                  2.87e-04   9.71e-05   3.35e-08   3.84e-04 100.0%
                          74.7%      25.3%       0.0%

======================= Slowest Corner ===================================

Group                  Internal  Switching    Leakage      Total
                          Power      Power      Power      Power (Watts)
----------------------------------------------------------------
Sequential             9.91e-05   0.00e+00   6.24e-07   9.98e-05  38.0%
Combinational          2.19e-06   9.97e-06   7.84e-07   1.29e-05   4.9%
Clock                  9.61e-05   5.37e-05   1.26e-07   1.50e-04  57.1%
Macro                  0.00e+00   0.00e+00   0.00e+00   0.00e+00   0.0%
Pad                    0.00e+00   0.00e+00   0.00e+00   0.00e+00   0.0%
----------------------------------------------------------------
Total                  1.97e-04   6.36e-05   1.53e-06   2.63e-04 100.0%
                          75.2%      24.2%       0.6%

======================= Typical Corner ===================================

Group                  Internal  Switching    Leakage      Total
                          Power      Power      Power      Power (Watts)
----------------------------------------------------------------
Sequential             1.29e-04   0.00e+00   3.04e-08   1.29e-04  39.1%
Combinational          2.69e-06   1.28e-05   6.83e-10   1.55e-05   4.7%
Clock                  1.17e-04   6.89e-05   1.29e-09   1.86e-04  56.2%
Macro                  0.00e+00   0.00e+00   0.00e+00   0.00e+00   0.0%
Pad                    0.00e+00   0.00e+00   0.00e+00   0.00e+00   0.0%
----------------------------------------------------------------
Total                  2.49e-04   8.17e-05   3.24e-08   3.31e-04 100.0%
                          75.3%      24.7%       0.0%

