
===========================================================================
report_checks -unconstrained
===========================================================================
======================= Fastest Corner ===================================

Startpoint: rst (input port clocked by clk)
Endpoint: _340_ (recovery check against rising-edge clock clk)
Path Group: asynchronous
Path Type: max
Corner: Fastest

Fanout     Cap    Slew   Delay    Time   Description
-----------------------------------------------------------------------------
                          0.00    0.00   clock clk (rise edge)
                          0.00    0.00   clock network delay (propagated)
                          2.00    2.00 v input external delay
     1    0.00    0.00    0.00    2.00 v rst (in)
                                         rst (net)
                  0.00    0.00    2.00 v input1/A (sky130_fd_sc_hd__clkbuf_4)
     5    0.07    0.10    0.15    2.16 v input1/X (sky130_fd_sc_hd__clkbuf_4)
                                         net1 (net)
                  0.10    0.00    2.16 v _306_/A (sky130_fd_sc_hd__clkbuf_8)
    10    0.08    0.07    0.17    2.33 v _306_/X (sky130_fd_sc_hd__clkbuf_8)
                                         _160_ (net)
                  0.07    0.01    2.34 v _307_/A (sky130_fd_sc_hd__inv_2)
     1    0.03    0.12    0.12    2.46 ^ _307_/Y (sky130_fd_sc_hd__inv_2)
                                         _038_ (net)
                  0.12    0.00    2.46 ^ _340_/RESET_B (sky130_fd_sc_hd__dfrtp_4)
                                  2.46   data arrival time

                         10.00   10.00   clock clk (rise edge)
                          0.00   10.00   clock source latency
     1    0.02    0.08    0.05   10.05 ^ clk (in)
                                         clk (net)
                  0.08    0.00   10.05 ^ clkbuf_0_clk/A (sky130_fd_sc_hd__clkbuf_16)
     4    0.05    0.05    0.11   10.16 ^ clkbuf_0_clk/X (sky130_fd_sc_hd__clkbuf_16)
                                         clknet_0_clk (net)
                  0.05    0.00   10.16 ^ clkbuf_2_0__f_clk/A (sky130_fd_sc_hd__clkbuf_16)
     9    0.04    0.05    0.10   10.26 ^ clkbuf_2_0__f_clk/X (sky130_fd_sc_hd__clkbuf_16)
                                         clknet_2_0__leaf_clk (net)
                  0.05    0.00   10.26 ^ _340_/CLK (sky130_fd_sc_hd__dfrtp_4)
                         -0.25   10.01   clock uncertainty
                          0.00   10.01   clock reconvergence pessimism
                          0.11   10.12   library recovery time
                                 10.12   data required time
-----------------------------------------------------------------------------
                                 10.12   data required time
                                 -2.46   data arrival time
-----------------------------------------------------------------------------
                                  7.66   slack (MET)


Startpoint: _361_ (rising edge-triggered flip-flop clocked by clk)
Endpoint: seg[0] (output port clocked by clk)
Path Group: clk
Path Type: max
Corner: Fastest

Fanout     Cap    Slew   Delay    Time   Description
-----------------------------------------------------------------------------
                          0.00    0.00   clock clk (rise edge)
                          0.00    0.00   clock source latency
     1    0.02    0.08    0.06    0.06 ^ clk (in)
                                         clk (net)
                  0.08    0.00    0.06 ^ clkbuf_0_clk/A (sky130_fd_sc_hd__clkbuf_16)
     4    0.05    0.05    0.12    0.18 ^ clkbuf_0_clk/X (sky130_fd_sc_hd__clkbuf_16)
                                         clknet_0_clk (net)
                  0.05    0.00    0.18 ^ clkbuf_2_0__f_clk/A (sky130_fd_sc_hd__clkbuf_16)
     9    0.04    0.05    0.11    0.29 ^ clkbuf_2_0__f_clk/X (sky130_fd_sc_hd__clkbuf_16)
                                         clknet_2_0__leaf_clk (net)
                  0.05    0.00    0.29 ^ _361_/CLK (sky130_fd_sc_hd__dfrtp_4)
     6    0.05    0.08    0.36    0.65 v _361_/Q (sky130_fd_sc_hd__dfrtp_4)
                                         decoder.digit[3] (net)
                  0.08    0.00    0.66 v _165_/A (sky130_fd_sc_hd__nor2_2)
     2    0.03    0.24    0.23    0.89 ^ _165_/Y (sky130_fd_sc_hd__nor2_2)
                                         _066_ (net)
                  0.24    0.00    0.89 ^ _166_/B (sky130_fd_sc_hd__nand2_2)
     3    0.04    0.13    0.14    1.03 v _166_/Y (sky130_fd_sc_hd__nand2_2)
                                         _067_ (net)
                  0.13    0.00    1.03 v _167_/B (sky130_fd_sc_hd__nor2_2)
     3    0.03    0.25    0.24    1.27 ^ _167_/Y (sky130_fd_sc_hd__nor2_2)
                                         _068_ (net)
                  0.25    0.00    1.28 ^ _287_/B1 (sky130_fd_sc_hd__a2111o_1)
     2    0.02    0.14    0.16    1.44 ^ _287_/X (sky130_fd_sc_hd__a2111o_1)
                                         net5 (net)
                  0.14    0.00    1.44 ^ _370_/A (sky130_fd_sc_hd__buf_1)
     1    0.02    0.15    0.15    1.59 ^ _370_/X (sky130_fd_sc_hd__buf_1)
                                         net2 (net)
                  0.15    0.00    1.59 ^ output2/A (sky130_fd_sc_hd__buf_2)
     1    0.03    0.13    0.17    1.76 ^ output2/X (sky130_fd_sc_hd__buf_2)
                                         seg[0] (net)
                  0.13    0.00    1.76 ^ seg[0] (out)
                                  1.76   data arrival time

                         10.00   10.00   clock clk (rise edge)
                          0.00   10.00   clock network delay (propagated)
                         -0.25    9.75   clock uncertainty
                          0.00    9.75   clock reconvergence pessimism
                         -2.00    7.75   output external delay
                                  7.75   data required time
-----------------------------------------------------------------------------
                                  7.75   data required time
                                 -1.76   data arrival time
-----------------------------------------------------------------------------
                                  5.99   slack (MET)



======================= Slowest Corner ===================================

Startpoint: rst (input port clocked by clk)
Endpoint: _340_ (recovery check against rising-edge clock clk)
Path Group: asynchronous
Path Type: max
Corner: Slowest

Fanout     Cap    Slew   Delay    Time   Description
-----------------------------------------------------------------------------
                          0.00    0.00   clock clk (rise edge)
                          0.00    0.00   clock network delay (propagated)
                          2.00    2.00 v input external delay
     1    0.00    0.02    0.01    2.01 v rst (in)
                                         rst (net)
                  0.02    0.00    2.01 v input1/A (sky130_fd_sc_hd__clkbuf_4)
     5    0.07    0.25    0.40    2.41 v input1/X (sky130_fd_sc_hd__clkbuf_4)
                                         net1 (net)
                  0.25    0.00    2.42 v _306_/A (sky130_fd_sc_hd__clkbuf_8)
    10    0.08    0.16    0.45    2.87 v _306_/X (sky130_fd_sc_hd__clkbuf_8)
                                         _160_ (net)
                  0.16    0.01    2.87 v _307_/A (sky130_fd_sc_hd__inv_2)
     1    0.03    0.24    0.28    3.15 ^ _307_/Y (sky130_fd_sc_hd__inv_2)
                                         _038_ (net)
                  0.24    0.00    3.15 ^ _340_/RESET_B (sky130_fd_sc_hd__dfrtp_4)
                                  3.15   data arrival time

                         10.00   10.00   clock clk (rise edge)
                          0.00   10.00   clock source latency
     1    0.02    0.17    0.11   10.11 ^ clk (in)
                                         clk (net)
                  0.17    0.00   10.11 ^ clkbuf_0_clk/A (sky130_fd_sc_hd__clkbuf_16)
     4    0.05    0.11    0.29   10.40 ^ clkbuf_0_clk/X (sky130_fd_sc_hd__clkbuf_16)
                                         clknet_0_clk (net)
                  0.11    0.00   10.40 ^ clkbuf_2_0__f_clk/A (sky130_fd_sc_hd__clkbuf_16)
     9    0.04    0.10    0.25   10.66 ^ clkbuf_2_0__f_clk/X (sky130_fd_sc_hd__clkbuf_16)
                                         clknet_2_0__leaf_clk (net)
                  0.10    0.00   10.66 ^ _340_/CLK (sky130_fd_sc_hd__dfrtp_4)
                         -0.25   10.41   clock uncertainty
                          0.00   10.41   clock reconvergence pessimism
                          0.37   10.78   library recovery time
                                 10.78   data required time
-----------------------------------------------------------------------------
                                 10.78   data required time
                                 -3.15   data arrival time
-----------------------------------------------------------------------------
                                  7.63   slack (MET)


Startpoint: _342_ (rising edge-triggered flip-flop clocked by clk)
Endpoint: _339_ (rising edge-triggered flip-flop clocked by clk)
Path Group: clk
Path Type: max
Corner: Slowest

Fanout     Cap    Slew   Delay    Time   Description
-----------------------------------------------------------------------------
                          0.00    0.00   clock clk (rise edge)
                          0.00    0.00   clock source latency
     1    0.02    0.17    0.12    0.12 ^ clk (in)
                                         clk (net)
                  0.17    0.00    0.12 ^ clkbuf_0_clk/A (sky130_fd_sc_hd__clkbuf_16)
     4    0.05    0.11    0.32    0.45 ^ clkbuf_0_clk/X (sky130_fd_sc_hd__clkbuf_16)
                                         clknet_0_clk (net)
                  0.11    0.00    0.45 ^ clkbuf_2_1__f_clk/A (sky130_fd_sc_hd__clkbuf_16)
    11    0.03    0.09    0.27    0.72 ^ clkbuf_2_1__f_clk/X (sky130_fd_sc_hd__clkbuf_16)
                                         clknet_2_1__leaf_clk (net)
                  0.09    0.00    0.72 ^ _342_/CLK (sky130_fd_sc_hd__dfrtp_2)
     5    0.03    0.19    1.00    1.72 v _342_/Q (sky130_fd_sc_hd__dfrtp_2)
                                         one_second_counter[12] (net)
                  0.19    0.00    1.72 v _180_/C (sky130_fd_sc_hd__and4_1)
     2    0.02    0.21    0.61    2.33 v _180_/X (sky130_fd_sc_hd__and4_1)
                                         _078_ (net)
                  0.21    0.00    2.33 v _181_/D (sky130_fd_sc_hd__or4_2)
     1    0.02    0.34    1.64    3.97 v _181_/X (sky130_fd_sc_hd__or4_2)
                                         _079_ (net)
                  0.34    0.00    3.97 v _184_/A3 (sky130_fd_sc_hd__o31a_1)
     1    0.02    0.25    0.77    4.74 v _184_/X (sky130_fd_sc_hd__o31a_1)
                                         _082_ (net)
                  0.25    0.00    4.74 v _186_/A2 (sky130_fd_sc_hd__o211ai_2)
     2    0.02    0.44    0.51    5.25 ^ _186_/Y (sky130_fd_sc_hd__o211ai_2)
                                         _084_ (net)
                  0.44    0.00    5.25 ^ _187_/A2 (sky130_fd_sc_hd__a21bo_2)
     9    0.05    0.43    0.71    5.96 ^ _187_/X (sky130_fd_sc_hd__a21bo_2)
                                         _085_ (net)
                  0.43    0.00    5.96 ^ _188_/A (sky130_fd_sc_hd__inv_2)
     2    0.02    0.16    0.28    6.24 v _188_/Y (sky130_fd_sc_hd__inv_2)
                                         _086_ (net)
                  0.16    0.00    6.25 v _189_/A (sky130_fd_sc_hd__buf_4)
    10    0.07    0.17    0.42    6.67 v _189_/X (sky130_fd_sc_hd__buf_4)
                                         _027_ (net)
                  0.17    0.00    6.67 v _222_/A (sky130_fd_sc_hd__nor3_1)
     1    0.02    0.87    0.87    7.54 ^ _222_/Y (sky130_fd_sc_hd__nor3_1)
                                         _026_ (net)
                  0.87    0.00    7.54 ^ _339_/D (sky130_fd_sc_hd__dfrtp_2)
                                  7.54   data arrival time

                         10.00   10.00   clock clk (rise edge)
                          0.00   10.00   clock source latency
     1    0.02    0.17    0.11   10.11 ^ clk (in)
                                         clk (net)
                  0.17    0.00   10.11 ^ clkbuf_0_clk/A (sky130_fd_sc_hd__clkbuf_16)
     4    0.05    0.11    0.29   10.40 ^ clkbuf_0_clk/X (sky130_fd_sc_hd__clkbuf_16)
                                         clknet_0_clk (net)
                  0.11    0.00   10.40 ^ clkbuf_2_0__f_clk/A (sky130_fd_sc_hd__clkbuf_16)
     9    0.04    0.10    0.25   10.66 ^ clkbuf_2_0__f_clk/X (sky130_fd_sc_hd__clkbuf_16)
                                         clknet_2_0__leaf_clk (net)
                  0.10    0.00   10.66 ^ _339_/CLK (sky130_fd_sc_hd__dfrtp_2)
                         -0.25   10.41   clock uncertainty
                          0.04   10.45   clock reconvergence pessimism
                         -0.34   10.12   library setup time
                                 10.12   data required time
-----------------------------------------------------------------------------
                                 10.12   data required time
                                 -7.54   data arrival time
-----------------------------------------------------------------------------
                                  2.58   slack (MET)



======================= Typical Corner ===================================

Startpoint: rst (input port clocked by clk)
Endpoint: _340_ (recovery check against rising-edge clock clk)
Path Group: asynchronous
Path Type: max
Corner: Typical

Fanout     Cap    Slew   Delay    Time   Description
-----------------------------------------------------------------------------
                          0.00    0.00   clock clk (rise edge)
                          0.00    0.00   clock network delay (propagated)
                          2.00    2.00 v input external delay
     1    0.00    0.01    0.00    2.00 v rst (in)
                                         rst (net)
                  0.01    0.00    2.00 v input1/A (sky130_fd_sc_hd__clkbuf_4)
     5    0.07    0.14    0.23    2.23 v input1/X (sky130_fd_sc_hd__clkbuf_4)
                                         net1 (net)
                  0.14    0.00    2.24 v _306_/A (sky130_fd_sc_hd__clkbuf_8)
    10    0.08    0.09    0.25    2.48 v _306_/X (sky130_fd_sc_hd__clkbuf_8)
                                         _160_ (net)
                  0.09    0.01    2.49 v _307_/A (sky130_fd_sc_hd__inv_2)
     1    0.03    0.15    0.17    2.66 ^ _307_/Y (sky130_fd_sc_hd__inv_2)
                                         _038_ (net)
                  0.15    0.00    2.66 ^ _340_/RESET_B (sky130_fd_sc_hd__dfrtp_4)
                                  2.66   data arrival time

                         10.00   10.00   clock clk (rise edge)
                          0.00   10.00   clock source latency
     1    0.02    0.11    0.07   10.07 ^ clk (in)
                                         clk (net)
                  0.11    0.00   10.07 ^ clkbuf_0_clk/A (sky130_fd_sc_hd__clkbuf_16)
     4    0.05    0.07    0.16   10.24 ^ clkbuf_0_clk/X (sky130_fd_sc_hd__clkbuf_16)
                                         clknet_0_clk (net)
                  0.07    0.00   10.24 ^ clkbuf_2_0__f_clk/A (sky130_fd_sc_hd__clkbuf_16)
     9    0.04    0.06    0.14   10.38 ^ clkbuf_2_0__f_clk/X (sky130_fd_sc_hd__clkbuf_16)
                                         clknet_2_0__leaf_clk (net)
                  0.06    0.00   10.38 ^ _340_/CLK (sky130_fd_sc_hd__dfrtp_4)
                         -0.25   10.13   clock uncertainty
                          0.00   10.13   clock reconvergence pessimism
                          0.19   10.32   library recovery time
                                 10.32   data required time
-----------------------------------------------------------------------------
                                 10.32   data required time
                                 -2.66   data arrival time
-----------------------------------------------------------------------------
                                  7.66   slack (MET)


Startpoint: _361_ (rising edge-triggered flip-flop clocked by clk)
Endpoint: seg[0] (output port clocked by clk)
Path Group: clk
Path Type: max
Corner: Typical

Fanout     Cap    Slew   Delay    Time   Description
-----------------------------------------------------------------------------
                          0.00    0.00   clock clk (rise edge)
                          0.00    0.00   clock source latency
     1    0.02    0.11    0.08    0.08 ^ clk (in)
                                         clk (net)
                  0.11    0.00    0.08 ^ clkbuf_0_clk/A (sky130_fd_sc_hd__clkbuf_16)
     4    0.05    0.07    0.18    0.26 ^ clkbuf_0_clk/X (sky130_fd_sc_hd__clkbuf_16)
                                         clknet_0_clk (net)
                  0.07    0.00    0.26 ^ clkbuf_2_0__f_clk/A (sky130_fd_sc_hd__clkbuf_16)
     9    0.04    0.06    0.16    0.42 ^ clkbuf_2_0__f_clk/X (sky130_fd_sc_hd__clkbuf_16)
                                         clknet_2_0__leaf_clk (net)
                  0.06    0.00    0.42 ^ _361_/CLK (sky130_fd_sc_hd__dfrtp_4)
     6    0.04    0.11    0.57    0.99 v _361_/Q (sky130_fd_sc_hd__dfrtp_4)
                                         decoder.digit[3] (net)
                  0.11    0.00    1.00 v _165_/A (sky130_fd_sc_hd__nor2_2)
     2    0.03    0.33    0.34    1.33 ^ _165_/Y (sky130_fd_sc_hd__nor2_2)
                                         _066_ (net)
                  0.33    0.00    1.33 ^ _166_/B (sky130_fd_sc_hd__nand2_2)
     3    0.04    0.18    0.24    1.57 v _166_/Y (sky130_fd_sc_hd__nand2_2)
                                         _067_ (net)
                  0.18    0.00    1.57 v _167_/B (sky130_fd_sc_hd__nor2_2)
     3    0.03    0.34    0.34    1.92 ^ _167_/Y (sky130_fd_sc_hd__nor2_2)
                                         _068_ (net)
                  0.34    0.00    1.92 ^ _287_/B1 (sky130_fd_sc_hd__a2111o_1)
     2    0.02    0.18    0.28    2.20 ^ _287_/X (sky130_fd_sc_hd__a2111o_1)
                                         net5 (net)
                  0.18    0.00    2.20 ^ _370_/A (sky130_fd_sc_hd__buf_1)
     1    0.02    0.20    0.23    2.43 ^ _370_/X (sky130_fd_sc_hd__buf_1)
                                         net2 (net)
                  0.20    0.00    2.43 ^ output2/A (sky130_fd_sc_hd__buf_2)
     1    0.03    0.17    0.26    2.69 ^ output2/X (sky130_fd_sc_hd__buf_2)
                                         seg[0] (net)
                  0.17    0.00    2.69 ^ seg[0] (out)
                                  2.69   data arrival time

                         10.00   10.00   clock clk (rise edge)
                          0.00   10.00   clock network delay (propagated)
                         -0.25    9.75   clock uncertainty
                          0.00    9.75   clock reconvergence pessimism
                         -2.00    7.75   output external delay
                                  7.75   data required time
-----------------------------------------------------------------------------
                                  7.75   data required time
                                 -2.69   data arrival time
-----------------------------------------------------------------------------
                                  5.06   slack (MET)




===========================================================================
report_checks --slack_max -0.01
============================================================================
======================= Fastest Corner ===================================

No paths found.

======================= Slowest Corner ===================================

No paths found.

======================= Typical Corner ===================================

No paths found.


===========================================================================
 report_check_types -max_slew -max_cap -max_fanout -violators
============================================================================
======================= Fastest Corner ===================================

max fanout

Pin                                   Limit Fanout  Slack
---------------------------------------------------------
clkbuf_2_1__f_clk/X                      10     11        (VIOLATED)


max slew violations count Fastest: 0
max fanout violations count Fastest: 1
max cap violations count Fastest: 0
======================= Slowest Corner ===================================

max slew

Pin                                    Limit    Slew   Slack
------------------------------------------------------------
_215_/Y                                 0.75    0.97   -0.22 (VIOLATED)
_337_/D                                 0.75    0.97   -0.22 (VIOLATED)
_339_/D                                 0.75    0.87   -0.12 (VIOLATED)
_222_/Y                                 0.75    0.87   -0.12 (VIOLATED)
_209_/Y                                 0.75    0.80   -0.05 (VIOLATED)
_335_/D                                 0.75    0.80   -0.05 (VIOLATED)

max fanout

Pin                                   Limit Fanout  Slack
---------------------------------------------------------
clkbuf_2_1__f_clk/X                      10     11        (VIOLATED)


max slew violations count Slowest: 6
max fanout violations count Slowest: 1
max cap violations count Slowest: 0
======================= Typical Corner ===================================

max fanout

Pin                                   Limit Fanout  Slack
---------------------------------------------------------
clkbuf_2_1__f_clk/X                      10     11        (VIOLATED)


max slew violations count Typical: 0
max fanout violations count Typical: 1
max cap violations count Typical: 0

===========================================================================
report_parasitic_annotation -report_unannotated
============================================================================
Found 11 unannotated drivers.
 ZeroToFiveCounter_10/LO
 ZeroToFiveCounter_11/LO
 ZeroToFiveCounter_12/LO
 ZeroToFiveCounter_13/LO
 ZeroToFiveCounter_14/LO
 ZeroToFiveCounter_15/LO
 ZeroToFiveCounter_16/LO
 ZeroToFiveCounter_9/HI
 clkload0/Y
 clkload1/Y
 clkload2/Y
Found 0 partially unannotated drivers.

===========================================================================
max slew violation count 6
max fanout violation count 1
max cap violation count 0
============================================================================

===========================================================================
check_setup -verbose -unconstrained_endpoints -multiple_clock -no_clock -no_input_delay -loops -generated_clocks
===========================================================================
Warning: There are 8 unconstrained endpoints.
  an[0]
  an[1]
  an[2]
  an[3]
  an[4]
  an[5]
  an[6]
  an[7]
