
===========================================================================
report_checks -unconstrained
===========================================================================
======================= Typical Corner ===================================

No paths found.


===========================================================================
report_checks --slack_max -0.01
============================================================================
======================= Typical Corner ===================================

No paths found.


===========================================================================
 report_check_types -max_slew -max_cap -max_fanout -violators
============================================================================
======================= Typical Corner ===================================


max slew violations count Typical: 0
max fanout violations count Typical: 0
max cap violations count Typical: 0

===========================================================================
report_parasitic_annotation -report_unannotated
============================================================================
Found 46 unannotated drivers.
 clk
 control
 reset
 five_1/HI
 five_10/HI
 five_11/HI
 five_12/HI
 five_13/HI
 five_14/HI
 five_15/HI
 five_16/HI
 five_17/HI
 five_18/HI
 five_19/HI
 five_2/HI
 five_20/HI
 five_21/HI
 five_22/HI
 five_23/HI
 five_24/HI
 five_25/HI
 five_26/HI
 five_27/HI
 five_28/HI
 five_29/HI
 five_3/HI
 five_30/HI
 five_31/HI
 five_32/HI
 five_33/HI
 five_34/HI
 five_35/HI
 five_36/HI
 five_37/HI
 five_38/HI
 five_39/HI
 five_4/HI
 five_40/HI
 five_41/LO
 five_42/LO
 five_43/LO
 five_5/HI
 five_6/HI
 five_7/HI
 five_8/HI
 five_9/HI
Found 0 partially unannotated drivers.

===========================================================================
max slew violation count 0
max fanout violation count 0
max cap violation count 0
============================================================================

===========================================================================
check_setup -verbose -unconstrained_endpoints -multiple_clock -no_clock -no_input_delay -loops -generated_clocks
===========================================================================
Warning: There are 2 input ports missing set_input_delay.
  control
  reset
Warning: There are 43 unconstrained endpoints.
  an[0]
  an[1]
  an[2]
  an[3]
  result[0]
  result[10]
  result[11]
  result[12]
  result[13]
  result[14]
  result[15]
  result[16]
  result[17]
  result[18]
  result[19]
  result[1]
  result[20]
  result[21]
  result[22]
  result[23]
  result[24]
  result[25]
  result[26]
  result[27]
  result[28]
  result[29]
  result[2]
  result[30]
  result[31]
  result[3]
  result[4]
  result[5]
  result[6]
  result[7]
  result[8]
  result[9]
  seg_out[0]
  seg_out[1]
  seg_out[2]
  seg_out[3]
  seg_out[4]
  seg_out[5]
  seg_out[6]
